Archive member included because of file (symbol)

C:\Users\khlee\AppData\Local\arduino15\packages\arduino\hardware\sam\1.6.11\variants\arduino_due_x/libsam_sam3x8e_gcc_rel.a(pio.o)
                              C:\Users\khlee\AppData\Local\Temp\VMBuilds\PPVC_ControlV10\arduino_due_x_dbg\Debug\Wire\Wire.cpp.o (PIO_Configure)
C:\Users\khlee\AppData\Local\arduino15\packages\arduino\hardware\sam\1.6.11\variants\arduino_due_x/libsam_sam3x8e_gcc_rel.a(pmc.o)
                              C:\Users\khlee\AppData\Local\Temp\VMBuilds\PPVC_ControlV10\arduino_due_x_dbg\Debug\Wire\Wire.cpp.o (pmc_enable_periph_clk)
C:\Users\khlee\AppData\Local\arduino15\packages\arduino\hardware\sam\1.6.11\variants\arduino_due_x/libsam_sam3x8e_gcc_rel.a(tc.o)
                              C:\Users\khlee\AppData\Local\Temp\VMBuilds\PPVC_ControlV10\arduino_due_x_dbg\Debug\DueTimer-master\DueTimer.cpp.o (TC_Configure)
C:\Users\khlee\AppData\Local\arduino15\packages\arduino\hardware\sam\1.6.11\variants\arduino_due_x/libsam_sam3x8e_gcc_rel.a(twi.o)
                              C:\Users\khlee\AppData\Local\Temp\VMBuilds\PPVC_ControlV10\arduino_due_x_dbg\Debug\Wire\Wire.cpp.o (TWI_SetClock)
C:\Users\khlee\AppData\Local\arduino15\packages\arduino\hardware\sam\1.6.11\variants\arduino_due_x/libsam_sam3x8e_gcc_rel.a(system_sam3xa.o)
                              C:\Users\khlee\AppData\Local\Temp\VMBCore\arduino16x\2e3b066dd31e5e5bbe281843617be094\variant\variant.cpp.o (SystemInit)
C:\Users\khlee\AppData\Local\arduino15\packages\arduino\hardware\sam\1.6.11\variants\arduino_due_x/libsam_sam3x8e_gcc_rel.a(startup_sam3xa.o)
                              (Reset_Handler)
C:\Users\khlee\AppData\Local\arduino15\packages\arduino\hardware\sam\1.6.11\variants\arduino_due_x/libsam_sam3x8e_gcc_rel.a(adc.o)
                              C:\Users\khlee\AppData\Local\Temp\VMBCore\arduino16x\2e3b066dd31e5e5bbe281843617be094\variant\variant.cpp.o (adc_init)
C:\Users\khlee\AppData\Local\arduino15\packages\arduino\hardware\sam\1.6.11\variants\arduino_due_x/libsam_sam3x8e_gcc_rel.a(uotghs.o)
                              C:\Users\khlee\AppData\Local\arduino15\packages\arduino\hardware\sam\1.6.11\variants\arduino_due_x/libsam_sam3x8e_gcc_rel.a(startup_sam3xa.o) (UOTGHS_Handler)
C:\Users\khlee\AppData\Local\Temp\VMBuilds\PPVC_ControlV10\arduino_due_x_dbg\Debug/core.a(cortex_handlers.c.o)
                              C:\Users\khlee\AppData\Local\arduino15\packages\arduino\hardware\sam\1.6.11\variants\arduino_due_x/libsam_sam3x8e_gcc_rel.a(startup_sam3xa.o) (NMI_Handler)
C:\Users\khlee\AppData\Local\Temp\VMBuilds\PPVC_ControlV10\arduino_due_x_dbg\Debug/core.a(hooks.c.o)
                              C:\Users\khlee\AppData\Local\Temp\VMBuilds\PPVC_ControlV10\arduino_due_x_dbg\Debug/core.a(cortex_handlers.c.o) (sysTickHook)
C:\Users\khlee\AppData\Local\Temp\VMBuilds\PPVC_ControlV10\arduino_due_x_dbg\Debug/core.a(syscalls_sam3.c.o)
                              (_sbrk)
C:\Users\khlee\AppData\Local\Temp\VMBuilds\PPVC_ControlV10\arduino_due_x_dbg\Debug/core.a(WInterrupts.c.o)
                              C:\Users\khlee\AppData\Local\Temp\VMBuilds\PPVC_ControlV10\arduino_due_x_dbg\Debug\PPVC_ControlV10.cpp.o (attachInterrupt)
C:\Users\khlee\AppData\Local\Temp\VMBuilds\PPVC_ControlV10\arduino_due_x_dbg\Debug/core.a(wiring.c.o)
                              C:\Users\khlee\AppData\Local\Temp\VMBuilds\PPVC_ControlV10\arduino_due_x_dbg\Debug\PPVC_ControlV10.cpp.o (millis)
C:\Users\khlee\AppData\Local\Temp\VMBuilds\PPVC_ControlV10\arduino_due_x_dbg\Debug/core.a(wiring_analog.c.o)
                              C:\Users\khlee\AppData\Local\Temp\VMBCore\arduino16x\2e3b066dd31e5e5bbe281843617be094\variant\variant.cpp.o (analogOutputInit)
C:\Users\khlee\AppData\Local\Temp\VMBuilds\PPVC_ControlV10\arduino_due_x_dbg\Debug/core.a(wiring_digital.c.o)
                              C:\Users\khlee\AppData\Local\Temp\VMBuilds\PPVC_ControlV10\arduino_due_x_dbg\Debug\PPVC_ControlV10.cpp.o (pinMode)
C:\Users\khlee\AppData\Local\Temp\VMBuilds\PPVC_ControlV10\arduino_due_x_dbg\Debug/core.a(abi.cpp.o)
                              C:\Users\khlee\AppData\Local\Temp\VMBuilds\PPVC_ControlV10\arduino_due_x_dbg\Debug\Wire\Wire.cpp.o (__cxa_pure_virtual)
C:\Users\khlee\AppData\Local\Temp\VMBuilds\PPVC_ControlV10\arduino_due_x_dbg\Debug/core.a(main.cpp.o)
                              c:/users/khlee/appdata/local/arduino15/packages/arduino/tools/arm-none-eabi-gcc/4.8.3-2014q1/bin/../lib/gcc/arm-none-eabi/4.8.3/../../../../arm-none-eabi/lib/armv7-m/crt0.o (main)
C:\Users\khlee\AppData\Local\Temp\VMBuilds\PPVC_ControlV10\arduino_due_x_dbg\Debug/core.a(Print.cpp.o)
                              C:\Users\khlee\AppData\Local\Temp\VMBuilds\PPVC_ControlV10\arduino_due_x_dbg\Debug\Wire\Wire.cpp.o (Print::write(unsigned char const*, unsigned int))
C:\Users\khlee\AppData\Local\Temp\VMBuilds\PPVC_ControlV10\arduino_due_x_dbg\Debug/core.a(Reset.cpp.o)
[...]
Memory Configuration

Name             Origin             Length             Attributes
rom              0x00080000         0x00080000         xr
sram0            0x20000000         0x00010000         xrw
sram1            0x20080000         0x00008000         xrw
ram              0x20070000         0x00018000         xrw
*default*        0x00000000         0xffffffff

Linker script and memory map

LOAD c:/users/khlee/appdata/local/arduino15/packages/arduino/tools/arm-none-eabi-gcc/4.8.3-2014q1/bin/../lib/gcc/arm-none-eabi/4.8.3/armv7-m/crti.o
LOAD c:/users/khlee/appdata/local/arduino15/packages/arduino/tools/arm-none-eabi-gcc/4.8.3-2014q1/bin/../lib/gcc/arm-none-eabi/4.8.3/armv7-m/crtbegin.o
LOAD c:/users/khlee/appdata/local/arduino15/packages/arduino/tools/arm-none-eabi-gcc/4.8.3-2014q1/bin/../lib/gcc/arm-none-eabi/4.8.3/../../../../arm-none-eabi/lib/armv7-m/crt0.o
START GROUP
LOAD C:\Users\khlee\AppData\Local\Temp\VMBuilds\PPVC_ControlV10\arduino_due_x_dbg\Debug\PPVC_ControlV10.cpp.o
LOAD C:\Users\khlee\AppData\Local\Temp\VMBuilds\PPVC_ControlV10\arduino_due_x_dbg\Debug\Wire\Wire.cpp.o
LOAD C:\Users\khlee\AppData\Local\Temp\VMBuilds\PPVC_ControlV10\arduino_due_x_dbg\Debug\KalmanFilter-master\Kalman.cpp.o
LOAD C:\Users\khlee\AppData\Local\Temp\VMBuilds\PPVC_ControlV10\arduino_due_x_dbg\Debug\MPU6050\MPU6050.cpp.o
LOAD C:\Users\khlee\AppData\Local\Temp\VMBuilds\PPVC_ControlV10\arduino_due_x_dbg\Debug\I2Cdev\I2Cdev.cpp.o
LOAD C:\Users\khlee\AppData\Local\Temp\VMBuilds\PPVC_ControlV10\arduino_due_x_dbg\Debug\Encoder-1.4.1\Encoder.cpp.o
LOAD C:\Users\khlee\AppData\Local\Temp\VMBuilds\PPVC_ControlV10\arduino_due_x_dbg\Debug\Arduino-PID-Library-master\PID_v1.cpp.o
LOAD C:\Users\khlee\AppData\Local\Temp\VMBuilds\PPVC_ControlV10\arduino_due_x_dbg\Debug\DueTimer-master\DueTimer.cpp.o
LOAD C:\Users\khlee\AppData\Local\Temp\VMBuilds\PPVC_ControlV10\arduino_due_x_dbg\Debug\VM_DBG\VM_DBG.cpp.o
LOAD C:\Users\khlee\AppData\Local\Temp\VMBCore\arduino16x\2e3b066dd31e5e5bbe281843617be094\variant\variant.cpp.o
LOAD C:\Users\khlee\AppData\Local\arduino15\packages\arduino\hardware\sam\1.6.11\variants\arduino_due_x/libsam_sam3x8e_gcc_rel.a
LOAD C:\Users\khlee\AppData\Local\Temp\VMBuilds\PPVC_ControlV10\arduino_due_x_dbg\Debug/core.a
END GROUP
LOAD c:/users/khlee/appdata/local/arduino15/packages/arduino/tools/arm-none-eabi-gcc/4.8.3-2014q1/bin/../lib/gcc/arm-none-eabi/4.8.3/../../../../arm-none-eabi/lib/armv7-m\libm.a
START GROUP
LOAD c:/users/khlee/appdata/local/arduino15/packages/arduino/tools/arm-none-eabi-gcc/4.8.3-2014q1/bin/../lib/gcc/arm-none-eabi/4.8.3/armv7-m\libgcc.a
LOAD c:/users/khlee/appdata/local/arduino15/packages/arduino/tools/arm-none-eabi-gcc/4.8.3-2014q1/bin/../lib/gcc/arm-none-eabi/4.8.3/../../../../arm-none-eabi/lib/armv7-m\libg.a
LOAD c:/users/khlee/appdata/local/arduino15/packages/arduino/tools/arm-none-eabi-gcc/4.8.3-2014q1/bin/../lib/gcc/arm-none-eabi/4.8.3/../../../../arm-none-eabi/lib/armv7-m\libc.a
END GROUP
LOAD c:/users/khlee/appdata/local/arduino15/packages/arduino/tools/arm-none-eabi-gcc/4.8.3-2014q1/bin/../lib/gcc/arm-none-eabi/4.8.3/armv7-m/crtend.o
LOAD c:/users/khlee/appdata/local/arduino15/packages/arduino/tools/arm-none-eabi-gcc/4.8.3-2014q1/bin/../lib/gcc/arm-none-eabi/4.8.3/armv7-m/crtn.o

.text           0x00080000     0xea24
                0x00080000                . = ALIGN (0x4)
                0x00080000                _sfixed = .
 *(.vectors .vectors.*)
 .vectors       0x00080000       0xf4 C:\Users\khlee\AppData\Local\arduino15\packages\arduino\hardware\sam\1.6.11\variants\arduino_due_x/libsam_sam3x8e_gcc_rel.a(startup_sam3xa.o)
                0x00080000                exception_table
 *(.text .text.* .gnu.linkonce.t.*)
 .text          0x000800f4       0x54 c:/users/khlee/appdata/local/arduino15/packages/arduino/tools/arm-none-eabi-gcc/4.8.3-2014q1/bin/../lib/gcc/arm-none-eabi/4.8.3/armv7-m/crtbegin.o
 .text._ZL4waitm
                0x00080148       0x30 C:\Users\khlee\AppData\Local\Temp\VMBuilds\PPVC_ControlV10\arduino_due_x_dbg\Debug\PPVC_ControlV10.cpp.o
 .text._ZL17updateSerialESTOPv
                0x00080178       0x34 C:\Users\khlee\AppData\Local\Temp\VMBuilds\PPVC_ControlV10\arduino_due_x_dbg\Debug\PPVC_ControlV10.cpp.o
 .text._ZL14updateSerialOBv
                0x000801ac      0x14c C:\Users\khlee\AppData\Local\Temp\VMBuilds\PPVC_ControlV10\arduino_due_x_dbg\Debug\PPVC_ControlV10.cpp.o
 .text._ZL9MPU_printv
                0x000802f8       0x70 C:\Users\khlee\AppData\Local\Temp\VMBuilds\PPVC_ControlV10\arduino_due_x_dbg\Debug\PPVC_ControlV10.cpp.o
 .text._ZL14LOADCELL_printv
                0x00080368       0x5c C:\Users\khlee\AppData\Local\Temp\VMBuilds\PPVC_ControlV10\arduino_due_x_dbg\Debug\PPVC_ControlV10.cpp.o
 .text._ZL9MOTOR_offi
                0x000803c4       0x34 C:\Users\khlee\AppData\Local\Temp\VMBuilds\PPVC_ControlV10\arduino_due_x_dbg\Debug\PPVC_ControlV10.cpp.o
 .text._ZL7PID_endv
                0x000803f8       0x24 C:\Users\khlee\AppData\Local\Temp\VMBuilds\PPVC_ControlV10\arduino_due_x_dbg\Debug\PPVC_ControlV10.cpp.o
 .text._ZL9MOTOR_offv
                0x0008041c       0x34 C:\Users\khlee\AppData\Local\Temp\VMBuilds\PPVC_ControlV10\arduino_due_x_dbg\Debug\PPVC_ControlV10.cpp.o
 .text._ZL12MPU_turnCalcddPiS_
                0x00080450      0x108 C:\Users\khlee\AppData\Local\Temp\VMBuilds\PPVC_ControlV10\arduino_due_x_dbg\Debug\PPVC_ControlV10.cpp.o
 .text._ZL12checkHighestdd
                0x00080558       0xa8 C:\Users\khlee\AppData\Local\Temp\VMBuilds\PPVC_ControlV10\arduino_due_x_dbg\Debug\PPVC_ControlV10.cpp.o
 .text._ZL10MOTOR_turnii.part.1
                0x00080600       0x60 C:\Users\khlee\AppData\Local\Temp\VMBuilds\PPVC_ControlV10\arduino_due_x_dbg\Debug\PPVC_ControlV10.cpp.o
 .text._ZL10MOTOR_turnii
                0x00080660       0x64 C:\Users\khlee\AppData\Local\Temp\VMBuilds\PPVC_ControlV10\arduino_due_x_dbg\Debug\PPVC_ControlV10.cpp.o
 .text._ZN7Encoder6updateEP24Encoder_internal_state_t
                0x000806c4       0x5c C:\Users\khlee\AppData\Local\Temp\VMBuilds\PPVC_ControlV10\arduino_due_x_dbg\Debug\PPVC_ControlV10.cpp.o
                0x000806c4                Encoder::update(Encoder_internal_state_t*)
 .text._ZL14ENCODER_updatei
                0x00080720       0x50 C:\Users\khlee\AppData\Local\Temp\VMBuilds\PPVC_ControlV10\arduino_due_x_dbg\Debug\PPVC_ControlV10.cpp.o
 .text._ZL13ENCODER_printv
                0x00080770       0x84 C:\Users\khlee\AppData\Local\Temp\VMBuilds\PPVC_ControlV10\arduino_due_x_dbg\Debug\PPVC_ControlV10.cpp.o
 .text._ZL10MOTOR_loopv
                0x000807f4       0x70 C:\Users\khlee\AppData\Local\Temp\VMBuilds\PPVC_ControlV10\arduino_due_x_dbg\Debug\PPVC_ControlV10.cpp.o
 .text._ZN7Encoder5isr53Ev
                0x00080864       0x14 C:\Users\khlee\AppData\Local\Temp\VMBuilds\PPVC_ControlV10\arduino_due_x_dbg\Debug\PPVC_ControlV10.cpp.o
                0x00080864                Encoder::isr53()
 .text._ZN7Encoder5isr52Ev
                0x00080878       0x14 C:\Users\khlee\AppData\Local\Temp\VMBuilds\PPVC_ControlV10\arduino_due_x_dbg\Debug\PPVC_ControlV10.cpp.o
                0x00080878                Encoder::isr52()
 .text._ZN7Encoder5isr51Ev
                0x0008088c       0x14 C:\Users\khlee\AppData\Local\Temp\VMBuilds\PPVC_ControlV10\arduino_due_x_dbg\Debug\PPVC_ControlV10.cpp.o
                0x0008088c                Encoder::isr51()
 .text._ZN7Encoder5isr50Ev
                0x000808a0       0x14 C:\Users\khlee\AppData\Local\Temp\VMBuilds\PPVC_ControlV10\arduino_due_x_dbg\Debug\PPVC_ControlV10.cpp.o
                0x000808a0                Encoder::isr50()
 .text._ZN7Encoder5isr49Ev
                0x000808b4       0x14 C:\Users\khlee\AppData\Local\Temp\VMBuilds\PPVC_ControlV10\arduino_due_x_dbg\Debug\PPVC_ControlV10.cpp.o
                0x000808b4                Encoder::isr49()
 .text._ZN7Encoder5isr48Ev
                0x000808c8       0x14 C:\Users\khlee\AppData\Local\Temp\VMBuilds\PPVC_ControlV10\arduino_due_x_dbg\Debug\PPVC_ControlV10.cpp.o
                0x000808c8                Encoder::isr48()
 .text._ZN7Encoder5isr47Ev
                0x000808dc       0x14 C:\Users\khlee\AppData\Local\Temp\VMBuilds\PPVC_ControlV10\arduino_due_x_dbg\Debug\PPVC_ControlV10.cpp.o
                0x000808dc                Encoder::isr47()
 .text._ZN7Encoder5isr46Ev
                0x000808f0       0x14 C:\Users\khlee\AppData\Local\Temp\VMBuilds\PPVC_ControlV10\arduino_due_x_dbg\Debug\PPVC_ControlV10.cpp.o
                0x000808f0                Encoder::isr46()
 .text._ZN7Encoder5isr45Ev
                0x00080904       0x14 C:\Users\khlee\AppData\Local\Temp\VMBuilds\PPVC_ControlV10\arduino_due_x_dbg\Debug\PPVC_ControlV10.cpp.o
                0x00080904                Encoder::isr45()
 .text._ZN7Encoder5isr44Ev
                0x00080918       0x14 C:\Users\khlee\AppData\Local\Temp\VMBuilds\PPVC_ControlV10\arduino_due_x_dbg\Debug\PPVC_ControlV10.cpp.o
                0x00080918                Encoder::isr44()
 .text._ZN7Encoder5isr43Ev
                0x0008092c       0x14 C:\Users\khlee\AppData\Local\Temp\VMBuilds\PPVC_ControlV10\arduino_due_x_dbg\Debug\PPVC_ControlV10.cpp.o
                0x0008092c                Encoder::isr43()
 .text._ZN7Encoder5isr42Ev
                0x00080940       0x14 C:\Users\khlee\AppData\Local\Temp\VMBuilds\PPVC_ControlV10\arduino_due_x_dbg\Debug\PPVC_ControlV10.cpp.o
                0x00080940                Encoder::isr42()
 .text._ZN7Encoder5isr41Ev
                0x00080954       0x14 C:\Users\khlee\AppData\Local\Temp\VMBuilds\PPVC_ControlV10\arduino_due_x_dbg\Debug\PPVC_ControlV10.cpp.o
                0x00080954                Encoder::isr41()
 .text._ZN7Encoder5isr40Ev
                0x00080968       0x14 C:\Users\khlee\AppData\Local\Temp\VMBuilds\PPVC_ControlV10\arduino_due_x_dbg\Debug\PPVC_ControlV10.cpp.o
                0x00080968                Encoder::isr40()
 .text._ZN7Encoder5isr39Ev
                0x0008097c       0x14 C:\Users\khlee\AppData\Local\Temp\VMBuilds\PPVC_ControlV10\arduino_due_x_dbg\Debug\PPVC_ControlV10.cpp.o
                0x0008097c                Encoder::isr39()
 .text._ZN7Encoder5isr38Ev
                0x00080990       0x14 C:\Users\khlee\AppData\Local\Temp\VMBuilds\PPVC_ControlV10\arduino_due_x_dbg\Debug\PPVC_ControlV10.cpp.o
                0x00080990                Encoder::isr38()
 .text._ZN7Encoder5isr37Ev
                0x000809a4       0x14 C:\Users\khlee\AppData\Local\Temp\VMBuilds\PPVC_ControlV10\arduino_due_x_dbg\Debug\PPVC_ControlV10.cpp.o
                0x000809a4                Encoder::isr37()
 .text._ZN7Encoder5isr36Ev
                0x000809b8       0x14 C:\Users\khlee\AppData\Local\Temp\VMBuilds\PPVC_ControlV10\arduino_due_x_dbg\Debug\PPVC_ControlV10.cpp.o
                0x000809b8                Encoder::isr36()
 .text._ZN7Encoder5isr35Ev
                0x000809cc       0x14 C:\Users\khlee\AppData\Local\Temp\VMBuilds\PPVC_ControlV10\arduino_due_x_dbg\Debug\PPVC_ControlV10.cpp.o
                0x000809cc                Encoder::isr35()
 .text._ZN7Encoder5isr34Ev
                0x000809e0       0x14 C:\Users\khlee\AppData\Local\Temp\VMBuilds\PPVC_ControlV10\arduino_due_x_dbg\Debug\PPVC_ControlV10.cpp.o
                0x000809e0                Encoder::isr34()
 .text._ZN7Encoder5isr33Ev
                0x000809f4       0x14 C:\Users\khlee\AppData\Local\Temp\VMBuilds\PPVC_ControlV10\arduino_due_x_dbg\Debug\PPVC_ControlV10.cpp.o
                0x000809f4                Encoder::isr33()
 .text._ZN7Encoder5isr32Ev
                0x00080a08       0x14 C:\Users\khlee\AppData\Local\Temp\VMBuilds\PPVC_ControlV10\arduino_due_x_dbg\Debug\PPVC_ControlV10.cpp.o
                0x00080a08                Encoder::isr32()
 .text._ZN7Encoder5isr31Ev
                0x00080a1c       0x10 C:\Users\khlee\AppData\Local\Temp\VMBuilds\PPVC_ControlV10\arduino_due_x_dbg\Debug\PPVC_ControlV10.cpp.o
                0x00080a1c                Encoder::isr31()
 .text._ZN7Encoder5isr30Ev
                0x00080a2c       0x10 C:\Users\khlee\AppData\Local\Temp\VMBuilds\PPVC_ControlV10\arduino_due_x_dbg\Debug\PPVC_ControlV10.cpp.o
                0x00080a2c                Encoder::isr30()
 .text._ZN7Encoder5isr29Ev
                0x00080a3c       0x10 C:\Users\khlee\AppData\Local\Temp\VMBuilds\PPVC_ControlV10\arduino_due_x_dbg\Debug\PPVC_ControlV10.cpp.o
                0x00080a3c                Encoder::isr29()
 .text._ZN7Encoder5isr28Ev
                0x00080a4c       0x10 C:\Users\khlee\AppData\Local\Temp\VMBuilds\PPVC_ControlV10\arduino_due_x_dbg\Debug\PPVC_ControlV10.cpp.o
                0x00080a4c                Encoder::isr28()
 .text._ZN7Encoder5isr27Ev
                0x00080a5c       0x10 C:\Users\khlee\AppData\Local\Temp\VMBuilds\PPVC_ControlV10\arduino_due_x_dbg\Debug\PPVC_ControlV10.cpp.o
                0x00080a5c                Encoder::isr27()
 .text._ZN7Encoder5isr26Ev
                0x00080a6c       0x10 C:\Users\khlee\AppData\Local\Temp\VMBuilds\PPVC_ControlV10\arduino_due_x_dbg\Debug\PPVC_ControlV10.cpp.o
                0x00080a6c                Encoder::isr26()
 .text._ZN7Encoder5isr25Ev
                0x00080a7c       0x10 C:\Users\khlee\AppData\Local\Temp\VMBuilds\PPVC_ControlV10\arduino_due_x_dbg\Debug\PPVC_ControlV10.cpp.o
                0x00080a7c                Encoder::isr25()
 .text._ZN7Encoder5isr24Ev
                0x00080a8c       0x10 C:\Users\khlee\AppData\Local\Temp\VMBuilds\PPVC_ControlV10\arduino_due_x_dbg\Debug\PPVC_ControlV10.cpp.o
                0x00080a8c                Encoder::isr24()
 .text._ZN7Encoder5isr23Ev
                0x00080a9c       0x10 C:\Users\khlee\AppData\Local\Temp\VMBuilds\PPVC_ControlV10\arduino_due_x_dbg\Debug\PPVC_ControlV10.cpp.o
                0x00080a9c                Encoder::isr23()
 .text._ZN7Encoder5isr22Ev
                0x00080aac       0x10 C:\Users\khlee\AppData\Local\Temp\VMBuilds\PPVC_ControlV10\arduino_due_x_dbg\Debug\PPVC_ControlV10.cpp.o
                0x00080aac                Encoder::isr22()
 .text._ZN7Encoder5isr21Ev
                0x00080abc       0x10 C:\Users\khlee\AppData\Local\Temp\VMBuilds\PPVC_ControlV10\arduino_due_x_dbg\Debug\PPVC_ControlV10.cpp.o
                0x00080abc                Encoder::isr21()
 .text._ZN7Encoder5isr20Ev
                0x00080acc       0x10 C:\Users\khlee\AppData\Local\Temp\VMBuilds\PPVC_ControlV10\arduino_due_x_dbg\Debug\PPVC_ControlV10.cpp.o
                0x00080acc                Encoder::isr20()
 .text._ZN7Encoder5isr19Ev
                0x00080adc       0x10 C:\Users\khlee\AppData\Local\Temp\VMBuilds\PPVC_ControlV10\arduino_due_x_dbg\Debug\PPVC_ControlV10.cpp.o
                0x00080adc                Encoder::isr19()
 .text._ZN7Encoder5isr18Ev
                0x00080aec       0x10 C:\Users\khlee\AppData\Local\Temp\VMBuilds\PPVC_ControlV10\arduino_due_x_dbg\Debug\PPVC_ControlV10.cpp.o
                0x00080aec                Encoder::isr18()
 .text._ZN7Encoder5isr17Ev
                0x00080afc       0x10 C:\Users\khlee\AppData\Local\Temp\VMBuilds\PPVC_ControlV10\arduino_due_x_dbg\Debug\PPVC_ControlV10.cpp.o
                0x00080afc                Encoder::isr17()
 .text._ZN7Encoder5isr16Ev
                0x00080b0c       0x10 C:\Users\khlee\AppData\Local\Temp\VMBuilds\PPVC_ControlV10\arduino_due_x_dbg\Debug\PPVC_ControlV10.cpp.o
                0x00080b0c                Encoder::isr16()
 .text._ZN7Encoder5isr15Ev
                0x00080b1c       0x10 C:\Users\khlee\AppData\Local\Temp\VMBuilds\PPVC_ControlV10\arduino_due_x_dbg\Debug\PPVC_ControlV10.cpp.o
                0x00080b1c                Encoder::isr15()
 .text._ZN7Encoder5isr14Ev
                0x00080b2c       0x10 C:\Users\khlee\AppData\Local\Temp\VMBuilds\PPVC_ControlV10\arduino_due_x_dbg\Debug\PPVC_ControlV10.cpp.o
                0x00080b2c                Encoder::isr14()
 .text._ZN7Encoder5isr13Ev
                0x00080b3c       0x10 C:\Users\khlee\AppData\Local\Temp\VMBuilds\PPVC_ControlV10\arduino_due_x_dbg\Debug\PPVC_ControlV10.cpp.o
                0x00080b3c                Encoder::isr13()
 .text._ZN7Encoder5isr12Ev
                0x00080b4c       0x10 C:\Users\khlee\AppData\Local\Temp\VMBuilds\PPVC_ControlV10\arduino_due_x_dbg\Debug\PPVC_ControlV10.cpp.o
                0x00080b4c                Encoder::isr12()
 .text._ZN7Encoder5isr11Ev
                0x00080b5c       0x10 C:\Users\khlee\AppData\Local\Temp\VMBuilds\PPVC_ControlV10\arduino_due_x_dbg\Debug\PPVC_ControlV10.cpp.o
                0x00080b5c                Encoder::isr11()
 .text._ZN7Encoder5isr10Ev
                0x00080b6c       0x10 C:\Users\khlee\AppData\Local\Temp\VMBuilds\PPVC_ControlV10\arduino_due_x_dbg\Debug\PPVC_ControlV10.cpp.o
                0x00080b6c                Encoder::isr10()
 .text._ZN7Encoder4isr9Ev
                0x00080b7c       0x10 C:\Users\khlee\AppData\Local\Temp\VMBuilds\PPVC_ControlV10\arduino_due_x_dbg\Debug\PPVC_ControlV10.cpp.o
                0x00080b7c                Encoder::isr9()
 .text._ZN7Encoder4isr8Ev
                0x00080b8c       0x10 C:\Users\khlee\AppData\Local\Temp\VMBuilds\PPVC_ControlV10\arduino_due_x_dbg\Debug\PPVC_ControlV10.cpp.o
                0x00080b8c                Encoder::isr8()
 .text._ZN7Encoder4isr7Ev
                0x00080b9c       0x10 C:\Users\khlee\AppData\Local\Temp\VMBuilds\PPVC_ControlV10\arduino_due_x_dbg\Debug\PPVC_ControlV10.cpp.o
                0x00080b9c                Encoder::isr7()
 .text._ZN7Encoder4isr6Ev
                0x00080bac       0x10 C:\Users\khlee\AppData\Local\Temp\VMBuilds\PPVC_ControlV10\arduino_due_x_dbg\Debug\PPVC_ControlV10.cpp.o
                0x00080bac                Encoder::isr6()
 .text._ZN7Encoder4isr5Ev
                0x00080bbc       0x10 C:\Users\khlee\AppData\Local\Temp\VMBuilds\PPVC_ControlV10\arduino_due_x_dbg\Debug\PPVC_ControlV10.cpp.o
                0x00080bbc                Encoder::isr5()
 .text._ZN7Encoder4isr4Ev
                0x00080bcc       0x10 C:\Users\khlee\AppData\Local\Temp\VMBuilds\PPVC_ControlV10\arduino_due_x_dbg\Debug\PPVC_ControlV10.cpp.o
                0x00080bcc                Encoder::isr4()
 .text._ZN7Encoder4isr3Ev
                0x00080bdc       0x10 C:\Users\khlee\AppData\Local\Temp\VMBuilds\PPVC_ControlV10\arduino_due_x_dbg\Debug\PPVC_ControlV10.cpp.o
                0x00080bdc                Encoder::isr3()
 .text._ZN7Encoder4isr2Ev
                0x00080bec       0x10 C:\Users\khlee\AppData\Local\Temp\VMBuilds\PPVC_ControlV10\arduino_due_x_dbg\Debug\PPVC_ControlV10.cpp.o
                0x00080bec                Encoder::isr2()
 .text._ZN7Encoder4isr1Ev
                0x00080bfc       0x10 C:\Users\khlee\AppData\Local\Temp\VMBuilds\PPVC_ControlV10\arduino_due_x_dbg\Debug\PPVC_ControlV10.cpp.o
                0x00080bfc                Encoder::isr1()
 .text._ZN7Encoder4isr0Ev
                0x00080c0c       0x10 C:\Users\khlee\AppData\Local\Temp\VMBuilds\PPVC_ControlV10\arduino_due_x_dbg\Debug\PPVC_ControlV10.cpp.o
                0x00080c0c                Encoder::isr0()
 .text._ZN7Encoder16attach_interruptEhP24Encoder_internal_state_t
                0x00080c1c      0x3ac C:\Users\khlee\AppData\Local\Temp\VMBuilds\PPVC_ControlV10\arduino_due_x_dbg\Debug\PPVC_ControlV10.cpp.o
                0x00080c1c                Encoder::attach_interrupt(unsigned char, Encoder_internal_state_t*)
 .text._ZN7EncoderC2Ehh
                0x00080fc8       0x88 C:\Users\khlee\AppData\Local\Temp\VMBuilds\PPVC_ControlV10\arduino_due_x_dbg\Debug\PPVC_ControlV10.cpp.o
                0x00080fc8                Encoder::Encoder(unsigned char, unsigned char)
                0x00080fc8                Encoder::Encoder(unsigned char, unsigned char)
 .text.startup._GLOBAL__sub_I__ZN7MPU605013dmpInitializeEv
                0x00081050      0x164 C:\Users\khlee\AppData\Local\Temp\VMBuilds\PPVC_ControlV10\arduino_due_x_dbg\Debug\PPVC_ControlV10.cpp.o
 .text._ZL13getDataFromOBv
                0x000811b4      0x114 C:\Users\khlee\AppData\Local\Temp\VMBuilds\PPVC_ControlV10\arduino_due_x_dbg\Debug\PPVC_ControlV10.cpp.o
 .text.setup    0x000812c8      0x200 C:\Users\khlee\AppData\Local\Temp\VMBuilds\PPVC_ControlV10\arduino_due_x_dbg\Debug\PPVC_ControlV10.cpp.o
                0x000812c8                setup
 .text._ZL10MPU_updatev
                0x000814c8       0x54 C:\Users\khlee\AppData\Local\Temp\VMBuilds\PPVC_ControlV10\arduino_due_x_dbg\Debug\PPVC_ControlV10.cpp.o
 *fill*         0x0008151c        0x4 
 .text._ZL14MPU_settlewaitdd
                0x00081520       0xb0 C:\Users\khlee\AppData\Local\Temp\VMBuilds\PPVC_ControlV10\arduino_due_x_dbg\Debug\PPVC_ControlV10.cpp.o
 .text._ZL15LOADCELL_updatev
                0x000815d0       0x54 C:\Users\khlee\AppData\Local\Temp\VMBuilds\PPVC_ControlV10\arduino_due_x_dbg\Debug\PPVC_ControlV10.cpp.o
 .text._ZL13LOADCELL_liftf
                0x00081624       0xd8 C:\Users\khlee\AppData\Local\Temp\VMBuilds\PPVC_ControlV10\arduino_due_x_dbg\Debug\PPVC_ControlV10.cpp.o
 .text._ZL13getDataFromPCv
                0x000816fc       0xb8 C:\Users\khlee\AppData\Local\Temp\VMBuilds\PPVC_ControlV10\arduino_due_x_dbg\Debug\PPVC_ControlV10.cpp.o
 .text._ZL8MPUreadyv
                0x000817b4       0x28 C:\Users\khlee\AppData\Local\Temp\VMBuilds\PPVC_ControlV10\arduino_due_x_dbg\Debug\PPVC_ControlV10.cpp.o
 .text._ZL13MPU_calibratev
                0x000817dc      0x14c C:\Users\khlee\AppData\Local\Temp\VMBuilds\PPVC_ControlV10\arduino_due_x_dbg\Debug\PPVC_ControlV10.cpp.o
 .text._ZL14doMeasureLeveli.constprop.8
                0x00081928      0x658 C:\Users\khlee\AppData\Local\Temp\VMBuilds\PPVC_ControlV10\arduino_due_x_dbg\Debug\PPVC_ControlV10.cpp.o
 .text._ZL4PPVCv
                0x00081f80       0xa8 C:\Users\khlee\AppData\Local\Temp\VMBuilds\PPVC_ControlV10\arduino_due_x_dbg\Debug\PPVC_ControlV10.cpp.o
 .text._ZL15updateSerialOutv
                0x00082028      0x154 C:\Users\khlee\AppData\Local\Temp\VMBuilds\PPVC_ControlV10\arduino_due_x_dbg\Debug\PPVC_ControlV10.cpp.o
 .text.loop     0x0008217c      0x11c C:\Users\khlee\AppData\Local\Temp\VMBuilds\PPVC_ControlV10\arduino_due_x_dbg\Debug\PPVC_ControlV10.cpp.o
                0x0008217c                loop
 .text._ZN7TwoWire5writeEPKhj
                0x00082298       0x50 C:\Users\khlee\AppData\Local\Temp\VMBuilds\PPVC_ControlV10\arduino_due_x_dbg\Debug\Wire\Wire.cpp.o
                0x00082298                TwoWire::write(unsigned char const*, unsigned int)
 .text._ZN7TwoWire9availableEv
                0x000822e8        0xc C:\Users\khlee\AppData\Local\Temp\VMBuilds\PPVC_ControlV10\arduino_due_x_dbg\Debug\Wire\Wire.cpp.o
                0x000822e8                TwoWire::available()
 .text._ZN7TwoWire4readEv
                0x000822f4       0x1e C:\Users\khlee\AppData\Local\Temp\VMBuilds\PPVC_ControlV10\arduino_due_x_dbg\Debug\Wire\Wire.cpp.o
                0x000822f4                TwoWire::read()
 .text._ZN7TwoWire4peekEv
                0x00082312       0x16 C:\Users\khlee\AppData\Local\Temp\VMBuilds\PPVC_ControlV10\arduino_due_x_dbg\Debug\Wire\Wire.cpp.o
                0x00082312                TwoWire::peek()
 .text._ZN7TwoWire5flushEv
                0x00082328        0x2 C:\Users\khlee\AppData\Local\Temp\VMBuilds\PPVC_ControlV10\arduino_due_x_dbg\Debug\Wire\Wire.cpp.o
                0x00082328                TwoWire::flush()
 .text._ZN7TwoWire5writeEh
                0x0008232a       0x3a C:\Users\khlee\AppData\Local\Temp\VMBuilds\PPVC_ControlV10\arduino_due_x_dbg\Debug\Wire\Wire.cpp.o
                0x0008232a                TwoWire::write(unsigned char)
 .text._ZL9Wire_Initv
                0x00082364       0x54 C:\Users\khlee\AppData\Local\Temp\VMBuilds\PPVC_ControlV10\arduino_due_x_dbg\Debug\Wire\Wire.cpp.o
 .text._ZL12Wire1_Deinitv
                0x000823b8       0x18 C:\Users\khlee\AppData\Local\Temp\VMBuilds\PPVC_ControlV10\arduino_due_x_dbg\Debug\Wire\Wire.cpp.o
 .text._ZL11Wire_Deinitv
                0x000823d0       0x18 C:\Users\khlee\AppData\Local\Temp\VMBuilds\PPVC_ControlV10\arduino_due_x_dbg\Debug\Wire\Wire.cpp.o
 .text._ZL10Wire1_Initv
                0x000823e8       0x54 C:\Users\khlee\AppData\Local\Temp\VMBuilds\PPVC_ControlV10\arduino_due_x_dbg\Debug\Wire\Wire.cpp.o
 .text._ZN7TwoWireC2EP3TwiPFvvES3_
                0x0008243c       0x48 C:\Users\khlee\AppData\Local\Temp\VMBuilds\PPVC_ControlV10\arduino_due_x_dbg\Debug\Wire\Wire.cpp.o
                0x0008243c                TwoWire::TwoWire(Twi*, void (*)(), void (*)())
                0x0008243c                TwoWire::TwoWire(Twi*, void (*)(), void (*)())
 .text._ZN7TwoWire9onServiceEv
                0x00082484      0x118 C:\Users\khlee\AppData\Local\Temp\VMBuilds\PPVC_ControlV10\arduino_due_x_dbg\Debug\Wire\Wire.cpp.o
                0x00082484                TwoWire::onService()
 .text.TWI1_Handler
                0x0008259c        0xc C:\Users\khlee\AppData\Local\Temp\VMBuilds\PPVC_ControlV10\arduino_due_x_dbg\Debug\Wire\Wire.cpp.o
                0x0008259c                TWI1_Handler
 .text.TWI0_Handler
                0x000825a8        0xc C:\Users\khlee\AppData\Local\Temp\VMBuilds\PPVC_ControlV10\arduino_due_x_dbg\Debug\Wire\Wire.cpp.o
                0x000825a8                TWI0_Handler
 .text.startup._GLOBAL__sub_I__ZN7TwoWireC2EP3TwiPFvvES3_
                0x000825b4       0x40 C:\Users\khlee\AppData\Local\Temp\VMBuilds\PPVC_ControlV10\arduino_due_x_dbg\Debug\Wire\Wire.cpp.o
 .text._ZN6KalmanC2Ev
                0x000825f4       0x28 C:\Users\khlee\AppData\Local\Temp\VMBuilds\PPVC_ControlV10\arduino_due_x_dbg\Debug\KalmanFilter-master\Kalman.cpp.o
                0x000825f4                Kalman::Kalman()
                0x000825f4                Kalman::Kalman()
 .text._ZN7MPU6050C2Ev
                0x0008261c        0x6 C:\Users\khlee\AppData\Local\Temp\VMBuilds\PPVC_ControlV10\arduino_due_x_dbg\Debug\MPU6050\MPU6050.cpp.o
                0x0008261c                MPU6050::MPU6050()
                0x0008261c                MPU6050::MPU6050()
 *fill*         0x00082622        0x2 
 .text._ZN3PID10SetTuningsEdddi
                0x00082624       0xe8 C:\Users\khlee\AppData\Local\Temp\VMBuilds\PPVC_ControlV10\arduino_due_x_dbg\Debug\Arduino-PID-Library-master\PID_v1.cpp.o
                0x00082624                PID::SetTunings(double, double, double, int)
 .text._ZN3PID10SetTuningsEddd
                0x0008270c       0x20 C:\Users\khlee\AppData\Local\Temp\VMBuilds\PPVC_ControlV10\arduino_due_x_dbg\Debug\Arduino-PID-Library-master\PID_v1.cpp.o
                0x0008270c                PID::SetTunings(double, double, double)
 .text._ZN3PID13SetSampleTimeEi
                0x0008272c       0x4c C:\Users\khlee\AppData\Local\Temp\VMBuilds\PPVC_ControlV10\arduino_due_x_dbg\Debug\Arduino-PID-Library-master\PID_v1.cpp.o
                0x0008272c                PID::SetSampleTime(int)
 .text._ZN3PID15SetOutputLimitsEddd
                0x00082778      0x122 C:\Users\khlee\AppData\Local\Temp\VMBuilds\PPVC_ControlV10\arduino_due_x_dbg\Debug\Arduino-PID-Library-master\PID_v1.cpp.o
                0x00082778                PID::SetOutputLimits(double, double, double)
 .text._ZN3PID10InitializeEv
                0x0008289a       0x46 C:\Users\khlee\AppData\Local\Temp\VMBuilds\PPVC_ControlV10\arduino_due_x_dbg\Debug\Arduino-PID-Library-master\PID_v1.cpp.o
                0x0008289a                PID::Initialize()
 .text._ZN3PID7SetModeEi
                0x000828e0       0x1c C:\Users\khlee\AppData\Local\Temp\VMBuilds\PPVC_ControlV10\arduino_due_x_dbg\Debug\Arduino-PID-Library-master\PID_v1.cpp.o
                0x000828e0                PID::SetMode(int)
 .text._ZN3PID22SetControllerDirectionEi
                0x000828fc       0x46 C:\Users\khlee\AppData\Local\Temp\VMBuilds\PPVC_ControlV10\arduino_due_x_dbg\Debug\Arduino-PID-Library-master\PID_v1.cpp.o
                0x000828fc                PID::SetControllerDirection(int)
 *fill*         0x00082942        0x6 
 .text._ZN3PIDC2EPdS0_S0_dddii
                0x00082948       0x68 C:\Users\khlee\AppData\Local\Temp\VMBuilds\PPVC_ControlV10\arduino_due_x_dbg\Debug\Arduino-PID-Library-master\PID_v1.cpp.o
                0x00082948                PID::PID(double*, double*, double*, double, double, double, int, int)
                0x00082948                PID::PID(double*, double*, double*, double, double, double, int, int)
 .text._ZN8DueTimer15attachInterruptEPFvvE
                0x000829b0       0x10 C:\Users\khlee\AppData\Local\Temp\VMBuilds\PPVC_ControlV10\arduino_due_x_dbg\Debug\DueTimer-master\DueTimer.cpp.o
                0x000829b0                DueTimer::attachInterrupt(void (*)())
 .text._ZN8DueTimer9bestClockEdRm
                0x000829c0      0x1a8 C:\Users\khlee\AppData\Local\Temp\VMBuilds\PPVC_ControlV10\arduino_due_x_dbg\Debug\DueTimer-master\DueTimer.cpp.o
                0x000829c0                DueTimer::bestClock(double, unsigned long&)
 .text._ZN8DueTimer12setFrequencyEd
                0x00082b68      0x108 C:\Users\khlee\AppData\Local\Temp\VMBuilds\PPVC_ControlV10\arduino_due_x_dbg\Debug\DueTimer-master\DueTimer.cpp.o
                0x00082b68                DueTimer::setFrequency(double)
 .text._ZN8DueTimer9setPeriodEd
                0x00082c70       0x28 C:\Users\khlee\AppData\Local\Temp\VMBuilds\PPVC_ControlV10\arduino_due_x_dbg\Debug\DueTimer-master\DueTimer.cpp.o
                0x00082c70                DueTimer::setPeriod(double)
 .text._ZN8DueTimer5startEd
                0x00082c98      0x158 C:\Users\khlee\AppData\Local\Temp\VMBuilds\PPVC_ControlV10\arduino_due_x_dbg\Debug\DueTimer-master\DueTimer.cpp.o
                0x00082c98                DueTimer::start(double)
 .text.TC0_Handler
                0x00082df0       0x1c C:\Users\khlee\AppData\Local\Temp\VMBuilds\PPVC_ControlV10\arduino_due_x_dbg\Debug\DueTimer-master\DueTimer.cpp.o
                0x00082df0                TC0_Handler
 .text.TC1_Handler
                0x00082e0c       0x1c C:\Users\khlee\AppData\Local\Temp\VMBuilds\PPVC_ControlV10\arduino_due_x_dbg\Debug\DueTimer-master\DueTimer.cpp.o
                0x00082e0c                TC1_Handler
 .text.TC2_Handler
                0x00082e28       0x1c C:\Users\khlee\AppData\Local\Temp\VMBuilds\PPVC_ControlV10\arduino_due_x_dbg\Debug\DueTimer-master\DueTimer.cpp.o
                0x00082e28                TC2_Handler
 .text.TC3_Handler
                0x00082e44       0x1c C:\Users\khlee\AppData\Local\Temp\VMBuilds\PPVC_ControlV10\arduino_due_x_dbg\Debug\DueTimer-master\DueTimer.cpp.o
                0x00082e44                TC3_Handler
 .text.TC4_Handler
                0x00082e60       0x1c C:\Users\khlee\AppData\Local\Temp\VMBuilds\PPVC_ControlV10\arduino_due_x_dbg\Debug\DueTimer-master\DueTimer.cpp.o
                0x00082e60                TC4_Handler
 .text.TC5_Handler
                0x00082e7c       0x1c C:\Users\khlee\AppData\Local\Temp\VMBuilds\PPVC_ControlV10\arduino_due_x_dbg\Debug\DueTimer-master\DueTimer.cpp.o
                0x00082e7c                TC5_Handler
 .text.TC6_Handler
                0x00082e98       0x1c C:\Users\khlee\AppData\Local\Temp\VMBuilds\PPVC_ControlV10\arduino_due_x_dbg\Debug\DueTimer-master\DueTimer.cpp.o
                0x00082e98                TC6_Handler
 .text.TC7_Handler
                0x00082eb4       0x1c C:\Users\khlee\AppData\Local\Temp\VMBuilds\PPVC_ControlV10\arduino_due_x_dbg\Debug\DueTimer-master\DueTimer.cpp.o
                0x00082eb4                TC7_Handler
 .text.TC8_Handler
                0x00082ed0       0x1c C:\Users\khlee\AppData\Local\Temp\VMBuilds\PPVC_ControlV10\arduino_due_x_dbg\Debug\DueTimer-master\DueTimer.cpp.o
                0x00082ed0                TC8_Handler
 .text.startup._GLOBAL__sub_I__ZN8DueTimer6TimersE
                0x00082eec       0x64 C:\Users\khlee\AppData\Local\Temp\VMBuilds\PPVC_ControlV10\arduino_due_x_dbg\Debug\DueTimer-master\DueTimer.cpp.o
 .text._ZN16VisualMicroDebug16DBG_YieldAndWaitEmb
                0x00082f50       0x1a C:\Users\khlee\AppData\Local\Temp\VMBuilds\PPVC_ControlV10\arduino_due_x_dbg\Debug\VM_DBG\VM_DBG.cpp.o
                0x00082f50                VisualMicroDebug::DBG_YieldAndWait(unsigned long, bool)
 .text._ZN16VisualMicroDebug16DBG_YieldAndWaitEm
                0x00082f6a        0x6 C:\Users\khlee\AppData\Local\Temp\VMBuilds\PPVC_ControlV10\arduino_due_x_dbg\Debug\VM_DBG\VM_DBG.cpp.o
                0x00082f6a                VisualMicroDebug::DBG_YieldAndWait(unsigned long)
 .text._ZN16VisualMicroDebug10DBG_MillisEv
                0x00082f70        0x4 C:\Users\khlee\AppData\Local\Temp\VMBuilds\PPVC_ControlV10\arduino_due_x_dbg\Debug\VM_DBG\VM_DBG.cpp.o
                0x00082f70                VisualMicroDebug::DBG_Millis()
 .text._ZN16VisualMicroDebug17OnBreakPointBeginEm
                0x00082f74       0x16 C:\Users\khlee\AppData\Local\Temp\VMBuilds\PPVC_ControlV10\arduino_due_x_dbg\Debug\VM_DBG\VM_DBG.cpp.o
                0x00082f74                VisualMicroDebug::OnBreakPointBegin(unsigned long)
 *fill*         0x00082f8a        0x2 
 .text._ZN16VisualMicroDebug22OnBreakPointPrintBeginEh
                0x00082f8c       0x6c C:\Users\khlee\AppData\Local\Temp\VMBuilds\PPVC_ControlV10\arduino_due_x_dbg\Debug\VM_DBG\VM_DBG.cpp.o
                0x00082f8c                VisualMicroDebug::OnBreakPointPrintBegin(unsigned char)
 .text._ZN16VisualMicroDebug20OnBreakPointPrintEndEv
                0x00082ff8        0xc C:\Users\khlee\AppData\Local\Temp\VMBuilds\PPVC_ControlV10\arduino_due_x_dbg\Debug\VM_DBG\VM_DBG.cpp.o
                0x00082ff8                VisualMicroDebug::OnBreakPointPrintEnd()
 .text._ZN16VisualMicroDebug15OnBreakPointEndEv
                0x00083004        0xc C:\Users\khlee\AppData\Local\Temp\VMBuilds\PPVC_ControlV10\arduino_due_x_dbg\Debug\VM_DBG\VM_DBG.cpp.o
                0x00083004                VisualMicroDebug::OnBreakPointEnd()
 .text._ZN16VisualMicroDebug14outPacketStartEb
                0x00083010       0x28 C:\Users\khlee\AppData\Local\Temp\VMBuilds\PPVC_ControlV10\arduino_due_x_dbg\Debug\VM_DBG\VM_DBG.cpp.o
                0x00083010                VisualMicroDebug::outPacketStart(bool)
 .text._ZN16VisualMicroDebug12outPacketEndEv
                0x00083038        0x2 C:\Users\khlee\AppData\Local\Temp\VMBuilds\PPVC_ControlV10\arduino_due_x_dbg\Debug\VM_DBG\VM_DBG.cpp.o
                0x00083038                VisualMicroDebug::outPacketEnd()
 .text._ZN16VisualMicroDebug4initEm
                0x0008303a        0xe C:\Users\khlee\AppData\Local\Temp\VMBuilds\PPVC_ControlV10\arduino_due_x_dbg\Debug\VM_DBG\VM_DBG.cpp.o
                0x0008303a                VisualMicroDebug::init(unsigned long)
 .text._ZN16VisualMicroDebug5beginEP9UARTClassm
                0x00083048       0x10 C:\Users\khlee\AppData\Local\Temp\VMBuilds\PPVC_ControlV10\arduino_due_x_dbg\Debug\VM_DBG\VM_DBG.cpp.o
                0x00083048                VisualMicroDebug::begin(UARTClass*, unsigned long)
 .text._ZN16VisualMicroDebug4readEv
                0x00083058        0xe C:\Users\khlee\AppData\Local\Temp\VMBuilds\PPVC_ControlV10\arduino_due_x_dbg\Debug\VM_DBG\VM_DBG.cpp.o
                0x00083058                VisualMicroDebug::read()
 .text._ZN16VisualMicroDebug9availableEv
                0x00083066        0xe C:\Users\khlee\AppData\Local\Temp\VMBuilds\PPVC_ControlV10\arduino_due_x_dbg\Debug\VM_DBG\VM_DBG.cpp.o
                0x00083066                VisualMicroDebug::available()
 .text._ZN16VisualMicroDebug16sendContinuedACKEh
                0x00083074       0x3c C:\Users\khlee\AppData\Local\Temp\VMBuilds\PPVC_ControlV10\arduino_due_x_dbg\Debug\VM_DBG\VM_DBG.cpp.o
                0x00083074                VisualMicroDebug::sendContinuedACK(unsigned char)
 .text._ZN16VisualMicroDebug9breakWaitEh
                0x000830b0       0x54 C:\Users\khlee\AppData\Local\Temp\VMBuilds\PPVC_ControlV10\arduino_due_x_dbg\Debug\VM_DBG\VM_DBG.cpp.o
                0x000830b0                VisualMicroDebug::breakWait(unsigned char)
 .text._ZN16VisualMicroDebug5startEbb
                0x00083104       0x26 C:\Users\khlee\AppData\Local\Temp\VMBuilds\PPVC_ControlV10\arduino_due_x_dbg\Debug\VM_DBG\VM_DBG.cpp.o
                0x00083104                VisualMicroDebug::start(bool, bool)
 *fill*         0x0008312a        0x2 
 .text.startup._GLOBAL__sub_I__ZN16VisualMicroDebug16DBG_YieldAndWaitEm
                0x0008312c       0x14 C:\Users\khlee\AppData\Local\Temp\VMBuilds\PPVC_ControlV10\arduino_due_x_dbg\Debug\VM_DBG\VM_DBG.cpp.o
 .text._Z11serialEventv
                0x00083140        0x2 C:\Users\khlee\AppData\Local\Temp\VMBCore\arduino16x\2e3b066dd31e5e5bbe281843617be094\variant\variant.cpp.o
                0x00083140                serialEvent()
 *fill*         0x00083142        0x2 
 .text.UART_Handler
                0x00083144        0xc C:\Users\khlee\AppData\Local\Temp\VMBCore\arduino16x\2e3b066dd31e5e5bbe281843617be094\variant\variant.cpp.o
                0x00083144                UART_Handler
 .text._Z12serialEvent1v
                0x00083150        0x2 C:\Users\khlee\AppData\Local\Temp\VMBCore\arduino16x\2e3b066dd31e5e5bbe281843617be094\variant\variant.cpp.o
                0x00083150                serialEvent1()
 .text._Z12serialEvent2v
                0x00083152        0x2 C:\Users\khlee\AppData\Local\Temp\VMBCore\arduino16x\2e3b066dd31e5e5bbe281843617be094\variant\variant.cpp.o
                0x00083152                serialEvent2()
 .text._Z12serialEvent3v
                0x00083154        0x2 C:\Users\khlee\AppData\Local\Temp\VMBCore\arduino16x\2e3b066dd31e5e5bbe281843617be094\variant\variant.cpp.o
                0x00083154                serialEvent3()
 *fill*         0x00083156        0x2 
 .text.USART0_Handler
                0x00083158        0xc C:\Users\khlee\AppData\Local\Temp\VMBCore\arduino16x\2e3b066dd31e5e5bbe281843617be094\variant\variant.cpp.o
                0x00083158                USART0_Handler
 .text.USART1_Handler
                0x00083164        0xc C:\Users\khlee\AppData\Local\Temp\VMBCore\arduino16x\2e3b066dd31e5e5bbe281843617be094\variant\variant.cpp.o
                0x00083164                USART1_Handler
 .text.USART3_Handler
                0x00083170        0xc C:\Users\khlee\AppData\Local\Temp\VMBCore\arduino16x\2e3b066dd31e5e5bbe281843617be094\variant\variant.cpp.o
                0x00083170                USART3_Handler
 .text.init     0x0008317c      0x128 C:\Users\khlee\AppData\Local\Temp\VMBCore\arduino16x\2e3b066dd31e5e5bbe281843617be094\variant\variant.cpp.o
                0x0008317c                init
 .text.startup._GLOBAL__sub_I_g_APinDescription
                0x000832a4       0xd4 C:\Users\khlee\AppData\Local\Temp\VMBCore\arduino16x\2e3b066dd31e5e5bbe281843617be094\variant\variant.cpp.o
 .text._Z14serialEventRunv
                0x00083378       0x44 C:\Users\khlee\AppData\Local\Temp\VMBCore\arduino16x\2e3b066dd31e5e5bbe281843617be094\variant\variant.cpp.o
                0x00083378                serialEventRun()
 .text.PIO_PullUp
                0x000833bc        0xa C:\Users\khlee\AppData\Local\arduino15\packages\arduino\hardware\sam\1.6.11\variants\arduino_due_x/libsam_sam3x8e_gcc_rel.a(pio.o)
                0x000833bc                PIO_PullUp
 .text.PIO_Get  0x000833c6       0x14 C:\Users\khlee\AppData\Local\arduino15\packages\arduino\hardware\sam\1.6.11\variants\arduino_due_x/libsam_sam3x8e_gcc_rel.a(pio.o)
                0x000833c6                PIO_Get
 .text.PIO_SetPeripheral
                0x000833da       0x26 C:\Users\khlee\AppData\Local\arduino15\packages\arduino\hardware\sam\1.6.11\variants\arduino_due_x/libsam_sam3x8e_gcc_rel.a(pio.o)
                0x000833da                PIO_SetPeripheral
 .text.PIO_SetInput
                0x00083400       0x26 C:\Users\khlee\AppData\Local\arduino15\packages\arduino\hardware\sam\1.6.11\variants\arduino_due_x/libsam_sam3x8e_gcc_rel.a(pio.o)
                0x00083400                PIO_SetInput
 .text.PIO_SetOutput
                0x00083426       0x24 C:\Users\khlee\AppData\Local\arduino15\packages\arduino\hardware\sam\1.6.11\variants\arduino_due_x/libsam_sam3x8e_gcc_rel.a(pio.o)
                0x00083426                PIO_SetOutput
 *fill*         0x0008344a        0x2 
 .text.PIO_Configure
                0x0008344c       0x64 C:\Users\khlee\AppData\Local\arduino15\packages\arduino\hardware\sam\1.6.11\variants\arduino_due_x/libsam_sam3x8e_gcc_rel.a(pio.o)
                0x0008344c                PIO_Configure
 .text.PIO_GetOutputDataStatus
                0x000834b0       0x14 C:\Users\khlee\AppData\Local\arduino15\packages\arduino\hardware\sam\1.6.11\variants\arduino_due_x/libsam_sam3x8e_gcc_rel.a(pio.o)
                0x000834b0                PIO_GetOutputDataStatus
 .text.pmc_enable_upll_clock
                0x000834c4       0x14 C:\Users\khlee\AppData\Local\arduino15\packages\arduino\hardware\sam\1.6.11\variants\arduino_due_x/libsam_sam3x8e_gcc_rel.a(pmc.o)
                0x000834c4                pmc_enable_upll_clock
 .text.pmc_enable_periph_clk
                0x000834d8       0x44 C:\Users\khlee\AppData\Local\arduino15\packages\arduino\hardware\sam\1.6.11\variants\arduino_due_x/libsam_sam3x8e_gcc_rel.a(pmc.o)
                0x000834d8                pmc_enable_periph_clk
 .text.pmc_disable_periph_clk
                0x0008351c       0x40 C:\Users\khlee\AppData\Local\arduino15\packages\arduino\hardware\sam\1.6.11\variants\arduino_due_x/libsam_sam3x8e_gcc_rel.a(pmc.o)
                0x0008351c                pmc_disable_periph_clk
 .text.pmc_switch_udpck_to_upllck
                0x0008355c       0x14 C:\Users\khlee\AppData\Local\arduino15\packages\arduino\hardware\sam\1.6.11\variants\arduino_due_x/libsam_sam3x8e_gcc_rel.a(pmc.o)
                0x0008355c                pmc_switch_udpck_to_upllck
 .text.pmc_enable_udpck
                0x00083570        0xc C:\Users\khlee\AppData\Local\arduino15\packages\arduino\hardware\sam\1.6.11\variants\arduino_due_x/libsam_sam3x8e_gcc_rel.a(pmc.o)
                0x00083570                pmc_enable_udpck
 .text.pmc_set_writeprotect
                0x0008357c       0x1c C:\Users\khlee\AppData\Local\arduino15\packages\arduino\hardware\sam\1.6.11\variants\arduino_due_x/libsam_sam3x8e_gcc_rel.a(pmc.o)
                0x0008357c                pmc_set_writeprotect
 .text.TC_Configure
                0x00083598       0x38 C:\Users\khlee\AppData\Local\arduino15\packages\arduino\hardware\sam\1.6.11\variants\arduino_due_x/libsam_sam3x8e_gcc_rel.a(tc.o)
                0x00083598                TC_Configure
 .text.TC_Start
                0x000835d0       0x2c C:\Users\khlee\AppData\Local\arduino15\packages\arduino\hardware\sam\1.6.11\variants\arduino_due_x/libsam_sam3x8e_gcc_rel.a(tc.o)
                0x000835d0                TC_Start
 .text.TC_GetStatus
                0x000835fc        0x8 C:\Users\khlee\AppData\Local\arduino15\packages\arduino\hardware\sam\1.6.11\variants\arduino_due_x/libsam_sam3x8e_gcc_rel.a(tc.o)
                0x000835fc                TC_GetStatus
 .text.TC_SetRA
                0x00083604        0x8 C:\Users\khlee\AppData\Local\arduino15\packages\arduino\hardware\sam\1.6.11\variants\arduino_due_x/libsam_sam3x8e_gcc_rel.a(tc.o)
                0x00083604                TC_SetRA
 .text.TC_SetRB
                0x0008360c        0x8 C:\Users\khlee\AppData\Local\arduino15\packages\arduino\hardware\sam\1.6.11\variants\arduino_due_x/libsam_sam3x8e_gcc_rel.a(tc.o)
                0x0008360c                TC_SetRB
 .text.TC_SetRC
                0x00083614        0x8 C:\Users\khlee\AppData\Local\arduino15\packages\arduino\hardware\sam\1.6.11\variants\arduino_due_x/libsam_sam3x8e_gcc_rel.a(tc.o)
                0x00083614                TC_SetRC
 .text.TWI_ReadByte
                0x0008361c       0x28 C:\Users\khlee\AppData\Local\arduino15\packages\arduino\hardware\sam\1.6.11\variants\arduino_due_x/libsam_sam3x8e_gcc_rel.a(twi.o)
                0x0008361c                TWI_ReadByte
 .text.TWI_WriteByte
                0x00083644       0x24 C:\Users\khlee\AppData\Local\arduino15\packages\arduino\hardware\sam\1.6.11\variants\arduino_due_x/libsam_sam3x8e_gcc_rel.a(twi.o)
                0x00083644                TWI_WriteByte
 .text.TWI_EnableIt
                0x00083668       0x40 C:\Users\khlee\AppData\Local\arduino15\packages\arduino\hardware\sam\1.6.11\variants\arduino_due_x/libsam_sam3x8e_gcc_rel.a(twi.o)
                0x00083668                TWI_EnableIt
 .text.TWI_DisableIt
                0x000836a8       0x40 C:\Users\khlee\AppData\Local\arduino15\packages\arduino\hardware\sam\1.6.11\variants\arduino_due_x/libsam_sam3x8e_gcc_rel.a(twi.o)
                0x000836a8                TWI_DisableIt
 .text.TWI_GetStatus
                0x000836e8       0x28 C:\Users\khlee\AppData\Local\arduino15\packages\arduino\hardware\sam\1.6.11\variants\arduino_due_x/libsam_sam3x8e_gcc_rel.a(twi.o)
                0x000836e8                TWI_GetStatus
 .text.SystemInit
                0x00083710       0x88 C:\Users\khlee\AppData\Local\arduino15\packages\arduino\hardware\sam\1.6.11\variants\arduino_due_x/libsam_sam3x8e_gcc_rel.a(system_sam3xa.o)
                0x00083710                SystemInit
 .text.Reset_Handler
                0x00083798       0x78 C:\Users\khlee\AppData\Local\arduino15\packages\arduino\hardware\sam\1.6.11\variants\arduino_due_x/libsam_sam3x8e_gcc_rel.a(startup_sam3xa.o)
                0x00083798                Reset_Handler
 .text.adc_init
                0x00083810       0x98 C:\Users\khlee\AppData\Local\arduino15\packages\arduino\hardware\sam\1.6.11\variants\arduino_due_x/libsam_sam3x8e_gcc_rel.a(adc.o)
                0x00083810                adc_init
 .text.adc_configure_trigger
                0x000838a8        0xe C:\Users\khlee\AppData\Local\arduino15\packages\arduino\hardware\sam\1.6.11\variants\arduino_due_x/libsam_sam3x8e_gcc_rel.a(adc.o)
                0x000838a8                adc_configure_trigger
 .text.adc_configure_timing
                0x000838b6       0x1a C:\Users\khlee\AppData\Local\arduino15\packages\arduino\hardware\sam\1.6.11\variants\arduino_due_x/libsam_sam3x8e_gcc_rel.a(adc.o)
                0x000838b6                adc_configure_timing
 .text.adc_disable_channel
                0x000838d0        0xa C:\Users\khlee\AppData\Local\arduino15\packages\arduino\hardware\sam\1.6.11\variants\arduino_due_x/libsam_sam3x8e_gcc_rel.a(adc.o)
                0x000838d0                adc_disable_channel
 .text.adc_disable_all_channel
                0x000838da        0x8 C:\Users\khlee\AppData\Local\arduino15\packages\arduino\hardware\sam\1.6.11\variants\arduino_due_x/libsam_sam3x8e_gcc_rel.a(adc.o)
                0x000838da                adc_disable_all_channel
 .text.adc_disable_interrupt
                0x000838e2        0x4 C:\Users\khlee\AppData\Local\arduino15\packages\arduino\hardware\sam\1.6.11\variants\arduino_due_x/libsam_sam3x8e_gcc_rel.a(adc.o)
                0x000838e2                adc_disable_interrupt
 *fill*         0x000838e6        0x2 
 .text.UOTGHS_Handler
                0x000838e8       0x10 C:\Users\khlee\AppData\Local\arduino15\packages\arduino\hardware\sam\1.6.11\variants\arduino_due_x/libsam_sam3x8e_gcc_rel.a(uotghs.o)
                0x000838e8                UOTGHS_Handler
 .text.__halt   0x000838f8        0x2 C:\Users\khlee\AppData\Local\Temp\VMBuilds\PPVC_ControlV10\arduino_due_x_dbg\Debug/core.a(cortex_handlers.c.o)
                0x000838f8                DACC_Handler
                0x000838f8                DebugMon_Handler
                0x000838f8                DMAC_Handler
                0x000838f8                TRNG_Handler
                0x000838f8                HardFault_Handler
                0x000838f8                NMI_Handler
                0x000838f8                ADC_Handler
                0x000838f8                SMC_Handler
                0x000838f8                RTT_Handler
                0x000838f8                EFC1_Handler
                0x000838f8                RTC_Handler
                0x000838f8                UsageFault_Handler
                0x000838f8                WDT_Handler
                0x000838f8                CAN0_Handler
                0x000838f8                HSMCI_Handler
                0x000838f8                SSC_Handler
                0x000838f8                EFC0_Handler
                0x000838f8                PMC_Handler
                0x000838f8                PWM_Handler
                0x000838f8                CAN1_Handler
                0x000838f8                MemManage_Handler
                0x000838f8                SUPC_Handler
                0x000838f8                USART2_Handler
                0x000838f8                EMAC_Handler
                0x000838f8                BusFault_Handler
                0x000838f8                RSTC_Handler
                0x000838f8                SPI0_Handler
 .text.SVC_Handler
                0x000838fa        0x4 C:\Users\khlee\AppData\Local\Temp\VMBuilds\PPVC_ControlV10\arduino_due_x_dbg\Debug/core.a(cortex_handlers.c.o)
                0x000838fa                SVC_Handler
 .text.PendSV_Handler
                0x000838fe        0x4 C:\Users\khlee\AppData\Local\Temp\VMBuilds\PPVC_ControlV10\arduino_due_x_dbg\Debug/core.a(cortex_handlers.c.o)
                0x000838fe                PendSV_Handler
 .text.SysTick_Handler
                0x00083902       0x16 C:\Users\khlee\AppData\Local\Temp\VMBuilds\PPVC_ControlV10\arduino_due_x_dbg\Debug/core.a(cortex_handlers.c.o)
                0x00083902                SysTick_Handler
 .text.__empty  0x00083918        0x2 C:\Users\khlee\AppData\Local\Temp\VMBuilds\PPVC_ControlV10\arduino_due_x_dbg\Debug/core.a(hooks.c.o)
                0x00083918                yield
 .text.__false  0x0008391a        0x4 C:\Users\khlee\AppData\Local\Temp\VMBuilds\PPVC_ControlV10\arduino_due_x_dbg\Debug/core.a(hooks.c.o)
                0x0008391a                sysTickHook
 .text.__halt   0x0008391e        0x2 C:\Users\khlee\AppData\Local\Temp\VMBuilds\PPVC_ControlV10\arduino_due_x_dbg\Debug/core.a(hooks.c.o)
                0x0008391e                svcHook
                0x0008391e                pendSVHook
 .text._sbrk    0x00083920       0x1c C:\Users\khlee\AppData\Local\Temp\VMBuilds\PPVC_ControlV10\arduino_due_x_dbg\Debug/core.a(syscalls_sam3.c.o)
                0x00083920                _sbrk
 .text.link     0x0008393c        0x6 C:\Users\khlee\AppData\Local\Temp\VMBuilds\PPVC_ControlV10\arduino_due_x_dbg\Debug/core.a(syscalls_sam3.c.o)
                0x0008393c                link
 .text._close   0x00083942        0x6 C:\Users\khlee\AppData\Local\Temp\VMBuilds\PPVC_ControlV10\arduino_due_x_dbg\Debug/core.a(syscalls_sam3.c.o)
                0x00083942                _close
 .text._fstat   0x00083948        0xa C:\Users\khlee\AppData\Local\Temp\VMBuilds\PPVC_ControlV10\arduino_due_x_dbg\Debug/core.a(syscalls_sam3.c.o)
                0x00083948                _fstat
 .text._isatty  0x00083952        0x4 C:\Users\khlee\AppData\Local\Temp\VMBuilds\PPVC_ControlV10\arduino_due_x_dbg\Debug/core.a(syscalls_sam3.c.o)
                0x00083952                _isatty
 .text._lseek   0x00083956        0x4 C:\Users\khlee\AppData\Local\Temp\VMBuilds\PPVC_ControlV10\arduino_due_x_dbg\Debug/core.a(syscalls_sam3.c.o)
                0x00083956                _lseek
 .text._read    0x0008395a        0x4 C:\Users\khlee\AppData\Local\Temp\VMBuilds\PPVC_ControlV10\arduino_due_x_dbg\Debug/core.a(syscalls_sam3.c.o)
                0x0008395a                _read
 *fill*         0x0008395e        0x2 
 .text._write   0x00083960       0x24 C:\Users\khlee\AppData\Local\Temp\VMBuilds\PPVC_ControlV10\arduino_due_x_dbg\Debug/core.a(syscalls_sam3.c.o)
                0x00083960                _write
 .text._exit    0x00083984       0x10 C:\Users\khlee\AppData\Local\Temp\VMBuilds\PPVC_ControlV10\arduino_due_x_dbg\Debug/core.a(syscalls_sam3.c.o)
                0x00083984                _exit
 .text._kill    0x00083994        0x2 C:\Users\khlee\AppData\Local\Temp\VMBuilds\PPVC_ControlV10\arduino_due_x_dbg\Debug/core.a(syscalls_sam3.c.o)
                0x00083994                _kill
 .text._getpid  0x00083996        0x6 C:\Users\khlee\AppData\Local\Temp\VMBuilds\PPVC_ControlV10\arduino_due_x_dbg\Debug/core.a(syscalls_sam3.c.o)
                0x00083996                _getpid
 .text.attachInterrupt
                0x0008399c      0x148 C:\Users\khlee\AppData\Local\Temp\VMBuilds\PPVC_ControlV10\arduino_due_x_dbg\Debug/core.a(WInterrupts.c.o)
                0x0008399c                attachInterrupt
 .text.PIOA_Handler
                0x00083ae4       0x38 C:\Users\khlee\AppData\Local\Temp\VMBuilds\PPVC_ControlV10\arduino_due_x_dbg\Debug/core.a(WInterrupts.c.o)
                0x00083ae4                PIOA_Handler
 .text.PIOB_Handler
                0x00083b1c       0x38 C:\Users\khlee\AppData\Local\Temp\VMBuilds\PPVC_ControlV10\arduino_due_x_dbg\Debug/core.a(WInterrupts.c.o)
                0x00083b1c                PIOB_Handler
 .text.PIOC_Handler
                0x00083b54       0x38 C:\Users\khlee\AppData\Local\Temp\VMBuilds\PPVC_ControlV10\arduino_due_x_dbg\Debug/core.a(WInterrupts.c.o)
                0x00083b54                PIOC_Handler
 .text.PIOD_Handler
                0x00083b8c       0x38 C:\Users\khlee\AppData\Local\Temp\VMBuilds\PPVC_ControlV10\arduino_due_x_dbg\Debug/core.a(WInterrupts.c.o)
                0x00083b8c                PIOD_Handler
 .text.millis   0x00083bc4        0x4 C:\Users\khlee\AppData\Local\Temp\VMBuilds\PPVC_ControlV10\arduino_due_x_dbg\Debug/core.a(wiring.c.o)
                0x00083bc4                millis
 .text.micros   0x00083bc8       0x74 C:\Users\khlee\AppData\Local\Temp\VMBuilds\PPVC_ControlV10\arduino_due_x_dbg\Debug/core.a(wiring.c.o)
                0x00083bc8                micros
 .text.delay    0x00083c3c       0x1c C:\Users\khlee\AppData\Local\Temp\VMBuilds\PPVC_ControlV10\arduino_due_x_dbg\Debug/core.a(wiring.c.o)
                0x00083c3c                delay
 .text.mapResolution
                0x00083c58       0x12 C:\Users\khlee\AppData\Local\Temp\VMBuilds\PPVC_ControlV10\arduino_due_x_dbg\Debug/core.a(wiring_analog.c.o)
 .text.analogOutputInit
                0x00083c6a        0x2 C:\Users\khlee\AppData\Local\Temp\VMBuilds\PPVC_ControlV10\arduino_due_x_dbg\Debug/core.a(wiring_analog.c.o)
                0x00083c6a                analogOutputInit
 .text.analogWrite
                0x00083c6c      0x2c0 C:\Users\khlee\AppData\Local\Temp\VMBuilds\PPVC_ControlV10\arduino_due_x_dbg\Debug/core.a(wiring_analog.c.o)
                0x00083c6c                analogWrite
 .text.pinMode  0x00083f2c      0x108 C:\Users\khlee\AppData\Local\Temp\VMBuilds\PPVC_ControlV10\arduino_due_x_dbg\Debug/core.a(wiring_digital.c.o)
                0x00083f2c                pinMode
 .text.digitalWrite
                0x00084034       0x70 C:\Users\khlee\AppData\Local\Temp\VMBuilds\PPVC_ControlV10\arduino_due_x_dbg\Debug/core.a(wiring_digital.c.o)
                0x00084034                digitalWrite
 .text.digitalRead
                0x000840a4       0x44 C:\Users\khlee\AppData\Local\Temp\VMBuilds\PPVC_ControlV10\arduino_due_x_dbg\Debug/core.a(wiring_digital.c.o)
                0x000840a4                digitalRead
 .text.initVariant
                0x000840e8        0x2 C:\Users\khlee\AppData\Local\Temp\VMBuilds\PPVC_ControlV10\arduino_due_x_dbg\Debug/core.a(main.cpp.o)
                0x000840e8                initVariant
 *fill*         0x000840ea        0x2 
 .text.startup.main
                0x000840ec       0x38 C:\Users\khlee\AppData\Local\Temp\VMBuilds\PPVC_ControlV10\arduino_due_x_dbg\Debug/core.a(main.cpp.o)
                0x000840ec                main
 .text._ZN5Print5writeEPKhj
                0x00084124       0x22 C:\Users\khlee\AppData\Local\Temp\VMBuilds\PPVC_ControlV10\arduino_due_x_dbg\Debug/core.a(Print.cpp.o)
                0x00084124                Print::write(unsigned char const*, unsigned int)
 .text._ZN5Print5printEmi.part.3
                0x00084146        0xc C:\Users\khlee\AppData\Local\Temp\VMBuilds\PPVC_ControlV10\arduino_due_x_dbg\Debug/core.a(Print.cpp.o)
 .text._ZN5Print5writeEPKc
                0x00084152       0x1e C:\Users\khlee\AppData\Local\Temp\VMBuilds\PPVC_ControlV10\arduino_due_x_dbg\Debug/core.a(Print.cpp.o)
                0x00084152                Print::write(char const*)
 .text._ZN5Print5printEPK19__FlashStringHelper
                0x00084170        0x8 C:\Users\khlee\AppData\Local\Temp\VMBuilds\PPVC_ControlV10\arduino_due_x_dbg\Debug/core.a(Print.cpp.o)
                0x00084170                Print::print(__FlashStringHelper const*)
 .text._ZN5Print5printEPKc
                0x00084178        0x8 C:\Users\khlee\AppData\Local\Temp\VMBuilds\PPVC_ControlV10\arduino_due_x_dbg\Debug/core.a(Print.cpp.o)
                0x00084178                Print::print(char const*)
 .text._ZN5Print5printEc
                0x00084180        0xa C:\Users\khlee\AppData\Local\Temp\VMBuilds\PPVC_ControlV10\arduino_due_x_dbg\Debug/core.a(Print.cpp.o)
                0x00084180                Print::print(char)
 *fill*         0x0008418a        0x2 
 .text._ZN5Print7printlnEv
                0x0008418c       0x10 C:\Users\khlee\AppData\Local\Temp\VMBuilds\PPVC_ControlV10\arduino_due_x_dbg\Debug/core.a(Print.cpp.o)
                0x0008418c                Print::println()
 .text._ZN5Print7printlnEPK19__FlashStringHelper
                0x0008419c       0x14 C:\Users\khlee\AppData\Local\Temp\VMBuilds\PPVC_ControlV10\arduino_due_x_dbg\Debug/core.a(Print.cpp.o)
                0x0008419c                Print::println(__FlashStringHelper const*)
 .text._ZN5Print7printlnEPKc
                0x000841b0       0x14 C:\Users\khlee\AppData\Local\Temp\VMBuilds\PPVC_ControlV10\arduino_due_x_dbg\Debug/core.a(Print.cpp.o)
                0x000841b0                Print::println(char const*)
 .text._ZN5Print11printNumberEmh
                0x000841c4       0x3e C:\Users\khlee\AppData\Local\Temp\VMBuilds\PPVC_ControlV10\arduino_due_x_dbg\Debug/core.a(Print.cpp.o)
                0x000841c4                Print::printNumber(unsigned long, unsigned char)
 .text._ZN5Print5printEli
                0x00084202       0x3c C:\Users\khlee\AppData\Local\Temp\VMBuilds\PPVC_ControlV10\arduino_due_x_dbg\Debug/core.a(Print.cpp.o)
                0x00084202                Print::print(long, int)
 .text._ZN5Print5printEii
                0x0008423e        0x4 C:\Users\khlee\AppData\Local\Temp\VMBuilds\PPVC_ControlV10\arduino_due_x_dbg\Debug/core.a(Print.cpp.o)
                0x0008423e                Print::print(int, int)
 .text._ZN5Print7printlnEii
                0x00084242       0x14 C:\Users\khlee\AppData\Local\Temp\VMBuilds\PPVC_ControlV10\arduino_due_x_dbg\Debug/core.a(Print.cpp.o)
                0x00084242                Print::println(int, int)
 .text._ZN5Print5printEmi
                0x00084256        0xc C:\Users\khlee\AppData\Local\Temp\VMBuilds\PPVC_ControlV10\arduino_due_x_dbg\Debug/core.a(Print.cpp.o)
                0x00084256                Print::print(unsigned long, int)
 .text._ZN5Print5printEhi
                0x00084262        0x4 C:\Users\khlee\AppData\Local\Temp\VMBuilds\PPVC_ControlV10\arduino_due_x_dbg\Debug/core.a(Print.cpp.o)
                0x00084262                Print::print(unsigned char, int)
 *fill*         0x00084266        0x2 
 .text._ZN5Print10printFloatEdh
                0x00084268      0x148 C:\Users\khlee\AppData\Local\Temp\VMBuilds\PPVC_ControlV10\arduino_due_x_dbg\Debug/core.a(Print.cpp.o)
                0x00084268                Print::printFloat(double, unsigned char)
 .text._ZN5Print5printEdi
                0x000843b0        0xa C:\Users\khlee\AppData\Local\Temp\VMBuilds\PPVC_ControlV10\arduino_due_x_dbg\Debug/core.a(Print.cpp.o)
                0x000843b0                Print::print(double, int)
 .text._ZN5Print7printlnEdi
                0x000843ba       0x1c C:\Users\khlee\AppData\Local\Temp\VMBuilds\PPVC_ControlV10\arduino_due_x_dbg\Debug/core.a(Print.cpp.o)
                0x000843ba                Print::println(double, int)
 *fill*         0x000843d6        0x2 
 .text.initiateReset
                0x000843d8        0xc C:\Users\khlee\AppData\Local\Temp\VMBuilds\PPVC_ControlV10\arduino_due_x_dbg\Debug/core.a(Reset.cpp.o)
                0x000843d8                initiateReset
 .text.cancelReset
                0x000843e4       0x10 C:\Users\khlee\AppData\Local\Temp\VMBuilds\PPVC_ControlV10\arduino_due_x_dbg\Debug/core.a(Reset.cpp.o)
                0x000843e4                cancelReset
 .text.tickReset
                0x000843f4       0x20 C:\Users\khlee\AppData\Local\Temp\VMBuilds\PPVC_ControlV10\arduino_due_x_dbg\Debug/core.a(Reset.cpp.o)
                0x000843f4                tickReset
 .text._ZN10RingBufferC2Ev
                0x00084414       0x1a C:\Users\khlee\AppData\Local\Temp\VMBuilds\PPVC_ControlV10\arduino_due_x_dbg\Debug/core.a(RingBuffer.cpp.o)
                0x00084414                RingBuffer::RingBuffer()
                0x00084414                RingBuffer::RingBuffer()
 .text._ZN10RingBuffer10store_charEh
                0x0008442e       0x1e C:\Users\khlee\AppData\Local\Temp\VMBuilds\PPVC_ControlV10\arduino_due_x_dbg\Debug/core.a(RingBuffer.cpp.o)
                0x0008442e                RingBuffer::store_char(unsigned char)
 .text._ZN9UARTClasscvbEv
                0x0008444c        0x4 C:\Users\khlee\AppData\Local\Temp\VMBuilds\PPVC_ControlV10\arduino_due_x_dbg\Debug/core.a(UARTClass.cpp.o)
                0x0008444c                UARTClass::operator bool()
 .text._ZN9UARTClass9availableEv
                0x00084450       0x12 C:\Users\khlee\AppData\Local\Temp\VMBuilds\PPVC_ControlV10\arduino_due_x_dbg\Debug/core.a(UARTClass.cpp.o)
                0x00084450                UARTClass::available()
 .text._ZN9UARTClass4peekEv
                0x00084462       0x1c C:\Users\khlee\AppData\Local\Temp\VMBuilds\PPVC_ControlV10\arduino_due_x_dbg\Debug/core.a(UARTClass.cpp.o)
                0x00084462                UARTClass::peek()
 .text._ZN9UARTClass4readEv
                0x0008447e       0x2a C:\Users\khlee\AppData\Local\Temp\VMBuilds\PPVC_ControlV10\arduino_due_x_dbg\Debug/core.a(UARTClass.cpp.o)
                0x0008447e                UARTClass::read()
 .text._ZN9UARTClass5flushEv
                0x000844a8       0x18 C:\Users\khlee\AppData\Local\Temp\VMBuilds\PPVC_ControlV10\arduino_due_x_dbg\Debug/core.a(UARTClass.cpp.o)
                0x000844a8                UARTClass::flush()
 .text._ZN9UARTClass5writeEh
                0x000844c0       0x54 C:\Users\khlee\AppData\Local\Temp\VMBuilds\PPVC_ControlV10\arduino_due_x_dbg\Debug/core.a(UARTClass.cpp.o)
                0x000844c0                UARTClass::write(unsigned char)
 .text._ZN9UARTClass3endEv
                0x00084514       0x3c C:\Users\khlee\AppData\Local\Temp\VMBuilds\PPVC_ControlV10\arduino_due_x_dbg\Debug/core.a(UARTClass.cpp.o)
                0x00084514                UARTClass::end()
 .text._ZN9UARTClassC2EP4Uart4IRQnmP10RingBufferS4_
                0x00084550       0x24 C:\Users\khlee\AppData\Local\Temp\VMBuilds\PPVC_ControlV10\arduino_due_x_dbg\Debug/core.a(UARTClass.cpp.o)
                0x00084550                UARTClass::UARTClass(Uart*, IRQn, unsigned long, RingBuffer*, RingBuffer*)
                0x00084550                UARTClass::UARTClass(Uart*, IRQn, unsigned long, RingBuffer*, RingBuffer*)
 .text._ZN9UARTClass4initEmm
                0x00084574       0x70 C:\Users\khlee\AppData\Local\Temp\VMBuilds\PPVC_ControlV10\arduino_due_x_dbg\Debug/core.a(UARTClass.cpp.o)
                0x00084574                UARTClass::init(unsigned long, unsigned long)
 .text._ZN9UARTClass5beginEm
                0x000845e4        0x8 C:\Users\khlee\AppData\Local\Temp\VMBuilds\PPVC_ControlV10\arduino_due_x_dbg\Debug/core.a(UARTClass.cpp.o)
                0x000845e4                UARTClass::begin(unsigned long)
 .text._ZN9UARTClass10IrqHandlerEv
                0x000845ec       0x5a C:\Users\khlee\AppData\Local\Temp\VMBuilds\PPVC_ControlV10\arduino_due_x_dbg\Debug/core.a(UARTClass.cpp.o)
                0x000845ec                UARTClass::IrqHandler()
 .text._ZN10USARTClass5beginEm
                0x00084646        0x8 C:\Users\khlee\AppData\Local\Temp\VMBuilds\PPVC_ControlV10\arduino_due_x_dbg\Debug/core.a(USARTClass.cpp.o)
                0x00084646                USARTClass::begin(unsigned long)
 *fill*         0x0008464e        0x2 
 .text._ZN10USARTClassC2EP5Usart4IRQnmP10RingBufferS4_
                0x00084650       0x24 C:\Users\khlee\AppData\Local\Temp\VMBuilds\PPVC_ControlV10\arduino_due_x_dbg\Debug/core.a(USARTClass.cpp.o)
                0x00084650                USARTClass::USARTClass(Usart*, IRQn, unsigned long, RingBuffer*, RingBuffer*)
                0x00084650                USARTClass::USARTClass(Usart*, IRQn, unsigned long, RingBuffer*, RingBuffer*)
 .text._watchdogDefaultSetup
                0x00084674        0xc C:\Users\khlee\AppData\Local\Temp\VMBuilds\PPVC_ControlV10\arduino_due_x_dbg\Debug/core.a(watchdog.cpp.o)
                0x00084674                _watchdogDefaultSetup
                0x00084674                watchdogSetup()
 .text.unlikely._ZL11USB_SendZlpv
                0x00084680       0x20 C:\Users\khlee\AppData\Local\Temp\VMBuilds\PPVC_ControlV10\arduino_due_x_dbg\Debug/core.a(USBCore.cpp.o)
 .text._Z14USBD_Availablem
                0x000846a0       0x2c C:\Users\khlee\AppData\Local\Temp\VMBuilds\PPVC_ControlV10\arduino_due_x_dbg\Debug/core.a(USBCore.cpp.o)
                0x000846a0                USBD_Available(unsigned long)
 .text._Z9USBD_RecvmPvm
                0x000846cc       0x7c C:\Users\khlee\AppData\Local\Temp\VMBuilds\PPVC_ControlV10\arduino_due_x_dbg\Debug/core.a(USBCore.cpp.o)
                0x000846cc                USBD_Recv(unsigned long, void*, unsigned long)
 .text._Z9USBD_Recvm
                0x00084748       0x22 C:\Users\khlee\AppData\Local\Temp\VMBuilds\PPVC_ControlV10\arduino_due_x_dbg\Debug/core.a(USBCore.cpp.o)
                0x00084748                USBD_Recv(unsigned long)
 *fill*         0x0008476a        0x2 
 .text._Z9USBD_SendmPKvm
                0x0008476c       0x4c C:\Users\khlee\AppData\Local\Temp\VMBuilds\PPVC_ControlV10\arduino_due_x_dbg\Debug/core.a(USBCore.cpp.o)
                0x0008476c                USBD_Send(unsigned long, void const*, unsigned long)
 .text._Z16USBD_SendControlhPKvm
                0x000847b8       0x40 C:\Users\khlee\AppData\Local\Temp\VMBuilds\PPVC_ControlV10\arduino_due_x_dbg\Debug/core.a(USBCore.cpp.o)
                0x000847b8                USBD_SendControl(unsigned char, void const*, unsigned long)
 .text.unlikely._ZL24USB_SendStringDescriptorPKhi
                0x000847f8       0x64 C:\Users\khlee\AppData\Local\Temp\VMBuilds\PPVC_ControlV10\arduino_due_x_dbg\Debug/core.a(USBCore.cpp.o)
 .text._Z16USBD_RecvControlPvm
                0x0008485c       0x1c C:\Users\khlee\AppData\Local\Temp\VMBuilds\PPVC_ControlV10\arduino_due_x_dbg\Debug/core.a(USBCore.cpp.o)
                0x0008485c                USBD_RecvControl(void*, unsigned long)
 .text._Z26USBD_ClassInterfaceRequestR8USBSetup
                0x00084878       0x1e C:\Users\khlee\AppData\Local\Temp\VMBuilds\PPVC_ControlV10\arduino_due_x_dbg\Debug/core.a(USBCore.cpp.o)
                0x00084878                USBD_ClassInterfaceRequest(USBSetup&)
 .text._Z19USBD_SendInterfacesv
                0x00084896       0x22 C:\Users\khlee\AppData\Local\Temp\VMBuilds\PPVC_ControlV10\arduino_due_x_dbg\Debug/core.a(USBCore.cpp.o)
                0x00084896                USBD_SendInterfaces()
 .text._Z24USBD_SendOtherInterfacesv
                0x000848b8       0x22 C:\Users\khlee\AppData\Local\Temp\VMBuilds\PPVC_ControlV10\arduino_due_x_dbg\Debug/core.a(USBCore.cpp.o)
                0x000848b8                USBD_SendOtherInterfaces()
 .text._Z10USBD_Flushm
                0x000848da       0x16 C:\Users\khlee\AppData\Local\Temp\VMBuilds\PPVC_ControlV10\arduino_due_x_dbg\Debug/core.a(USBCore.cpp.o)
                0x000848da                USBD_Flush(unsigned long)
 .text._ZN10USBDevice_C2Ev
                0x000848f0       0x24 C:\Users\khlee\AppData\Local\Temp\VMBuilds\PPVC_ControlV10\arduino_due_x_dbg\Debug/core.a(USBCore.cpp.o)
                0x000848f0                USBDevice_::USBDevice_()
                0x000848f0                USBDevice_::USBDevice_()
 .text._ZN10USBDevice_6attachEv
                0x00084914       0x20 C:\Users\khlee\AppData\Local\Temp\VMBuilds\PPVC_ControlV10\arduino_due_x_dbg\Debug/core.a(USBCore.cpp.o)
                0x00084914                USBDevice_::attach()
 .text.startup._GLOBAL__sub_I_EndPoints
                0x00084934        0xc C:\Users\khlee\AppData\Local\Temp\VMBuilds\PPVC_ControlV10\arduino_due_x_dbg\Debug/core.a(USBCore.cpp.o)
 .text._ZL7USB_ISRv
                0x00084940      0x454 C:\Users\khlee\AppData\Local\Temp\VMBuilds\PPVC_ControlV10\arduino_due_x_dbg\Debug/core.a(USBCore.cpp.o)
 .text._ZN7Serial_9availableEv
                0x00084d94       0x18 C:\Users\khlee\AppData\Local\Temp\VMBuilds\PPVC_ControlV10\arduino_due_x_dbg\Debug/core.a(CDC.cpp.o)
                0x00084d94                Serial_::available()
 .text._ZN7Serial_17availableForWriteEv
                0x00084dac        0x6 C:\Users\khlee\AppData\Local\Temp\VMBuilds\PPVC_ControlV10\arduino_due_x_dbg\Debug/core.a(CDC.cpp.o)
                0x00084dac                Serial_::availableForWrite()
 *fill*         0x00084db2        0x2 
 .text._ZN7Serial_4peekEv
                0x00084db4       0x20 C:\Users\khlee\AppData\Local\Temp\VMBuilds\PPVC_ControlV10\arduino_due_x_dbg\Debug/core.a(CDC.cpp.o)
                0x00084db4                Serial_::peek()
 .text._ZN7Serial_5writeEh
                0x00084dd4       0x16 C:\Users\khlee\AppData\Local\Temp\VMBuilds\PPVC_ControlV10\arduino_due_x_dbg\Debug/core.a(CDC.cpp.o)
                0x00084dd4                Serial_::write(unsigned char)
 *fill*         0x00084dea        0x2 
 .text._ZN7Serial_4readEv
                0x00084dec       0x44 C:\Users\khlee\AppData\Local\Temp\VMBuilds\PPVC_ControlV10\arduino_due_x_dbg\Debug/core.a(CDC.cpp.o)
                0x00084dec                Serial_::read()
 .text._ZN7Serial_5flushEv
                0x00084e30        0x6 C:\Users\khlee\AppData\Local\Temp\VMBuilds\PPVC_ControlV10\arduino_due_x_dbg\Debug/core.a(CDC.cpp.o)
                0x00084e30                Serial_::flush()
 *fill*         0x00084e36        0x2 
 .text._ZN7Serial_6acceptEv
                0x00084e38       0x70 C:\Users\khlee\AppData\Local\Temp\VMBuilds\PPVC_ControlV10\arduino_due_x_dbg\Debug/core.a(CDC.cpp.o)
                0x00084e38                Serial_::accept()
 .text._ZN7Serial_5writeEPKhj
                0x00084ea8       0x2c C:\Users\khlee\AppData\Local\Temp\VMBuilds\PPVC_ControlV10\arduino_due_x_dbg\Debug/core.a(CDC.cpp.o)
                0x00084ea8                Serial_::write(unsigned char const*, unsigned int)
 .text._Z16CDC_GetInterfacePh
                0x00084ed4       0x14 C:\Users\khlee\AppData\Local\Temp\VMBuilds\PPVC_ControlV10\arduino_due_x_dbg\Debug/core.a(CDC.cpp.o)
                0x00084ed4                CDC_GetInterface(unsigned char*)
 .text._Z21CDC_GetOtherInterfacePh
                0x00084ee8       0x14 C:\Users\khlee\AppData\Local\Temp\VMBuilds\PPVC_ControlV10\arduino_due_x_dbg\Debug/core.a(CDC.cpp.o)
                0x00084ee8                CDC_GetOtherInterface(unsigned char*)
 .text._Z9CDC_SetupR8USBSetup
                0x00084efc       0x78 C:\Users\khlee\AppData\Local\Temp\VMBuilds\PPVC_ControlV10\arduino_due_x_dbg\Debug/core.a(CDC.cpp.o)
                0x00084efc                CDC_Setup(USBSetup&)
 .text.startup._GLOBAL__sub_I_cdc_rx_buffer
                0x00084f74       0x1c C:\Users\khlee\AppData\Local\Temp\VMBuilds\PPVC_ControlV10\arduino_due_x_dbg\Debug/core.a(CDC.cpp.o)
 .text._ZN13PluggableUSB_12getInterfaceEPh
                0x00084f90       0x28 C:\Users\khlee\AppData\Local\Temp\VMBuilds\PPVC_ControlV10\arduino_due_x_dbg\Debug/core.a(PluggableUSB.cpp.o)
                0x00084f90                PluggableUSB_::getInterface(unsigned char*)
 .text._ZN13PluggableUSB_13getDescriptorER8USBSetup
                0x00084fb8       0x1c C:\Users\khlee\AppData\Local\Temp\VMBuilds\PPVC_ControlV10\arduino_due_x_dbg\Debug/core.a(PluggableUSB.cpp.o)
                0x00084fb8                PluggableUSB_::getDescriptor(USBSetup&)
 .text._ZN13PluggableUSB_12getShortNameEPc
                0x00084fd4       0x1c C:\Users\khlee\AppData\Local\Temp\VMBuilds\PPVC_ControlV10\arduino_due_x_dbg\Debug/core.a(PluggableUSB.cpp.o)
                0x00084fd4                PluggableUSB_::getShortName(char*)
 .text._ZN13PluggableUSB_5setupER8USBSetup
                0x00084ff0       0x20 C:\Users\khlee\AppData\Local\Temp\VMBuilds\PPVC_ControlV10\arduino_due_x_dbg\Debug/core.a(PluggableUSB.cpp.o)
                0x00084ff0                PluggableUSB_::setup(USBSetup&)
 .text._Z12PluggableUSBv
                0x00085010       0x28 C:\Users\khlee\AppData\Local\Temp\VMBuilds\PPVC_ControlV10\arduino_due_x_dbg\Debug/core.a(PluggableUSB.cpp.o)
                0x00085010                PluggableUSB()
 .text.FindClockConfiguration
                0x00085038       0x7c C:\Users\khlee\AppData\Local\arduino15\packages\arduino\hardware\sam\1.6.11\variants\arduino_due_x/libsam_sam3x8e_gcc_rel.a(pwmc.o)
 .text.PWMC_ConfigureChannel
                0x000850b4       0x60 C:\Users\khlee\AppData\Local\arduino15\packages\arduino\hardware\sam\1.6.11\variants\arduino_due_x/libsam_sam3x8e_gcc_rel.a(pwmc.o)
                0x000850b4                PWMC_ConfigureChannel
 .text.PWMC_ConfigureClocks
                0x00085114       0x54 C:\Users\khlee\AppData\Local\arduino15\packages\arduino\hardware\sam\1.6.11\variants\arduino_due_x/libsam_sam3x8e_gcc_rel.a(pwmc.o)
                0x00085114                PWMC_ConfigureClocks
 .text.PWMC_SetPeriod
                0x00085168       0x1a C:\Users\khlee\AppData\Local\arduino15\packages\arduino\hardware\sam\1.6.11\variants\arduino_due_x/libsam_sam3x8e_gcc_rel.a(pwmc.o)
                0x00085168                PWMC_SetPeriod
 *fill*         0x00085182        0x2 
 .text.PWMC_SetDutyCycle
                0x00085184       0x44 C:\Users\khlee\AppData\Local\arduino15\packages\arduino\hardware\sam\1.6.11\variants\arduino_due_x/libsam_sam3x8e_gcc_rel.a(pwmc.o)
                0x00085184                PWMC_SetDutyCycle
 .text.PWMC_EnableChannel
                0x000851c8        0xa C:\Users\khlee\AppData\Local\arduino15\packages\arduino\hardware\sam\1.6.11\variants\arduino_due_x/libsam_sam3x8e_gcc_rel.a(pwmc.o)
                0x000851c8                PWMC_EnableChannel
 *fill*         0x000851d2        0x2 
 .text.TimeTick_Increment
                0x000851d4       0x10 C:\Users\khlee\AppData\Local\arduino15\packages\arduino\hardware\sam\1.6.11\variants\arduino_due_x/libsam_sam3x8e_gcc_rel.a(timetick.o)
                0x000851d4                TimeTick_Increment
 .text.GetTickCount
                0x000851e4        0xc C:\Users\khlee\AppData\Local\arduino15\packages\arduino\hardware\sam\1.6.11\variants\arduino_due_x/libsam_sam3x8e_gcc_rel.a(timetick.o)
                0x000851e4                GetTickCount
 .text.WDT_Disable
                0x000851f0        0x8 C:\Users\khlee\AppData\Local\arduino15\packages\arduino\hardware\sam\1.6.11\variants\arduino_due_x/libsam_sam3x8e_gcc_rel.a(wdt.o)
                0x000851f0                WDT_Disable
 .text.UDD_SetStack
                0x000851f8        0xc C:\Users\khlee\AppData\Local\arduino15\packages\arduino\hardware\sam\1.6.11\variants\arduino_due_x/libsam_sam3x8e_gcc_rel.a(uotghs_device.o)
                0x000851f8                UDD_SetStack
 .text.UDD_Init
                0x00085204       0xd0 C:\Users\khlee\AppData\Local\arduino15\packages\arduino\hardware\sam\1.6.11\variants\arduino_due_x/libsam_sam3x8e_gcc_rel.a(uotghs_device.o)
                0x00085204                UDD_Init
 .text.UDD_Attach
                0x000852d4       0x50 C:\Users\khlee\AppData\Local\arduino15\packages\arduino\hardware\sam\1.6.11\variants\arduino_due_x/libsam_sam3x8e_gcc_rel.a(uotghs_device.o)
                0x000852d4                UDD_Attach
 .text.UDD_InitEP
                0x00085324       0x2c C:\Users\khlee\AppData\Local\arduino15\packages\arduino\hardware\sam\1.6.11\variants\arduino_due_x/libsam_sam3x8e_gcc_rel.a(uotghs_device.o)
                0x00085324                UDD_InitEP
 .text.UDD_InitEndpoints
                0x00085350       0x3c C:\Users\khlee\AppData\Local\arduino15\packages\arduino\hardware\sam\1.6.11\variants\arduino_due_x/libsam_sam3x8e_gcc_rel.a(uotghs_device.o)
                0x00085350                UDD_InitEndpoints
 .text.UDD_WaitIN
                0x0008538c       0x10 C:\Users\khlee\AppData\Local\arduino15\packages\arduino\hardware\sam\1.6.11\variants\arduino_due_x/libsam_sam3x8e_gcc_rel.a(uotghs_device.o)
                0x0008538c                UDD_WaitIN
 .text.UDD_WaitOUT
                0x0008539c       0x10 C:\Users\khlee\AppData\Local\arduino15\packages\arduino\hardware\sam\1.6.11\variants\arduino_due_x/libsam_sam3x8e_gcc_rel.a(uotghs_device.o)
                0x0008539c                UDD_WaitOUT
 .text.UDD_ClearIN
                0x000853ac       0x18 C:\Users\khlee\AppData\Local\arduino15\packages\arduino\hardware\sam\1.6.11\variants\arduino_due_x/libsam_sam3x8e_gcc_rel.a(uotghs_device.o)
                0x000853ac                UDD_ClearIN
 .text.UDD_ClearOUT
                0x000853c4       0x18 C:\Users\khlee\AppData\Local\arduino15\packages\arduino\hardware\sam\1.6.11\variants\arduino_due_x/libsam_sam3x8e_gcc_rel.a(uotghs_device.o)
                0x000853c4                UDD_ClearOUT
 .text.UDD_ReceivedSetupInt
                0x000853dc       0x10 C:\Users\khlee\AppData\Local\arduino15\packages\arduino\hardware\sam\1.6.11\variants\arduino_due_x/libsam_sam3x8e_gcc_rel.a(uotghs_device.o)
                0x000853dc                UDD_ReceivedSetupInt
 .text.UDD_ClearSetupInt
                0x000853ec       0x10 C:\Users\khlee\AppData\Local\arduino15\packages\arduino\hardware\sam\1.6.11\variants\arduino_due_x/libsam_sam3x8e_gcc_rel.a(uotghs_device.o)
                0x000853ec                UDD_ClearSetupInt
 .text.UDD_Send
                0x000853fc       0x88 C:\Users\khlee\AppData\Local\arduino15\packages\arduino\hardware\sam\1.6.11\variants\arduino_due_x/libsam_sam3x8e_gcc_rel.a(uotghs_device.o)
                0x000853fc                UDD_Send
 .text.UDD_Send8
                0x00085484       0x24 C:\Users\khlee\AppData\Local\arduino15\packages\arduino\hardware\sam\1.6.11\variants\arduino_due_x/libsam_sam3x8e_gcc_rel.a(uotghs_device.o)
                0x00085484                UDD_Send8
 .text.UDD_Recv8
                0x000854a8       0x28 C:\Users\khlee\AppData\Local\arduino15\packages\arduino\hardware\sam\1.6.11\variants\arduino_due_x/libsam_sam3x8e_gcc_rel.a(uotghs_device.o)
                0x000854a8                UDD_Recv8
 .text.UDD_Recv
                0x000854d0       0x34 C:\Users\khlee\AppData\Local\arduino15\packages\arduino\hardware\sam\1.6.11\variants\arduino_due_x/libsam_sam3x8e_gcc_rel.a(uotghs_device.o)
                0x000854d0                UDD_Recv
 .text.UDD_Stall
                0x00085504       0x14 C:\Users\khlee\AppData\Local\arduino15\packages\arduino\hardware\sam\1.6.11\variants\arduino_due_x/libsam_sam3x8e_gcc_rel.a(uotghs_device.o)
                0x00085504                UDD_Stall
 .text.UDD_FifoByteCount
                0x00085518       0x14 C:\Users\khlee\AppData\Local\arduino15\packages\arduino\hardware\sam\1.6.11\variants\arduino_due_x/libsam_sam3x8e_gcc_rel.a(uotghs_device.o)
                0x00085518                UDD_FifoByteCount
 .text.UDD_ReleaseRX
                0x0008552c       0x28 C:\Users\khlee\AppData\Local\arduino15\packages\arduino\hardware\sam\1.6.11\variants\arduino_due_x/libsam_sam3x8e_gcc_rel.a(uotghs_device.o)
                0x0008552c                UDD_ReleaseRX
 .text.UDD_ReleaseTX
                0x00085554       0x28 C:\Users\khlee\AppData\Local\arduino15\packages\arduino\hardware\sam\1.6.11\variants\arduino_due_x/libsam_sam3x8e_gcc_rel.a(uotghs_device.o)
                0x00085554                UDD_ReleaseTX
 .text.UDD_SetAddress
                0x0008557c       0x20 C:\Users\khlee\AppData\Local\arduino15\packages\arduino\hardware\sam\1.6.11\variants\arduino_due_x/libsam_sam3x8e_gcc_rel.a(uotghs_device.o)
                0x0008557c                UDD_SetAddress
 .text.dacc_reset
                0x0008559c        0x6 C:\Users\khlee\AppData\Local\arduino15\packages\arduino\hardware\sam\1.6.11\variants\arduino_due_x/libsam_sam3x8e_gcc_rel.a(dacc.o)
                0x0008559c                dacc_reset
 .text.dacc_set_transfer_mode
                0x000855a2       0x14 C:\Users\khlee\AppData\Local\arduino15\packages\arduino\hardware\sam\1.6.11\variants\arduino_due_x/libsam_sam3x8e_gcc_rel.a(dacc.o)
                0x000855a2                dacc_set_transfer_mode
 .text.dacc_get_interrupt_status
                0x000855b6        0x4 C:\Users\khlee\AppData\Local\arduino15\packages\arduino\hardware\sam\1.6.11\variants\arduino_due_x/libsam_sam3x8e_gcc_rel.a(dacc.o)
                0x000855b6                dacc_get_interrupt_status
 .text.dacc_write_conversion_data
                0x000855ba        0x4 C:\Users\khlee\AppData\Local\arduino15\packages\arduino\hardware\sam\1.6.11\variants\arduino_due_x/libsam_sam3x8e_gcc_rel.a(dacc.o)
                0x000855ba                dacc_write_conversion_data
 .text.dacc_set_channel_selection
                0x000855be       0x18 C:\Users\khlee\AppData\Local\arduino15\packages\arduino\hardware\sam\1.6.11\variants\arduino_due_x/libsam_sam3x8e_gcc_rel.a(dacc.o)
                0x000855be                dacc_set_channel_selection
 .text.dacc_set_power_save
                0x000855d6       0x24 C:\Users\khlee\AppData\Local\arduino15\packages\arduino\hardware\sam\1.6.11\variants\arduino_due_x/libsam_sam3x8e_gcc_rel.a(dacc.o)
                0x000855d6                dacc_set_power_save
 .text.dacc_set_timing
                0x000855fa       0x2c C:\Users\khlee\AppData\Local\arduino15\packages\arduino\hardware\sam\1.6.11\variants\arduino_due_x/libsam_sam3x8e_gcc_rel.a(dacc.o)
                0x000855fa                dacc_set_timing
 .text.dacc_enable_channel
                0x00085626       0x12 C:\Users\khlee\AppData\Local\arduino15\packages\arduino\hardware\sam\1.6.11\variants\arduino_due_x/libsam_sam3x8e_gcc_rel.a(dacc.o)
                0x00085626                dacc_enable_channel
 .text.dacc_get_channel_status
                0x00085638        0x4 C:\Users\khlee\AppData\Local\arduino15\packages\arduino\hardware\sam\1.6.11\variants\arduino_due_x/libsam_sam3x8e_gcc_rel.a(dacc.o)
                0x00085638                dacc_get_channel_status
 .text.dacc_set_analog_control
                0x0008563c        0x8 C:\Users\khlee\AppData\Local\arduino15\packages\arduino\hardware\sam\1.6.11\variants\arduino_due_x/libsam_sam3x8e_gcc_rel.a(dacc.o)
                0x0008563c                dacc_set_analog_control
 .text.fabs     0x00085644        0x8 c:/users/khlee/appdata/local/arduino15/packages/arduino/tools/arm-none-eabi-gcc/4.8.3-2014q1/bin/../lib/gcc/arm-none-eabi/4.8.3/../../../../arm-none-eabi/lib/armv7-m\libm.a(lib_a-s_fabs.o)
                0x00085644                fabs
 .text.__fpclassifyd
                0x0008564c       0x50 c:/users/khlee/appdata/local/arduino15/packages/arduino/tools/arm-none-eabi-gcc/4.8.3-2014q1/bin/../lib/gcc/arm-none-eabi/4.8.3/../../../../arm-none-eabi/lib/armv7-m\libm.a(lib_a-s_fpclassify.o)
                0x0008564c                __fpclassifyd
 .text.sin      0x0008569c       0x94 c:/users/khlee/appdata/local/arduino15/packages/arduino/tools/arm-none-eabi-gcc/4.8.3-2014q1/bin/../lib/gcc/arm-none-eabi/4.8.3/../../../../arm-none-eabi/lib/armv7-m\libm.a(lib_a-s_sin.o)
                0x0008569c                sin
 .text.__ieee754_rem_pio2
                0x00085730      0x440 c:/users/khlee/appdata/local/arduino15/packages/arduino/tools/arm-none-eabi-gcc/4.8.3-2014q1/bin/../lib/gcc/arm-none-eabi/4.8.3/../../../../arm-none-eabi/lib/armv7-m\libm.a(lib_a-e_rem_pio2.o)
                0x00085730                __ieee754_rem_pio2
 .text.__kernel_cos
                0x00085b70      0x248 c:/users/khlee/appdata/local/arduino15/packages/arduino/tools/arm-none-eabi-gcc/4.8.3-2014q1/bin/../lib/gcc/arm-none-eabi/4.8.3/../../../../arm-none-eabi/lib/armv7-m\libm.a(lib_a-k_cos.o)
                0x00085b70                __kernel_cos
 .text.__kernel_rem_pio2
                0x00085db8      0x7bc c:/users/khlee/appdata/local/arduino15/packages/arduino/tools/arm-none-eabi-gcc/4.8.3-2014q1/bin/../lib/gcc/arm-none-eabi/4.8.3/../../../../arm-none-eabi/lib/armv7-m\libm.a(lib_a-k_rem_pio2.o)
                0x00085db8                __kernel_rem_pio2
 *fill*         0x00086574        0x4 
 .text.__kernel_sin
                0x00086578      0x170 c:/users/khlee/appdata/local/arduino15/packages/arduino/tools/arm-none-eabi-gcc/4.8.3-2014q1/bin/../lib/gcc/arm-none-eabi/4.8.3/../../../../arm-none-eabi/lib/armv7-m\libm.a(lib_a-k_sin.o)
                0x00086578                __kernel_sin
 .text.floor    0x000866e8      0x120 c:/users/khlee/appdata/local/arduino15/packages/arduino/tools/arm-none-eabi-gcc/4.8.3-2014q1/bin/../lib/gcc/arm-none-eabi/4.8.3/../../../../arm-none-eabi/lib/armv7-m\libm.a(lib_a-s_floor.o)
                0x000866e8                floor
 .text.scalbn   0x00086808      0x100 c:/users/khlee/appdata/local/arduino15/packages/arduino/tools/arm-none-eabi-gcc/4.8.3-2014q1/bin/../lib/gcc/arm-none-eabi/4.8.3/../../../../arm-none-eabi/lib/armv7-m\libm.a(lib_a-s_scalbn.o)
                0x00086808                scalbn
 .text.copysign
                0x00086908       0x14 c:/users/khlee/appdata/local/arduino15/packages/arduino/tools/arm-none-eabi-gcc/4.8.3-2014q1/bin/../lib/gcc/arm-none-eabi/4.8.3/../../../../arm-none-eabi/lib/armv7-m\libm.a(lib_a-s_copysign.o)
                0x00086908                copysign
 .text          0x0008691c      0x370 c:/users/khlee/appdata/local/arduino15/packages/arduino/tools/arm-none-eabi-gcc/4.8.3-2014q1/bin/../lib/gcc/arm-none-eabi/4.8.3/armv7-m\libgcc.a(_arm_addsubdf3.o)
                0x0008691c                __aeabi_drsub
                0x00086924                __aeabi_dsub
                0x00086924                __subdf3
                0x00086928                __aeabi_dadd
                0x00086928                __adddf3
                0x00086ba0                __floatunsidf
                0x00086ba0                __aeabi_ui2d
                0x00086bc0                __floatsidf
                0x00086bc0                __aeabi_i2d
                0x00086be4                __aeabi_f2d
                0x00086be4                __extendsfdf2
                0x00086c20                __floatundidf
                0x00086c20                __aeabi_ul2d
                0x00086c30                __floatdidf
                0x00086c30                __aeabi_l2d
 .text          0x00086c8c      0x424 c:/users/khlee/appdata/local/arduino15/packages/arduino/tools/arm-none-eabi-gcc/4.8.3-2014q1/bin/../lib/gcc/arm-none-eabi/4.8.3/armv7-m\libgcc.a(_arm_muldivdf3.o)
                0x00086c8c                __aeabi_dmul
                0x00086c8c                __muldf3
                0x00086ee0                __divdf3
                0x00086ee0                __aeabi_ddiv
 .text          0x000870b0      0x110 c:/users/khlee/appdata/local/arduino15/packages/arduino/tools/arm-none-eabi-gcc/4.8.3-2014q1/bin/../lib/gcc/arm-none-eabi/4.8.3/armv7-m\libgcc.a(_arm_cmpdf2.o)
                0x000870b0                __gtdf2
                0x000870b0                __gedf2
                0x000870b8                __ltdf2
                0x000870b8                __ledf2
                0x000870c0                __nedf2
                0x000870c0                __eqdf2
                0x000870c0                __cmpdf2
                0x0008713c                __aeabi_cdrcmple
                0x0008714c                __aeabi_cdcmpeq
                0x0008714c                __aeabi_cdcmple
                0x0008715c                __aeabi_dcmpeq
                0x00087170                __aeabi_dcmplt
                0x00087184                __aeabi_dcmple
                0x00087198                __aeabi_dcmpge
                0x000871ac                __aeabi_dcmpgt
 .text          0x000871c0       0x50 c:/users/khlee/appdata/local/arduino15/packages/arduino/tools/arm-none-eabi-gcc/4.8.3-2014q1/bin/../lib/gcc/arm-none-eabi/4.8.3/armv7-m\libgcc.a(_arm_fixdfsi.o)
                0x000871c0                __aeabi_d2iz
                0x000871c0                __fixdfsi
 .text          0x00087210       0x40 c:/users/khlee/appdata/local/arduino15/packages/arduino/tools/arm-none-eabi-gcc/4.8.3-2014q1/bin/../lib/gcc/arm-none-eabi/4.8.3/armv7-m\libgcc.a(_arm_fixunsdfsi.o)
                0x00087210                __aeabi_d2uiz
                0x00087210                __fixunsdfsi
 .text          0x00087250       0xa0 c:/users/khlee/appdata/local/arduino15/packages/arduino/tools/arm-none-eabi-gcc/4.8.3-2014q1/bin/../lib/gcc/arm-none-eabi/4.8.3/armv7-m\libgcc.a(_arm_truncdfsf2.o)
                0x00087250                __truncdfsf2
                0x00087250                __aeabi_d2f
 .text          0x000872f0      0x21c c:/users/khlee/appdata/local/arduino15/packages/arduino/tools/arm-none-eabi-gcc/4.8.3-2014q1/bin/../lib/gcc/arm-none-eabi/4.8.3/armv7-m\libgcc.a(_arm_addsubsf3.o)
                0x000872f0                __aeabi_frsub
                0x000872f8                __subsf3
                0x000872f8                __aeabi_fsub
                0x000872fc                __aeabi_fadd
                0x000872fc                __addsf3
                0x0008745c                __aeabi_ui2f
                0x0008745c                __floatunsisf
                0x00087464                __aeabi_i2f
                0x00087464                __floatsisf
                0x00087480                __aeabi_ul2f
                0x00087480                __floatundisf
                0x00087490                __aeabi_l2f
                0x00087490                __floatdisf
 .text          0x0008750c      0x2a0 c:/users/khlee/appdata/local/arduino15/packages/arduino/tools/arm-none-eabi-gcc/4.8.3-2014q1/bin/../lib/gcc/arm-none-eabi/4.8.3/armv7-m\libgcc.a(_arm_muldivsf3.o)
                0x0008750c                __mulsf3
                0x0008750c                __aeabi_fmul
                0x00087674                __aeabi_fdiv
                0x00087674                __divsf3
 .text          0x000877ac       0xec c:/users/khlee/appdata/local/arduino15/packages/arduino/tools/arm-none-eabi-gcc/4.8.3-2014q1/bin/../lib/gcc/arm-none-eabi/4.8.3/armv7-m\libgcc.a(_arm_cmpsf2.o)
                0x000877ac                __gesf2
                0x000877ac                __gtsf2
                0x000877b4                __lesf2
                0x000877b4                __ltsf2
                0x000877bc                __nesf2
                0x000877bc                __eqsf2
                0x000877bc                __cmpsf2
                0x0008781c                __aeabi_cfrcmple
                0x00087824                __aeabi_cfcmpeq
                0x00087824                __aeabi_cfcmple
                0x00087834                __aeabi_fcmpeq
                0x00087848                __aeabi_fcmplt
                0x0008785c                __aeabi_fcmple
                0x00087870                __aeabi_fcmpge
                0x00087884                __aeabi_fcmpgt
 .text          0x00087898       0x4c c:/users/khlee/appdata/local/arduino15/packages/arduino/tools/arm-none-eabi-gcc/4.8.3-2014q1/bin/../lib/gcc/arm-none-eabi/4.8.3/armv7-m\libgcc.a(_arm_fixsfsi.o)
                0x00087898                __aeabi_f2iz
                0x00087898                __fixsfsi
 .text.__assert_func
                0x000878e4       0x3c c:/users/khlee/appdata/local/arduino15/packages/arduino/tools/arm-none-eabi-gcc/4.8.3-2014q1/bin/../lib/gcc/arm-none-eabi/4.8.3/../../../../arm-none-eabi/lib/armv7-m\libg.a(lib_a-assert.o)
                0x000878e4                __assert_func
 .text.atof     0x00087920        0x8 c:/users/khlee/appdata/local/arduino15/packages/arduino/tools/arm-none-eabi-gcc/4.8.3-2014q1/bin/../lib/gcc/arm-none-eabi/4.8.3/../../../../arm-none-eabi/lib/armv7-m\libg.a(lib_a-atof.o)
                0x00087920                atof
 .text.atoi     0x00087928        0x8 c:/users/khlee/appdata/local/arduino15/packages/arduino/tools/arm-none-eabi-gcc/4.8.3-2014q1/bin/../lib/gcc/arm-none-eabi/4.8.3/../../../../arm-none-eabi/lib/armv7-m\libg.a(lib_a-atoi.o)
                0x00087928                atoi
 .text.fiprintf
                0x00087930       0x28 c:/users/khlee/appdata/local/arduino15/packages/arduino/tools/arm-none-eabi-gcc/4.8.3-2014q1/bin/../lib/gcc/arm-none-eabi/4.8.3/../../../../arm-none-eabi/lib/armv7-m\libg.a(lib_a-fiprintf.o)
                0x00087930                fiprintf
 .text.__libc_init_array
                0x00087958       0x50 c:/users/khlee/appdata/local/arduino15/packages/arduino/tools/arm-none-eabi-gcc/4.8.3-2014q1/bin/../lib/gcc/arm-none-eabi/4.8.3/../../../../arm-none-eabi/lib/armv7-m\libg.a(lib_a-init.o)
                0x00087958                __libc_init_array
 .text.iprintf  0x000879a8       0x28 c:/users/khlee/appdata/local/arduino15/packages/arduino/tools/arm-none-eabi-gcc/4.8.3-2014q1/bin/../lib/gcc/arm-none-eabi/4.8.3/../../../../arm-none-eabi/lib/armv7-m\libg.a(lib_a-iprintf.o)
                0x000879a8                iprintf
 .text.malloc   0x000879d0       0x10 c:/users/khlee/appdata/local/arduino15/packages/arduino/tools/arm-none-eabi-gcc/4.8.3-2014q1/bin/../lib/gcc/arm-none-eabi/4.8.3/../../../../arm-none-eabi/lib/armv7-m\libg.a(lib_a-malloc.o)
                0x000879d0                malloc
 .text._malloc_r
                0x000879e0      0x538 c:/users/khlee/appdata/local/arduino15/packages/arduino/tools/arm-none-eabi-gcc/4.8.3-2014q1/bin/../lib/gcc/arm-none-eabi/4.8.3/../../../../arm-none-eabi/lib/armv7-m\libg.a(lib_a-mallocr.o)
                0x000879e0                _malloc_r