Archive member included because of file (symbol)

C:\Users\khlee\AppData\Local\arduino15\packages\arduino\hardware\sam\1.6.11\variants\arduino_due_x/libsam_sam3x8e_gcc_rel.a(pio.o)
                              C:\Users\khlee\AppData\Local\Temp\VMBCore\arduino16x\2e3b066dd31e5e5bbe281843617be094\variant\variant.cpp.o (PIO_Configure)
C:\Users\khlee\AppData\Local\arduino15\packages\arduino\hardware\sam\1.6.11\variants\arduino_due_x/libsam_sam3x8e_gcc_rel.a(pmc.o)
                              C:\Users\khlee\AppData\Local\Temp\VMBCore\arduino16x\2e3b066dd31e5e5bbe281843617be094\variant\variant.cpp.o (pmc_enable_periph_clk)
C:\Users\khlee\AppData\Local\arduino15\packages\arduino\hardware\sam\1.6.11\variants\arduino_due_x/libsam_sam3x8e_gcc_rel.a(system_sam3xa.o)
                              C:\Users\khlee\AppData\Local\Temp\VMBCore\arduino16x\2e3b066dd31e5e5bbe281843617be094\variant\variant.cpp.o (SystemInit)
C:\Users\khlee\AppData\Local\arduino15\packages\arduino\hardware\sam\1.6.11\variants\arduino_due_x/libsam_sam3x8e_gcc_rel.a(startup_sam3xa.o)
                              (Reset_Handler)
C:\Users\khlee\AppData\Local\arduino15\packages\arduino\hardware\sam\1.6.11\variants\arduino_due_x/libsam_sam3x8e_gcc_rel.a(adc.o)
                              C:\Users\khlee\AppData\Local\Temp\VMBCore\arduino16x\2e3b066dd31e5e5bbe281843617be094\variant\variant.cpp.o (adc_init)
C:\Users\khlee\AppData\Local\arduino15\packages\arduino\hardware\sam\1.6.11\variants\arduino_due_x/libsam_sam3x8e_gcc_rel.a(uotghs.o)
                              C:\Users\khlee\AppData\Local\arduino15\packages\arduino\hardware\sam\1.6.11\variants\arduino_due_x/libsam_sam3x8e_gcc_rel.a(startup_sam3xa.o) (UOTGHS_Handler)
C:\Users\khlee\AppData\Local\Temp\VMBuilds\PPVC_UserboardV1\arduino_due_x_dbg\Debug/core.a(cortex_handlers.c.o)
                              C:\Users\khlee\AppData\Local\arduino15\packages\arduino\hardware\sam\1.6.11\variants\arduino_due_x/libsam_sam3x8e_gcc_rel.a(startup_sam3xa.o) (NMI_Handler)
C:\Users\khlee\AppData\Local\Temp\VMBuilds\PPVC_UserboardV1\arduino_due_x_dbg\Debug/core.a(hooks.c.o)
                              C:\Users\khlee\AppData\Local\Temp\VMBuilds\PPVC_UserboardV1\arduino_due_x_dbg\Debug/core.a(cortex_handlers.c.o) (sysTickHook)
C:\Users\khlee\AppData\Local\Temp\VMBuilds\PPVC_UserboardV1\arduino_due_x_dbg\Debug/core.a(syscalls_sam3.c.o)
                              (_sbrk)
C:\Users\khlee\AppData\Local\Temp\VMBuilds\PPVC_UserboardV1\arduino_due_x_dbg\Debug/core.a(wiring.c.o)
                              C:\Users\khlee\AppData\Local\Temp\VMBuilds\PPVC_UserboardV1\arduino_due_x_dbg\Debug\PPVC_UserboardV1.cpp.o (millis)
C:\Users\khlee\AppData\Local\Temp\VMBuilds\PPVC_UserboardV1\arduino_due_x_dbg\Debug/core.a(wiring_analog.c.o)
                              C:\Users\khlee\AppData\Local\Temp\VMBCore\arduino16x\2e3b066dd31e5e5bbe281843617be094\variant\variant.cpp.o (analogOutputInit)
C:\Users\khlee\AppData\Local\Temp\VMBuilds\PPVC_UserboardV1\arduino_due_x_dbg\Debug/core.a(wiring_digital.c.o)
                              C:\Users\khlee\AppData\Local\Temp\VMBuilds\PPVC_UserboardV1\arduino_due_x_dbg\Debug\PPVC_UserboardV1.cpp.o (pinMode)
C:\Users\khlee\AppData\Local\Temp\VMBuilds\PPVC_UserboardV1\arduino_due_x_dbg\Debug/core.a(main.cpp.o)
                              c:/users/khlee/appdata/local/arduino15/packages/arduino/tools/arm-none-eabi-gcc/4.8.3-2014q1/bin/../lib/gcc/arm-none-eabi/4.8.3/../../../../arm-none-eabi/lib/armv7-m/crt0.o (main)
C:\Users\khlee\AppData\Local\Temp\VMBuilds\PPVC_UserboardV1\arduino_due_x_dbg\Debug/core.a(Print.cpp.o)
                              C:\Users\khlee\AppData\Local\Temp\VMBuilds\PPVC_UserboardV1\arduino_due_x_dbg\Debug\PPVC_UserboardV1.cpp.o (Print::print(__FlashStringHelper const*))
C:\Users\khlee\AppData\Local\Temp\VMBuilds\PPVC_UserboardV1\arduino_due_x_dbg\Debug/core.a(Reset.cpp.o)
                              C:\Users\khlee\AppData\Local\Temp\VMBuilds\PPVC_UserboardV1\arduino_due_x_dbg\Debug/core.a(cortex_handlers.c.o) (tickReset)
C:\Users\khlee\AppData\Local\Temp\VMBuilds\PPVC_UserboardV1\arduino_due_x_dbg\Debug/core.a(RingBuffer.cpp.o)
                              C:\Users\khlee\AppData\Local\Temp\VMBCore\arduino16x\2e3b066dd31e5e5bbe281843617be094\variant\variant.cpp.o (RingBuffer::RingBuffer())
C:\Users\khlee\AppData\Local\Temp\VMBuilds\PPVC_UserboardV1\arduino_due_x_dbg\Debug/core.a(UARTClass.cpp.o)
                              C:\Users\khlee\AppData\Local\Temp\VMBCore\arduino16x\2e3b066dd31e5e5bbe281843617be094\variant\variant.cpp.o (UARTClass::available())
C:\Users\khlee\AppData\Local\Temp\VMBuilds\PPVC_UserboardV1\arduino_due_x_dbg\Debug/core.a(USARTClass.cpp.o)
                              C:\Users\khlee\AppData\Local\Temp\VMBuilds\PPVC_UserboardV1\arduino_due_x_dbg\Debug\PPVC_UserboardV1.cpp.o (USARTClass::begin(unsigned long))
C:\Users\khlee\AppData\Local\Temp\VMBuilds\PPVC_UserboardV1\arduino_due_x_dbg\Debug/core.a(watchdog.cpp.o)
[...]
Memory Configuration

Name             Origin             Length             Attributes
rom              0x00080000         0x00080000         xr
sram0            0x20000000         0x00010000         xrw
sram1            0x20080000         0x00008000         xrw
ram              0x20070000         0x00018000         xrw
*default*        0x00000000         0xffffffff

Linker script and memory map

LOAD c:/users/khlee/appdata/local/arduino15/packages/arduino/tools/arm-none-eabi-gcc/4.8.3-2014q1/bin/../lib/gcc/arm-none-eabi/4.8.3/armv7-m/crti.o
LOAD c:/users/khlee/appdata/local/arduino15/packages/arduino/tools/arm-none-eabi-gcc/4.8.3-2014q1/bin/../lib/gcc/arm-none-eabi/4.8.3/armv7-m/crtbegin.o
LOAD c:/users/khlee/appdata/local/arduino15/packages/arduino/tools/arm-none-eabi-gcc/4.8.3-2014q1/bin/../lib/gcc/arm-none-eabi/4.8.3/../../../../arm-none-eabi/lib/armv7-m/crt0.o
START GROUP
LOAD C:\Users\khlee\AppData\Local\Temp\VMBuilds\PPVC_UserboardV1\arduino_due_x_dbg\Debug\PPVC_UserboardV1.cpp.o
LOAD C:\Users\khlee\AppData\Local\Temp\VMBuilds\PPVC_UserboardV1\arduino_due_x_dbg\Debug\VM_DBG\VM_DBG.cpp.o
LOAD C:\Users\khlee\AppData\Local\Temp\VMBCore\arduino16x\2e3b066dd31e5e5bbe281843617be094\variant\variant.cpp.o
LOAD C:\Users\khlee\AppData\Local\arduino15\packages\arduino\hardware\sam\1.6.11\variants\arduino_due_x/libsam_sam3x8e_gcc_rel.a
LOAD C:\Users\khlee\AppData\Local\Temp\VMBuilds\PPVC_UserboardV1\arduino_due_x_dbg\Debug/core.a
END GROUP
LOAD c:/users/khlee/appdata/local/arduino15/packages/arduino/tools/arm-none-eabi-gcc/4.8.3-2014q1/bin/../lib/gcc/arm-none-eabi/4.8.3/../../../../arm-none-eabi/lib/armv7-m\libm.a
START GROUP
LOAD c:/users/khlee/appdata/local/arduino15/packages/arduino/tools/arm-none-eabi-gcc/4.8.3-2014q1/bin/../lib/gcc/arm-none-eabi/4.8.3/armv7-m\libgcc.a
LOAD c:/users/khlee/appdata/local/arduino15/packages/arduino/tools/arm-none-eabi-gcc/4.8.3-2014q1/bin/../lib/gcc/arm-none-eabi/4.8.3/../../../../arm-none-eabi/lib/armv7-m\libg.a
LOAD c:/users/khlee/appdata/local/arduino15/packages/arduino/tools/arm-none-eabi-gcc/4.8.3-2014q1/bin/../lib/gcc/arm-none-eabi/4.8.3/../../../../arm-none-eabi/lib/armv7-m\libc.a
END GROUP
LOAD c:/users/khlee/appdata/local/arduino15/packages/arduino/tools/arm-none-eabi-gcc/4.8.3-2014q1/bin/../lib/gcc/arm-none-eabi/4.8.3/armv7-m/crtend.o
LOAD c:/users/khlee/appdata/local/arduino15/packages/arduino/tools/arm-none-eabi-gcc/4.8.3-2014q1/bin/../lib/gcc/arm-none-eabi/4.8.3/armv7-m/crtn.o

.text           0x00080000     0x5998
                0x00080000                . = ALIGN (0x4)
                0x00080000                _sfixed = .
 *(.vectors .vectors.*)
 .vectors       0x00080000       0xf4 C:\Users\khlee\AppData\Local\arduino15\packages\arduino\hardware\sam\1.6.11\variants\arduino_due_x/libsam_sam3x8e_gcc_rel.a(startup_sam3xa.o)
                0x00080000                exception_table
 *(.text .text.* .gnu.linkonce.t.*)
 .text          0x000800f4       0x54 c:/users/khlee/appdata/local/arduino15/packages/arduino/tools/arm-none-eabi-gcc/4.8.3-2014q1/bin/../lib/gcc/arm-none-eabi/4.8.3/armv7-m/crtbegin.o
 .text.loop     0x00080148       0xd4 C:\Users\khlee\AppData\Local\Temp\VMBuilds\PPVC_UserboardV1\arduino_due_x_dbg\Debug\PPVC_UserboardV1.cpp.o
                0x00080148                loop
 .text.setup    0x0008021c       0x9c C:\Users\khlee\AppData\Local\Temp\VMBuilds\PPVC_UserboardV1\arduino_due_x_dbg\Debug\PPVC_UserboardV1.cpp.o
                0x0008021c                setup
 .text._ZN16VisualMicroDebug16DBG_YieldAndWaitEmb
                0x000802b8       0x1a C:\Users\khlee\AppData\Local\Temp\VMBuilds\PPVC_UserboardV1\arduino_due_x_dbg\Debug\VM_DBG\VM_DBG.cpp.o
                0x000802b8                VisualMicroDebug::DBG_YieldAndWait(unsigned long, bool)
 .text._ZN16VisualMicroDebug16DBG_YieldAndWaitEm
                0x000802d2        0x6 C:\Users\khlee\AppData\Local\Temp\VMBuilds\PPVC_UserboardV1\arduino_due_x_dbg\Debug\VM_DBG\VM_DBG.cpp.o
                0x000802d2                VisualMicroDebug::DBG_YieldAndWait(unsigned long)
 .text._ZN16VisualMicroDebug14outPacketStartEb
                0x000802d8       0x28 C:\Users\khlee\AppData\Local\Temp\VMBuilds\PPVC_UserboardV1\arduino_due_x_dbg\Debug\VM_DBG\VM_DBG.cpp.o
                0x000802d8                VisualMicroDebug::outPacketStart(bool)
 .text._ZN16VisualMicroDebug12outPacketEndEv
                0x00080300        0x2 C:\Users\khlee\AppData\Local\Temp\VMBuilds\PPVC_UserboardV1\arduino_due_x_dbg\Debug\VM_DBG\VM_DBG.cpp.o
                0x00080300                VisualMicroDebug::outPacketEnd()
 .text._ZN16VisualMicroDebug4initEm
                0x00080302        0xe C:\Users\khlee\AppData\Local\Temp\VMBuilds\PPVC_UserboardV1\arduino_due_x_dbg\Debug\VM_DBG\VM_DBG.cpp.o
                0x00080302                VisualMicroDebug::init(unsigned long)
 .text._ZN16VisualMicroDebug5beginEP9UARTClassm
                0x00080310       0x10 C:\Users\khlee\AppData\Local\Temp\VMBuilds\PPVC_UserboardV1\arduino_due_x_dbg\Debug\VM_DBG\VM_DBG.cpp.o
                0x00080310                VisualMicroDebug::begin(UARTClass*, unsigned long)
 .text._ZN16VisualMicroDebug4readEv
                0x00080320        0xe C:\Users\khlee\AppData\Local\Temp\VMBuilds\PPVC_UserboardV1\arduino_due_x_dbg\Debug\VM_DBG\VM_DBG.cpp.o
                0x00080320                VisualMicroDebug::read()
 .text._ZN16VisualMicroDebug9availableEv
                0x0008032e        0xe C:\Users\khlee\AppData\Local\Temp\VMBuilds\PPVC_UserboardV1\arduino_due_x_dbg\Debug\VM_DBG\VM_DBG.cpp.o
                0x0008032e                VisualMicroDebug::available()
 .text._ZN16VisualMicroDebug16sendContinuedACKEh
                0x0008033c       0x3c C:\Users\khlee\AppData\Local\Temp\VMBuilds\PPVC_UserboardV1\arduino_due_x_dbg\Debug\VM_DBG\VM_DBG.cpp.o
                0x0008033c                VisualMicroDebug::sendContinuedACK(unsigned char)
 .text._ZN16VisualMicroDebug9breakWaitEh
                0x00080378       0x54 C:\Users\khlee\AppData\Local\Temp\VMBuilds\PPVC_UserboardV1\arduino_due_x_dbg\Debug\VM_DBG\VM_DBG.cpp.o
                0x00080378                VisualMicroDebug::breakWait(unsigned char)
 .text._ZN16VisualMicroDebug5startEbb
                0x000803cc       0x26 C:\Users\khlee\AppData\Local\Temp\VMBuilds\PPVC_UserboardV1\arduino_due_x_dbg\Debug\VM_DBG\VM_DBG.cpp.o
                0x000803cc                VisualMicroDebug::start(bool, bool)
 *fill*         0x000803f2        0x2 
 .text.startup._GLOBAL__sub_I__ZN16VisualMicroDebug16DBG_YieldAndWaitEm
                0x000803f4       0x14 C:\Users\khlee\AppData\Local\Temp\VMBuilds\PPVC_UserboardV1\arduino_due_x_dbg\Debug\VM_DBG\VM_DBG.cpp.o
 .text._Z11serialEventv
                0x00080408        0x2 C:\Users\khlee\AppData\Local\Temp\VMBCore\arduino16x\2e3b066dd31e5e5bbe281843617be094\variant\variant.cpp.o
                0x00080408                serialEvent()
 *fill*         0x0008040a        0x2 
 .text.UART_Handler
                0x0008040c        0xc C:\Users\khlee\AppData\Local\Temp\VMBCore\arduino16x\2e3b066dd31e5e5bbe281843617be094\variant\variant.cpp.o
                0x0008040c                UART_Handler
 .text._Z12serialEvent1v
                0x00080418        0x2 C:\Users\khlee\AppData\Local\Temp\VMBCore\arduino16x\2e3b066dd31e5e5bbe281843617be094\variant\variant.cpp.o
                0x00080418                serialEvent1()
 .text._Z12serialEvent2v
                0x0008041a        0x2 C:\Users\khlee\AppData\Local\Temp\VMBCore\arduino16x\2e3b066dd31e5e5bbe281843617be094\variant\variant.cpp.o
                0x0008041a                serialEvent2()
 .text._Z12serialEvent3v
                0x0008041c        0x2 C:\Users\khlee\AppData\Local\Temp\VMBCore\arduino16x\2e3b066dd31e5e5bbe281843617be094\variant\variant.cpp.o
                0x0008041c                serialEvent3()
 *fill*         0x0008041e        0x2 
 .text.USART0_Handler
                0x00080420        0xc C:\Users\khlee\AppData\Local\Temp\VMBCore\arduino16x\2e3b066dd31e5e5bbe281843617be094\variant\variant.cpp.o
                0x00080420                USART0_Handler
 .text.USART1_Handler
                0x0008042c        0xc C:\Users\khlee\AppData\Local\Temp\VMBCore\arduino16x\2e3b066dd31e5e5bbe281843617be094\variant\variant.cpp.o
                0x0008042c                USART1_Handler
 .text.USART3_Handler
                0x00080438        0xc C:\Users\khlee\AppData\Local\Temp\VMBCore\arduino16x\2e3b066dd31e5e5bbe281843617be094\variant\variant.cpp.o
                0x00080438                USART3_Handler
 .text.init     0x00080444      0x128 C:\Users\khlee\AppData\Local\Temp\VMBCore\arduino16x\2e3b066dd31e5e5bbe281843617be094\variant\variant.cpp.o
                0x00080444                init
 .text.startup._GLOBAL__sub_I_g_APinDescription
                0x0008056c       0xd4 C:\Users\khlee\AppData\Local\Temp\VMBCore\arduino16x\2e3b066dd31e5e5bbe281843617be094\variant\variant.cpp.o
 .text._Z14serialEventRunv
                0x00080640       0x44 C:\Users\khlee\AppData\Local\Temp\VMBCore\arduino16x\2e3b066dd31e5e5bbe281843617be094\variant\variant.cpp.o
                0x00080640                serialEventRun()
 .text.PIO_PullUp
                0x00080684        0xa C:\Users\khlee\AppData\Local\arduino15\packages\arduino\hardware\sam\1.6.11\variants\arduino_due_x/libsam_sam3x8e_gcc_rel.a(pio.o)
                0x00080684                PIO_PullUp
 .text.PIO_Get  0x0008068e       0x14 C:\Users\khlee\AppData\Local\arduino15\packages\arduino\hardware\sam\1.6.11\variants\arduino_due_x/libsam_sam3x8e_gcc_rel.a(pio.o)
                0x0008068e                PIO_Get
 .text.PIO_SetPeripheral
                0x000806a2       0x26 C:\Users\khlee\AppData\Local\arduino15\packages\arduino\hardware\sam\1.6.11\variants\arduino_due_x/libsam_sam3x8e_gcc_rel.a(pio.o)
                0x000806a2                PIO_SetPeripheral
 .text.PIO_SetInput
                0x000806c8       0x26 C:\Users\khlee\AppData\Local\arduino15\packages\arduino\hardware\sam\1.6.11\variants\arduino_due_x/libsam_sam3x8e_gcc_rel.a(pio.o)
                0x000806c8                PIO_SetInput
 .text.PIO_SetOutput
                0x000806ee       0x24 C:\Users\khlee\AppData\Local\arduino15\packages\arduino\hardware\sam\1.6.11\variants\arduino_due_x/libsam_sam3x8e_gcc_rel.a(pio.o)
                0x000806ee                PIO_SetOutput
 *fill*         0x00080712        0x2 
 .text.PIO_Configure
                0x00080714       0x64 C:\Users\khlee\AppData\Local\arduino15\packages\arduino\hardware\sam\1.6.11\variants\arduino_due_x/libsam_sam3x8e_gcc_rel.a(pio.o)
                0x00080714                PIO_Configure
 .text.PIO_GetOutputDataStatus
                0x00080778       0x14 C:\Users\khlee\AppData\Local\arduino15\packages\arduino\hardware\sam\1.6.11\variants\arduino_due_x/libsam_sam3x8e_gcc_rel.a(pio.o)
                0x00080778                PIO_GetOutputDataStatus
 .text.pmc_enable_upll_clock
                0x0008078c       0x14 C:\Users\khlee\AppData\Local\arduino15\packages\arduino\hardware\sam\1.6.11\variants\arduino_due_x/libsam_sam3x8e_gcc_rel.a(pmc.o)
                0x0008078c                pmc_enable_upll_clock
 .text.pmc_enable_periph_clk
                0x000807a0       0x44 C:\Users\khlee\AppData\Local\arduino15\packages\arduino\hardware\sam\1.6.11\variants\arduino_due_x/libsam_sam3x8e_gcc_rel.a(pmc.o)
                0x000807a0                pmc_enable_periph_clk
 .text.pmc_disable_periph_clk
                0x000807e4       0x40 C:\Users\khlee\AppData\Local\arduino15\packages\arduino\hardware\sam\1.6.11\variants\arduino_due_x/libsam_sam3x8e_gcc_rel.a(pmc.o)
                0x000807e4                pmc_disable_periph_clk
 .text.pmc_switch_udpck_to_upllck
                0x00080824       0x14 C:\Users\khlee\AppData\Local\arduino15\packages\arduino\hardware\sam\1.6.11\variants\arduino_due_x/libsam_sam3x8e_gcc_rel.a(pmc.o)
                0x00080824                pmc_switch_udpck_to_upllck
 .text.pmc_enable_udpck
                0x00080838        0xc C:\Users\khlee\AppData\Local\arduino15\packages\arduino\hardware\sam\1.6.11\variants\arduino_due_x/libsam_sam3x8e_gcc_rel.a(pmc.o)
                0x00080838                pmc_enable_udpck
 .text.SystemInit
                0x00080844       0x88 C:\Users\khlee\AppData\Local\arduino15\packages\arduino\hardware\sam\1.6.11\variants\arduino_due_x/libsam_sam3x8e_gcc_rel.a(system_sam3xa.o)
                0x00080844                SystemInit
 .text.Reset_Handler
                0x000808cc       0x78 C:\Users\khlee\AppData\Local\arduino15\packages\arduino\hardware\sam\1.6.11\variants\arduino_due_x/libsam_sam3x8e_gcc_rel.a(startup_sam3xa.o)
                0x000808cc                Reset_Handler
 .text.adc_init
                0x00080944       0x98 C:\Users\khlee\AppData\Local\arduino15\packages\arduino\hardware\sam\1.6.11\variants\arduino_due_x/libsam_sam3x8e_gcc_rel.a(adc.o)
                0x00080944                adc_init
 .text.adc_configure_trigger
                0x000809dc        0xe C:\Users\khlee\AppData\Local\arduino15\packages\arduino\hardware\sam\1.6.11\variants\arduino_due_x/libsam_sam3x8e_gcc_rel.a(adc.o)
                0x000809dc                adc_configure_trigger
 .text.adc_configure_timing
                0x000809ea       0x1a C:\Users\khlee\AppData\Local\arduino15\packages\arduino\hardware\sam\1.6.11\variants\arduino_due_x/libsam_sam3x8e_gcc_rel.a(adc.o)
                0x000809ea                adc_configure_timing
 .text.adc_disable_channel
                0x00080a04        0xa C:\Users\khlee\AppData\Local\arduino15\packages\arduino\hardware\sam\1.6.11\variants\arduino_due_x/libsam_sam3x8e_gcc_rel.a(adc.o)
                0x00080a04                adc_disable_channel
 .text.adc_disable_all_channel
                0x00080a0e        0x8 C:\Users\khlee\AppData\Local\arduino15\packages\arduino\hardware\sam\1.6.11\variants\arduino_due_x/libsam_sam3x8e_gcc_rel.a(adc.o)
                0x00080a0e                adc_disable_all_channel
 .text.adc_disable_interrupt
                0x00080a16        0x4 C:\Users\khlee\AppData\Local\arduino15\packages\arduino\hardware\sam\1.6.11\variants\arduino_due_x/libsam_sam3x8e_gcc_rel.a(adc.o)
                0x00080a16                adc_disable_interrupt
 *fill*         0x00080a1a        0x2 
 .text.UOTGHS_Handler
                0x00080a1c       0x10 C:\Users\khlee\AppData\Local\arduino15\packages\arduino\hardware\sam\1.6.11\variants\arduino_due_x/libsam_sam3x8e_gcc_rel.a(uotghs.o)
                0x00080a1c                UOTGHS_Handler
 .text.__halt   0x00080a2c        0x2 C:\Users\khlee\AppData\Local\Temp\VMBuilds\PPVC_UserboardV1\arduino_due_x_dbg\Debug/core.a(cortex_handlers.c.o)
                0x00080a2c                DACC_Handler
                0x00080a2c                DebugMon_Handler
                0x00080a2c                DMAC_Handler
                0x00080a2c                TRNG_Handler
                0x00080a2c                HardFault_Handler
                0x00080a2c                TC2_Handler
                0x00080a2c                TWI1_Handler
                0x00080a2c                NMI_Handler
                0x00080a2c                TC7_Handler
                0x00080a2c                ADC_Handler
                0x00080a2c                SMC_Handler
                0x00080a2c                RTT_Handler
                0x00080a2c                EFC1_Handler
                0x00080a2c                PIOB_Handler
                0x00080a2c                RTC_Handler
                0x00080a2c                UsageFault_Handler
                0x00080a2c                TC6_Handler
                0x00080a2c                WDT_Handler
                0x00080a2c                CAN0_Handler
                0x00080a2c                TC4_Handler
                0x00080a2c                TC1_Handler
                0x00080a2c                HSMCI_Handler
                0x00080a2c                TC3_Handler
                0x00080a2c                TWI0_Handler
                0x00080a2c                PIOA_Handler
                0x00080a2c                SSC_Handler
                0x00080a2c                EFC0_Handler
                0x00080a2c                PMC_Handler
                0x00080a2c                PWM_Handler
                0x00080a2c                CAN1_Handler
                0x00080a2c                MemManage_Handler
                0x00080a2c                SUPC_Handler
                0x00080a2c                TC8_Handler
                0x00080a2c                USART2_Handler
                0x00080a2c                PIOD_Handler
                0x00080a2c                EMAC_Handler
                0x00080a2c                PIOC_Handler
                0x00080a2c                BusFault_Handler
                0x00080a2c                RSTC_Handler
                0x00080a2c                TC0_Handler
                0x00080a2c                TC5_Handler
                0x00080a2c                SPI0_Handler
 .text.SVC_Handler
                0x00080a2e        0x4 C:\Users\khlee\AppData\Local\Temp\VMBuilds\PPVC_UserboardV1\arduino_due_x_dbg\Debug/core.a(cortex_handlers.c.o)
                0x00080a2e                SVC_Handler
 .text.PendSV_Handler
                0x00080a32        0x4 C:\Users\khlee\AppData\Local\Temp\VMBuilds\PPVC_UserboardV1\arduino_due_x_dbg\Debug/core.a(cortex_handlers.c.o)
                0x00080a32                PendSV_Handler
 .text.SysTick_Handler
                0x00080a36       0x16 C:\Users\khlee\AppData\Local\Temp\VMBuilds\PPVC_UserboardV1\arduino_due_x_dbg\Debug/core.a(cortex_handlers.c.o)
                0x00080a36                SysTick_Handler
 .text.__empty  0x00080a4c        0x2 C:\Users\khlee\AppData\Local\Temp\VMBuilds\PPVC_UserboardV1\arduino_due_x_dbg\Debug/core.a(hooks.c.o)
                0x00080a4c                yield
 .text.__false  0x00080a4e        0x4 C:\Users\khlee\AppData\Local\Temp\VMBuilds\PPVC_UserboardV1\arduino_due_x_dbg\Debug/core.a(hooks.c.o)
                0x00080a4e                sysTickHook
 .text.__halt   0x00080a52        0x2 C:\Users\khlee\AppData\Local\Temp\VMBuilds\PPVC_UserboardV1\arduino_due_x_dbg\Debug/core.a(hooks.c.o)
                0x00080a52                svcHook
                0x00080a52                pendSVHook
 .text._sbrk    0x00080a54       0x1c C:\Users\khlee\AppData\Local\Temp\VMBuilds\PPVC_UserboardV1\arduino_due_x_dbg\Debug/core.a(syscalls_sam3.c.o)
                0x00080a54                _sbrk
 .text.link     0x00080a70        0x6 C:\Users\khlee\AppData\Local\Temp\VMBuilds\PPVC_UserboardV1\arduino_due_x_dbg\Debug/core.a(syscalls_sam3.c.o)
                0x00080a70                link
 .text._close   0x00080a76        0x6 C:\Users\khlee\AppData\Local\Temp\VMBuilds\PPVC_UserboardV1\arduino_due_x_dbg\Debug/core.a(syscalls_sam3.c.o)
                0x00080a76                _close
 .text._fstat   0x00080a7c        0xa C:\Users\khlee\AppData\Local\Temp\VMBuilds\PPVC_UserboardV1\arduino_due_x_dbg\Debug/core.a(syscalls_sam3.c.o)
                0x00080a7c                _fstat
 .text._isatty  0x00080a86        0x4 C:\Users\khlee\AppData\Local\Temp\VMBuilds\PPVC_UserboardV1\arduino_due_x_dbg\Debug/core.a(syscalls_sam3.c.o)
                0x00080a86                _isatty
 .text._lseek   0x00080a8a        0x4 C:\Users\khlee\AppData\Local\Temp\VMBuilds\PPVC_UserboardV1\arduino_due_x_dbg\Debug/core.a(syscalls_sam3.c.o)
                0x00080a8a                _lseek
 .text._read    0x00080a8e        0x4 C:\Users\khlee\AppData\Local\Temp\VMBuilds\PPVC_UserboardV1\arduino_due_x_dbg\Debug/core.a(syscalls_sam3.c.o)
                0x00080a8e                _read
 *fill*         0x00080a92        0x2 
 .text._write   0x00080a94       0x24 C:\Users\khlee\AppData\Local\Temp\VMBuilds\PPVC_UserboardV1\arduino_due_x_dbg\Debug/core.a(syscalls_sam3.c.o)
                0x00080a94                _write
 .text._exit    0x00080ab8       0x10 C:\Users\khlee\AppData\Local\Temp\VMBuilds\PPVC_UserboardV1\arduino_due_x_dbg\Debug/core.a(syscalls_sam3.c.o)
                0x00080ab8                _exit
 .text._kill    0x00080ac8        0x2 C:\Users\khlee\AppData\Local\Temp\VMBuilds\PPVC_UserboardV1\arduino_due_x_dbg\Debug/core.a(syscalls_sam3.c.o)
                0x00080ac8                _kill
 .text._getpid  0x00080aca        0x6 C:\Users\khlee\AppData\Local\Temp\VMBuilds\PPVC_UserboardV1\arduino_due_x_dbg\Debug/core.a(syscalls_sam3.c.o)
                0x00080aca                _getpid
 .text.millis   0x00080ad0        0x4 C:\Users\khlee\AppData\Local\Temp\VMBuilds\PPVC_UserboardV1\arduino_due_x_dbg\Debug/core.a(wiring.c.o)
                0x00080ad0                millis
 .text.delay    0x00080ad4       0x1c C:\Users\khlee\AppData\Local\Temp\VMBuilds\PPVC_UserboardV1\arduino_due_x_dbg\Debug/core.a(wiring.c.o)
                0x00080ad4                delay
 .text.analogOutputInit
                0x00080af0        0x2 C:\Users\khlee\AppData\Local\Temp\VMBuilds\PPVC_UserboardV1\arduino_due_x_dbg\Debug/core.a(wiring_analog.c.o)
                0x00080af0                analogOutputInit
 *fill*         0x00080af2        0x2 
 .text.pinMode  0x00080af4      0x108 C:\Users\khlee\AppData\Local\Temp\VMBuilds\PPVC_UserboardV1\arduino_due_x_dbg\Debug/core.a(wiring_digital.c.o)
                0x00080af4                pinMode
 .text.digitalWrite
                0x00080bfc       0x70 C:\Users\khlee\AppData\Local\Temp\VMBuilds\PPVC_UserboardV1\arduino_due_x_dbg\Debug/core.a(wiring_digital.c.o)
                0x00080bfc                digitalWrite
 .text.digitalRead
                0x00080c6c       0x44 C:\Users\khlee\AppData\Local\Temp\VMBuilds\PPVC_UserboardV1\arduino_due_x_dbg\Debug/core.a(wiring_digital.c.o)
                0x00080c6c                digitalRead
 .text.initVariant
                0x00080cb0        0x2 C:\Users\khlee\AppData\Local\Temp\VMBuilds\PPVC_UserboardV1\arduino_due_x_dbg\Debug/core.a(main.cpp.o)
                0x00080cb0                initVariant
 *fill*         0x00080cb2        0x2 
 .text.startup.main
                0x00080cb4       0x38 C:\Users\khlee\AppData\Local\Temp\VMBuilds\PPVC_UserboardV1\arduino_due_x_dbg\Debug/core.a(main.cpp.o)
                0x00080cb4                main
 .text._ZN5Print5writeEPKhj
                0x00080cec       0x22 C:\Users\khlee\AppData\Local\Temp\VMBuilds\PPVC_UserboardV1\arduino_due_x_dbg\Debug/core.a(Print.cpp.o)
                0x00080cec                Print::write(unsigned char const*, unsigned int)
 .text._ZN5Print5printEmi.part.3
                0x00080d0e        0xc C:\Users\khlee\AppData\Local\Temp\VMBuilds\PPVC_UserboardV1\arduino_due_x_dbg\Debug/core.a(Print.cpp.o)
 .text._ZN5Print5writeEPKc
                0x00080d1a       0x1e C:\Users\khlee\AppData\Local\Temp\VMBuilds\PPVC_UserboardV1\arduino_due_x_dbg\Debug/core.a(Print.cpp.o)
                0x00080d1a                Print::write(char const*)
 .text._ZN5Print5printEPK19__FlashStringHelper
                0x00080d38        0x8 C:\Users\khlee\AppData\Local\Temp\VMBuilds\PPVC_UserboardV1\arduino_due_x_dbg\Debug/core.a(Print.cpp.o)
                0x00080d38                Print::print(__FlashStringHelper const*)
 .text._ZN5Print5printEPKc
                0x00080d40        0x8 C:\Users\khlee\AppData\Local\Temp\VMBuilds\PPVC_UserboardV1\arduino_due_x_dbg\Debug/core.a(Print.cpp.o)
                0x00080d40                Print::print(char const*)
 .text._ZN5Print11printNumberEmh
                0x00080d48       0x3e C:\Users\khlee\AppData\Local\Temp\VMBuilds\PPVC_UserboardV1\arduino_due_x_dbg\Debug/core.a(Print.cpp.o)
                0x00080d48                Print::printNumber(unsigned long, unsigned char)
 .text._ZN5Print5printEmi
                0x00080d86        0xc C:\Users\khlee\AppData\Local\Temp\VMBuilds\PPVC_UserboardV1\arduino_due_x_dbg\Debug/core.a(Print.cpp.o)
                0x00080d86                Print::print(unsigned long, int)
 .text._ZN5Print5printEhi
                0x00080d92        0x4 C:\Users\khlee\AppData\Local\Temp\VMBuilds\PPVC_UserboardV1\arduino_due_x_dbg\Debug/core.a(Print.cpp.o)
                0x00080d92                Print::print(unsigned char, int)
 *fill*         0x00080d96        0x2 
 .text.initiateReset
                0x00080d98        0xc C:\Users\khlee\AppData\Local\Temp\VMBuilds\PPVC_UserboardV1\arduino_due_x_dbg\Debug/core.a(Reset.cpp.o)
                0x00080d98                initiateReset
 .text.cancelReset
                0x00080da4       0x10 C:\Users\khlee\AppData\Local\Temp\VMBuilds\PPVC_UserboardV1\arduino_due_x_dbg\Debug/core.a(Reset.cpp.o)
                0x00080da4                cancelReset
 .text.tickReset
                0x00080db4       0x20 C:\Users\khlee\AppData\Local\Temp\VMBuilds\PPVC_UserboardV1\arduino_due_x_dbg\Debug/core.a(Reset.cpp.o)
                0x00080db4                tickReset
 .text._ZN10RingBufferC2Ev
                0x00080dd4       0x1a C:\Users\khlee\AppData\Local\Temp\VMBuilds\PPVC_UserboardV1\arduino_due_x_dbg\Debug/core.a(RingBuffer.cpp.o)
                0x00080dd4                RingBuffer::RingBuffer()
                0x00080dd4                RingBuffer::RingBuffer()
 .text._ZN10RingBuffer10store_charEh
                0x00080dee       0x1e C:\Users\khlee\AppData\Local\Temp\VMBuilds\PPVC_UserboardV1\arduino_due_x_dbg\Debug/core.a(RingBuffer.cpp.o)
                0x00080dee                RingBuffer::store_char(unsigned char)
 .text._ZN9UARTClasscvbEv
                0x00080e0c        0x4 C:\Users\khlee\AppData\Local\Temp\VMBuilds\PPVC_UserboardV1\arduino_due_x_dbg\Debug/core.a(UARTClass.cpp.o)
                0x00080e0c                UARTClass::operator bool()
 .text._ZN9UARTClass9availableEv
                0x00080e10       0x12 C:\Users\khlee\AppData\Local\Temp\VMBuilds\PPVC_UserboardV1\arduino_due_x_dbg\Debug/core.a(UARTClass.cpp.o)
                0x00080e10                UARTClass::available()
 .text._ZN9UARTClass4peekEv
                0x00080e22       0x1c C:\Users\khlee\AppData\Local\Temp\VMBuilds\PPVC_UserboardV1\arduino_due_x_dbg\Debug/core.a(UARTClass.cpp.o)
                0x00080e22                UARTClass::peek()
 .text._ZN9UARTClass4readEv
                0x00080e3e       0x2a C:\Users\khlee\AppData\Local\Temp\VMBuilds\PPVC_UserboardV1\arduino_due_x_dbg\Debug/core.a(UARTClass.cpp.o)
                0x00080e3e                UARTClass::read()
 .text._ZN9UARTClass5flushEv
                0x00080e68       0x18 C:\Users\khlee\AppData\Local\Temp\VMBuilds\PPVC_UserboardV1\arduino_due_x_dbg\Debug/core.a(UARTClass.cpp.o)
                0x00080e68                UARTClass::flush()
 .text._ZN9UARTClass5writeEh
                0x00080e80       0x54 C:\Users\khlee\AppData\Local\Temp\VMBuilds\PPVC_UserboardV1\arduino_due_x_dbg\Debug/core.a(UARTClass.cpp.o)
                0x00080e80                UARTClass::write(unsigned char)
 .text._ZN9UARTClass3endEv
                0x00080ed4       0x3c C:\Users\khlee\AppData\Local\Temp\VMBuilds\PPVC_UserboardV1\arduino_due_x_dbg\Debug/core.a(UARTClass.cpp.o)
                0x00080ed4                UARTClass::end()
 .text._ZN9UARTClassC2EP4Uart4IRQnmP10RingBufferS4_
                0x00080f10       0x24 C:\Users\khlee\AppData\Local\Temp\VMBuilds\PPVC_UserboardV1\arduino_due_x_dbg\Debug/core.a(UARTClass.cpp.o)
                0x00080f10                UARTClass::UARTClass(Uart*, IRQn, unsigned long, RingBuffer*, RingBuffer*)
                0x00080f10                UARTClass::UARTClass(Uart*, IRQn, unsigned long, RingBuffer*, RingBuffer*)
 .text._ZN9UARTClass4initEmm
                0x00080f34       0x70 C:\Users\khlee\AppData\Local\Temp\VMBuilds\PPVC_UserboardV1\arduino_due_x_dbg\Debug/core.a(UARTClass.cpp.o)
                0x00080f34                UARTClass::init(unsigned long, unsigned long)
 .text._ZN9UARTClass5beginEm
                0x00080fa4        0x8 C:\Users\khlee\AppData\Local\Temp\VMBuilds\PPVC_UserboardV1\arduino_due_x_dbg\Debug/core.a(UARTClass.cpp.o)
                0x00080fa4                UARTClass::begin(unsigned long)
 .text._ZN9UARTClass10IrqHandlerEv
                0x00080fac       0x5a C:\Users\khlee\AppData\Local\Temp\VMBuilds\PPVC_UserboardV1\arduino_due_x_dbg\Debug/core.a(UARTClass.cpp.o)
                0x00080fac                UARTClass::IrqHandler()
 .text._ZN10USARTClass5beginEm
                0x00081006        0x8 C:\Users\khlee\AppData\Local\Temp\VMBuilds\PPVC_UserboardV1\arduino_due_x_dbg\Debug/core.a(USARTClass.cpp.o)
                0x00081006                USARTClass::begin(unsigned long)
 *fill*         0x0008100e        0x2 
 .text._ZN10USARTClassC2EP5Usart4IRQnmP10RingBufferS4_
                0x00081010       0x24 C:\Users\khlee\AppData\Local\Temp\VMBuilds\PPVC_UserboardV1\arduino_due_x_dbg\Debug/core.a(USARTClass.cpp.o)
                0x00081010                USARTClass::USARTClass(Usart*, IRQn, unsigned long, RingBuffer*, RingBuffer*)
                0x00081010                USARTClass::USARTClass(Usart*, IRQn, unsigned long, RingBuffer*, RingBuffer*)
 .text._watchdogDefaultSetup
                0x00081034        0xc C:\Users\khlee\AppData\Local\Temp\VMBuilds\PPVC_UserboardV1\arduino_due_x_dbg\Debug/core.a(watchdog.cpp.o)
                0x00081034                _watchdogDefaultSetup
                0x00081034                watchdogSetup()
 .text.unlikely._ZL11USB_SendZlpv
                0x00081040       0x20 C:\Users\khlee\AppData\Local\Temp\VMBuilds\PPVC_UserboardV1\arduino_due_x_dbg\Debug/core.a(USBCore.cpp.o)
 .text._Z14USBD_Availablem
                0x00081060       0x2c C:\Users\khlee\AppData\Local\Temp\VMBuilds\PPVC_UserboardV1\arduino_due_x_dbg\Debug/core.a(USBCore.cpp.o)
                0x00081060                USBD_Available(unsigned long)
 .text._Z9USBD_RecvmPvm
                0x0008108c       0x7c C:\Users\khlee\AppData\Local\Temp\VMBuilds\PPVC_UserboardV1\arduino_due_x_dbg\Debug/core.a(USBCore.cpp.o)
                0x0008108c                USBD_Recv(unsigned long, void*, unsigned long)
 .text._Z9USBD_Recvm
                0x00081108       0x22 C:\Users\khlee\AppData\Local\Temp\VMBuilds\PPVC_UserboardV1\arduino_due_x_dbg\Debug/core.a(USBCore.cpp.o)
                0x00081108                USBD_Recv(unsigned long)
 *fill*         0x0008112a        0x2 
 .text._Z9USBD_SendmPKvm
                0x0008112c       0x4c C:\Users\khlee\AppData\Local\Temp\VMBuilds\PPVC_UserboardV1\arduino_due_x_dbg\Debug/core.a(USBCore.cpp.o)
                0x0008112c                USBD_Send(unsigned long, void const*, unsigned long)
 .text._Z16USBD_SendControlhPKvm
                0x00081178       0x40 C:\Users\khlee\AppData\Local\Temp\VMBuilds\PPVC_UserboardV1\arduino_due_x_dbg\Debug/core.a(USBCore.cpp.o)
                0x00081178                USBD_SendControl(unsigned char, void const*, unsigned long)
 .text.unlikely._ZL24USB_SendStringDescriptorPKhi
                0x000811b8       0x64 C:\Users\khlee\AppData\Local\Temp\VMBuilds\PPVC_UserboardV1\arduino_due_x_dbg\Debug/core.a(USBCore.cpp.o)
 .text._Z16USBD_RecvControlPvm
                0x0008121c       0x1c C:\Users\khlee\AppData\Local\Temp\VMBuilds\PPVC_UserboardV1\arduino_due_x_dbg\Debug/core.a(USBCore.cpp.o)
                0x0008121c                USBD_RecvControl(void*, unsigned long)
 .text._Z26USBD_ClassInterfaceRequestR8USBSetup
                0x00081238       0x1e C:\Users\khlee\AppData\Local\Temp\VMBuilds\PPVC_UserboardV1\arduino_due_x_dbg\Debug/core.a(USBCore.cpp.o)
                0x00081238                USBD_ClassInterfaceRequest(USBSetup&)
 .text._Z19USBD_SendInterfacesv
                0x00081256       0x22 C:\Users\khlee\AppData\Local\Temp\VMBuilds\PPVC_UserboardV1\arduino_due_x_dbg\Debug/core.a(USBCore.cpp.o)
                0x00081256                USBD_SendInterfaces()
 .text._Z24USBD_SendOtherInterfacesv
                0x00081278       0x22 C:\Users\khlee\AppData\Local\Temp\VMBuilds\PPVC_UserboardV1\arduino_due_x_dbg\Debug/core.a(USBCore.cpp.o)
                0x00081278                USBD_SendOtherInterfaces()
 .text._Z10USBD_Flushm
                0x0008129a       0x16 C:\Users\khlee\AppData\Local\Temp\VMBuilds\PPVC_UserboardV1\arduino_due_x_dbg\Debug/core.a(USBCore.cpp.o)
                0x0008129a                USBD_Flush(unsigned long)
 .text._ZN10USBDevice_C2Ev
                0x000812b0       0x24 C:\Users\khlee\AppData\Local\Temp\VMBuilds\PPVC_UserboardV1\arduino_due_x_dbg\Debug/core.a(USBCore.cpp.o)
                0x000812b0                USBDevice_::USBDevice_()
                0x000812b0                USBDevice_::USBDevice_()
 .text._ZN10USBDevice_6attachEv
                0x000812d4       0x20 C:\Users\khlee\AppData\Local\Temp\VMBuilds\PPVC_UserboardV1\arduino_due_x_dbg\Debug/core.a(USBCore.cpp.o)
                0x000812d4                USBDevice_::attach()
 .text.startup._GLOBAL__sub_I_EndPoints
                0x000812f4        0xc C:\Users\khlee\AppData\Local\Temp\VMBuilds\PPVC_UserboardV1\arduino_due_x_dbg\Debug/core.a(USBCore.cpp.o)
 .text._ZL7USB_ISRv
                0x00081300      0x454 C:\Users\khlee\AppData\Local\Temp\VMBuilds\PPVC_UserboardV1\arduino_due_x_dbg\Debug/core.a(USBCore.cpp.o)
 .text._ZN7Serial_9availableEv
                0x00081754       0x18 C:\Users\khlee\AppData\Local\Temp\VMBuilds\PPVC_UserboardV1\arduino_due_x_dbg\Debug/core.a(CDC.cpp.o)
                0x00081754                Serial_::available()
 .text._ZN7Serial_17availableForWriteEv
                0x0008176c        0x6 C:\Users\khlee\AppData\Local\Temp\VMBuilds\PPVC_UserboardV1\arduino_due_x_dbg\Debug/core.a(CDC.cpp.o)
                0x0008176c                Serial_::availableForWrite()
 *fill*         0x00081772        0x2 
 .text._ZN7Serial_4peekEv
                0x00081774       0x20 C:\Users\khlee\AppData\Local\Temp\VMBuilds\PPVC_UserboardV1\arduino_due_x_dbg\Debug/core.a(CDC.cpp.o)
                0x00081774                Serial_::peek()
 .text._ZN7Serial_5writeEh
                0x00081794       0x16 C:\Users\khlee\AppData\Local\Temp\VMBuilds\PPVC_UserboardV1\arduino_due_x_dbg\Debug/core.a(CDC.cpp.o)
                0x00081794                Serial_::write(unsigned char)
 *fill*         0x000817aa        0x2 
 .text._ZN7Serial_4readEv
                0x000817ac       0x44 C:\Users\khlee\AppData\Local\Temp\VMBuilds\PPVC_UserboardV1\arduino_due_x_dbg\Debug/core.a(CDC.cpp.o)
                0x000817ac                Serial_::read()
 .text._ZN7Serial_5flushEv
                0x000817f0        0x6 C:\Users\khlee\AppData\Local\Temp\VMBuilds\PPVC_UserboardV1\arduino_due_x_dbg\Debug/core.a(CDC.cpp.o)
                0x000817f0                Serial_::flush()
 *fill*         0x000817f6        0x2 
 .text._ZN7Serial_6acceptEv
                0x000817f8       0x70 C:\Users\khlee\AppData\Local\Temp\VMBuilds\PPVC_UserboardV1\arduino_due_x_dbg\Debug/core.a(CDC.cpp.o)
                0x000817f8                Serial_::accept()
 .text._ZN7Serial_5writeEPKhj
                0x00081868       0x2c C:\Users\khlee\AppData\Local\Temp\VMBuilds\PPVC_UserboardV1\arduino_due_x_dbg\Debug/core.a(CDC.cpp.o)
                0x00081868                Serial_::write(unsigned char const*, unsigned int)
 .text._Z16CDC_GetInterfacePh
                0x00081894       0x14 C:\Users\khlee\AppData\Local\Temp\VMBuilds\PPVC_UserboardV1\arduino_due_x_dbg\Debug/core.a(CDC.cpp.o)
                0x00081894                CDC_GetInterface(unsigned char*)
 .text._Z21CDC_GetOtherInterfacePh
                0x000818a8       0x14 C:\Users\khlee\AppData\Local\Temp\VMBuilds\PPVC_UserboardV1\arduino_due_x_dbg\Debug/core.a(CDC.cpp.o)
                0x000818a8                CDC_GetOtherInterface(unsigned char*)
 .text._Z9CDC_SetupR8USBSetup
                0x000818bc       0x78 C:\Users\khlee\AppData\Local\Temp\VMBuilds\PPVC_UserboardV1\arduino_due_x_dbg\Debug/core.a(CDC.cpp.o)
                0x000818bc                CDC_Setup(USBSetup&)
 .text.startup._GLOBAL__sub_I_cdc_rx_buffer
                0x00081934       0x1c C:\Users\khlee\AppData\Local\Temp\VMBuilds\PPVC_UserboardV1\arduino_due_x_dbg\Debug/core.a(CDC.cpp.o)
 .text._ZN13PluggableUSB_12getInterfaceEPh
                0x00081950       0x28 C:\Users\khlee\AppData\Local\Temp\VMBuilds\PPVC_UserboardV1\arduino_due_x_dbg\Debug/core.a(PluggableUSB.cpp.o)
                0x00081950                PluggableUSB_::getInterface(unsigned char*)
 .text._ZN13PluggableUSB_13getDescriptorER8USBSetup
                0x00081978       0x1c C:\Users\khlee\AppData\Local\Temp\VMBuilds\PPVC_UserboardV1\arduino_due_x_dbg\Debug/core.a(PluggableUSB.cpp.o)
                0x00081978                PluggableUSB_::getDescriptor(USBSetup&)
 .text._ZN13PluggableUSB_12getShortNameEPc
                0x00081994       0x1c C:\Users\khlee\AppData\Local\Temp\VMBuilds\PPVC_UserboardV1\arduino_due_x_dbg\Debug/core.a(PluggableUSB.cpp.o)
                0x00081994                PluggableUSB_::getShortName(char*)
 .text._ZN13PluggableUSB_5setupER8USBSetup
                0x000819b0       0x20 C:\Users\khlee\AppData\Local\Temp\VMBuilds\PPVC_UserboardV1\arduino_due_x_dbg\Debug/core.a(PluggableUSB.cpp.o)
                0x000819b0                PluggableUSB_::setup(USBSetup&)
 .text._Z12PluggableUSBv
                0x000819d0       0x28 C:\Users\khlee\AppData\Local\Temp\VMBuilds\PPVC_UserboardV1\arduino_due_x_dbg\Debug/core.a(PluggableUSB.cpp.o)
                0x000819d0                PluggableUSB()
 .text.TimeTick_Increment
                0x000819f8       0x10 C:\Users\khlee\AppData\Local\arduino15\packages\arduino\hardware\sam\1.6.11\variants\arduino_due_x/libsam_sam3x8e_gcc_rel.a(timetick.o)
                0x000819f8                TimeTick_Increment
 .text.GetTickCount
                0x00081a08        0xc C:\Users\khlee\AppData\Local\arduino15\packages\arduino\hardware\sam\1.6.11\variants\arduino_due_x/libsam_sam3x8e_gcc_rel.a(timetick.o)
                0x00081a08                GetTickCount
 .text.WDT_Disable
                0x00081a14        0x8 C:\Users\khlee\AppData\Local\arduino15\packages\arduino\hardware\sam\1.6.11\variants\arduino_due_x/libsam_sam3x8e_gcc_rel.a(wdt.o)
                0x00081a14                WDT_Disable
 .text.UDD_SetStack
                0x00081a1c        0xc C:\Users\khlee\AppData\Local\arduino15\packages\arduino\hardware\sam\1.6.11\variants\arduino_due_x/libsam_sam3x8e_gcc_rel.a(uotghs_device.o)
                0x00081a1c                UDD_SetStack
 .text.UDD_Init
                0x00081a28       0xd0 C:\Users\khlee\AppData\Local\arduino15\packages\arduino\hardware\sam\1.6.11\variants\arduino_due_x/libsam_sam3x8e_gcc_rel.a(uotghs_device.o)
                0x00081a28                UDD_Init
 .text.UDD_Attach
                0x00081af8       0x50 C:\Users\khlee\AppData\Local\arduino15\packages\arduino\hardware\sam\1.6.11\variants\arduino_due_x/libsam_sam3x8e_gcc_rel.a(uotghs_device.o)
                0x00081af8                UDD_Attach
 .text.UDD_InitEP
                0x00081b48       0x2c C:\Users\khlee\AppData\Local\arduino15\packages\arduino\hardware\sam\1.6.11\variants\arduino_due_x/libsam_sam3x8e_gcc_rel.a(uotghs_device.o)
                0x00081b48                UDD_InitEP
 .text.UDD_InitEndpoints
                0x00081b74       0x3c C:\Users\khlee\AppData\Local\arduino15\packages\arduino\hardware\sam\1.6.11\variants\arduino_due_x/libsam_sam3x8e_gcc_rel.a(uotghs_device.o)
                0x00081b74                UDD_InitEndpoints
 .text.UDD_WaitIN
                0x00081bb0       0x10 C:\Users\khlee\AppData\Local\arduino15\packages\arduino\hardware\sam\1.6.11\variants\arduino_due_x/libsam_sam3x8e_gcc_rel.a(uotghs_device.o)
                0x00081bb0                UDD_WaitIN
 .text.UDD_WaitOUT
                0x00081bc0       0x10 C:\Users\khlee\AppData\Local\arduino15\packages\arduino\hardware\sam\1.6.11\variants\arduino_due_x/libsam_sam3x8e_gcc_rel.a(uotghs_device.o)
                0x00081bc0                UDD_WaitOUT
 .text.UDD_ClearIN
                0x00081bd0       0x18 C:\Users\khlee\AppData\Local\arduino15\packages\arduino\hardware\sam\1.6.11\variants\arduino_due_x/libsam_sam3x8e_gcc_rel.a(uotghs_device.o)
                0x00081bd0                UDD_ClearIN
 .text.UDD_ClearOUT
                0x00081be8       0x18 C:\Users\khlee\AppData\Local\arduino15\packages\arduino\hardware\sam\1.6.11\variants\arduino_due_x/libsam_sam3x8e_gcc_rel.a(uotghs_device.o)
                0x00081be8                UDD_ClearOUT
 .text.UDD_ReceivedSetupInt
                0x00081c00       0x10 C:\Users\khlee\AppData\Local\arduino15\packages\arduino\hardware\sam\1.6.11\variants\arduino_due_x/libsam_sam3x8e_gcc_rel.a(uotghs_device.o)
                0x00081c00                UDD_ReceivedSetupInt
 .text.UDD_ClearSetupInt
                0x00081c10       0x10 C:\Users\khlee\AppData\Local\arduino15\packages\arduino\hardware\sam\1.6.11\variants\arduino_due_x/libsam_sam3x8e_gcc_rel.a(uotghs_device.o)
                0x00081c10                UDD_ClearSetupInt
 .text.UDD_Send
                0x00081c20       0x88 C:\Users\khlee\AppData\Local\arduino15\packages\arduino\hardware\sam\1.6.11\variants\arduino_due_x/libsam_sam3x8e_gcc_rel.a(uotghs_device.o)
                0x00081c20                UDD_Send
 .text.UDD_Send8
                0x00081ca8       0x24 C:\Users\khlee\AppData\Local\arduino15\packages\arduino\hardware\sam\1.6.11\variants\arduino_due_x/libsam_sam3x8e_gcc_rel.a(uotghs_device.o)
                0x00081ca8                UDD_Send8
 .text.UDD_Recv8
                0x00081ccc       0x28 C:\Users\khlee\AppData\Local\arduino15\packages\arduino\hardware\sam\1.6.11\variants\arduino_due_x/libsam_sam3x8e_gcc_rel.a(uotghs_device.o)
                0x00081ccc                UDD_Recv8
 .text.UDD_Recv
                0x00081cf4       0x34 C:\Users\khlee\AppData\Local\arduino15\packages\arduino\hardware\sam\1.6.11\variants\arduino_due_x/libsam_sam3x8e_gcc_rel.a(uotghs_device.o)
                0x00081cf4                UDD_Recv
 .text.UDD_Stall
                0x00081d28       0x14 C:\Users\khlee\AppData\Local\arduino15\packages\arduino\hardware\sam\1.6.11\variants\arduino_due_x/libsam_sam3x8e_gcc_rel.a(uotghs_device.o)
                0x00081d28                UDD_Stall
 .text.UDD_FifoByteCount
                0x00081d3c       0x14 C:\Users\khlee\AppData\Local\arduino15\packages\arduino\hardware\sam\1.6.11\variants\arduino_due_x/libsam_sam3x8e_gcc_rel.a(uotghs_device.o)
                0x00081d3c                UDD_FifoByteCount
 .text.UDD_ReleaseRX
                0x00081d50       0x28 C:\Users\khlee\AppData\Local\arduino15\packages\arduino\hardware\sam\1.6.11\variants\arduino_due_x/libsam_sam3x8e_gcc_rel.a(uotghs_device.o)
                0x00081d50                UDD_ReleaseRX
 .text.UDD_ReleaseTX
                0x00081d78       0x28 C:\Users\khlee\AppData\Local\arduino15\packages\arduino\hardware\sam\1.6.11\variants\arduino_due_x/libsam_sam3x8e_gcc_rel.a(uotghs_device.o)
                0x00081d78                UDD_ReleaseTX
 .text.UDD_SetAddress
                0x00081da0       0x20 C:\Users\khlee\AppData\Local\arduino15\packages\arduino\hardware\sam\1.6.11\variants\arduino_due_x/libsam_sam3x8e_gcc_rel.a(uotghs_device.o)
                0x00081da0                UDD_SetAddress
 .text.__libc_init_array
                0x00081dc0       0x50 c:/users/khlee/appdata/local/arduino15/packages/arduino/tools/arm-none-eabi-gcc/4.8.3-2014q1/bin/../lib/gcc/arm-none-eabi/4.8.3/../../../../arm-none-eabi/lib/armv7-m\libg.a(lib_a-init.o)
                0x00081dc0                __libc_init_array
 .text.iprintf  0x00081e10       0x28 c:/users/khlee/appdata/local/arduino15/packages/arduino/tools/arm-none-eabi-gcc/4.8.3-2014q1/bin/../lib/gcc/arm-none-eabi/4.8.3/../../../../arm-none-eabi/lib/armv7-m\libg.a(lib_a-iprintf.o)
                0x00081e10                iprintf
 .text.memset   0x00081e38       0x94 c:/users/khlee/appdata/local/arduino15/packages/arduino/tools/arm-none-eabi-gcc/4.8.3-2014q1/bin/../lib/gcc/arm-none-eabi/4.8.3/../../../../arm-none-eabi/lib/armv7-m\libg.a(lib_a-memset.o)
                0x00081e38                memset
 .text.strlen   0x00081ecc       0x60 c:/users/khlee/appdata/local/arduino15/packages/arduino/tools/arm-none-eabi-gcc/4.8.3-2014q1/bin/../lib/gcc/arm-none-eabi/4.8.3/../../../../arm-none-eabi/lib/armv7-m\libg.a(lib_a-strlen.o)
                0x00081ecc                strlen
 .text.kill     0x00081f2c       0x10 c:/users/khlee/appdata/local/arduino15/packages/arduino/tools/arm-none-eabi-gcc/4.8.3-2014q1/bin/../lib/gcc/arm-none-eabi/4.8.3/../../../../arm-none-eabi/lib/armv7-m\libg.a(lib_a-syskill.o)
                0x00081f2c                kill
 .text.__sprint_r.part.0
                0x00081f3c       0x78 c:/users/khlee/appdata/local/arduino15/packages/arduino/tools/arm-none-eabi-gcc/4.8.3-2014q1/bin/../lib/gcc/arm-none-eabi/4.8.3/../../../../arm-none-eabi/lib/armv7-m\libg.a(lib_a-vfiprintf.o)
 .text._vfiprintf_r
                0x00081fb4      0xc54 c:/users/khlee/appdata/local/arduino15/packages/arduino/tools/arm-none-eabi-gcc/4.8.3-2014q1/bin/../lib/gcc/arm-none-eabi/4.8.3/../../../../arm-none-eabi/lib/armv7-m\libg.a(lib_a-vfiprintf.o)
                0x00081fb4                _vfiprintf_r
 .text.__sbprintf
                0x00082c08       0x7c c:/users/khlee/appdata/local/arduino15/packages/arduino/tools/arm-none-eabi-gcc/4.8.3-2014q1/bin/../lib/gcc/arm-none-eabi/4.8.3/../../../../arm-none-eabi/lib/armv7-m\libg.a(lib_a-vfiprintf.o)
 .text.__swsetup_r
                0x00082c84       0xc4 c:/users/khlee/appdata/local/arduino15/packages/arduino/tools/arm-none-eabi-gcc/4.8.3-2014q1/bin/../lib/gcc/arm-none-eabi/4.8.3/../../../../arm-none-eabi/lib/armv7-m\libg.a(lib_a-wsetup.o)
                0x00082c84                __swsetup_r
 .text.startup.register_fini
                0x00082d48       0x14 c:/users/khlee/appdata/local/arduino15/packages/arduino/tools/arm-none-eabi-gcc/4.8.3-2014q1/bin/../lib/gcc/arm-none-eabi/4.8.3/../../../../arm-none-eabi/lib/armv7-m\libg.a(lib_a-__call_atexit.o)
 .text.atexit   0x00082d5c        0xc c:/users/khlee/appdata/local/arduino15/packages/arduino/tools/arm-none-eabi-gcc/4.8.3-2014q1/bin/../lib/gcc/arm-none-eabi/4.8.3/../../../../arm-none-eabi/lib/armv7-m\libg.a(lib_a-atexit.o)
                0x00082d5c                atexit
 .text.__sflush_r
                0x00082d68      0x148 c:/users/khlee/appdata/local/arduino15/packages/arduino/tools/arm-none-eabi-gcc/4.8.3-2014q1/bin/../lib/gcc/arm-none-eabi/4.8.3/../../../../arm-none-eabi/lib/armv7-m\libg.a(lib_a-fflush.o)
                0x00082d68                __sflush_r
 .text._fflush_r
                0x00082eb0       0x2c c:/users/khlee/appdata/local/arduino15/packages/arduino/tools/arm-none-eabi-gcc/4.8.3-2014q1/bin/../lib/gcc/arm-none-eabi/4.8.3/../../../../arm-none-eabi/lib/armv7-m\libg.a(lib_a-fflush.o)
                0x00082eb0                _fflush_r
 .text._cleanup_r
                0x00082edc        0xc c:/users/khlee/appdata/local/arduino15/packages/arduino/tools/arm-none-eabi-gcc/4.8.3-2014q1/bin/../lib/gcc/arm-none-eabi/4.8.3/../../../../arm-none-eabi/lib/armv7-m\libg.a(lib_a-findfp.o)
                0x00082edc                _cleanup_r
 .text.__sinit  0x00082ee8       0xf4 c:/users/khlee/appdata/local/arduino15/packages/arduino/tools/arm-none-eabi-gcc/4.8.3-2014q1/bin/../lib/gcc/arm-none-eabi/4.8.3/../../../../arm-none-eabi/lib/armv7-m\libg.a(lib_a-findfp.o)
                0x00082ee8                __sinit
 .text.__sfp_lock_acquire
                0x00082fdc        0x4 c:/users/khlee/appdata/local/arduino15/packages/arduino/tools/arm-none-eabi-gcc/4.8.3-2014q1/bin/../lib/gcc/arm-none-eabi/4.8.3/../../../../arm-none-eabi/lib/armv7-m\libg.a(lib_a-findfp.o)
                0x00082fdc                __sfp_lock_acquire
 .text.__sfp_lock_release
                0x00082fe0        0x4 c:/users/khlee/appdata/local/arduino15/packages/arduino/tools/arm-none-eabi-gcc/4.8.3-2014q1/bin/../lib/gcc/arm-none-eabi/4.8.3/../../../../arm-none-eabi/lib/armv7-m\libg.a(lib_a-findfp.o)
                0x00082fe0                __sfp_lock_release
 .text.__libc_fini_array
                0x00082fe4       0x30 c:/users/khlee/appdata/local/arduino15/packages/arduino/tools/arm-none-eabi-gcc/4.8.3-2014q1/bin/../lib/gcc/arm-none-eabi/4.8.3/../../../../arm-none-eabi/lib/armv7-m\libg.a(lib_a-fini.o)
                0x00082fe4                __libc_fini_array
 .text._fputwc_r
                0x00083014       0xc0 c:/users/khlee/appdata/local/arduino15/packages/arduino/tools/arm-none-eabi-gcc/4.8.3-2014q1/bin/../lib/gcc/arm-none-eabi/4.8.3/../../../../arm-none-eabi/lib/armv7-m\libg.a(lib_a-fputwc.o)
                0x00083014                _fputwc_r
 .text._malloc_trim_r
                0x000830d4       0x9c c:/users/khlee/appdata/local/arduino15/packages/arduino/tools/arm-none-eabi-gcc/4.8.3-2014q1/bin/../lib/gcc/arm-none-eabi/4.8.3/../../../../arm-none-eabi/lib/armv7-m\libg.a(lib_a-freer.o)
                0x000830d4                _malloc_trim_r
 .text._free_r  0x00083170      0x198 c:/users/khlee/appdata/local/arduino15/packages/arduino/tools/arm-none-eabi-gcc/4.8.3-2014q1/bin/../lib/gcc/arm-none-eabi/4.8.3/../../../../arm-none-eabi/lib/armv7-m\libg.a(lib_a-freer.o)
                0x00083170                _free_r
 .text.__sfvwrite_r
                0x00083308      0x314 c:/users/khlee/appdata/local/arduino15/packages/arduino/tools/arm-none-eabi-gcc/4.8.3-2014q1/bin/../lib/gcc/arm-none-eabi/4.8.3/../../../../arm-none-eabi/lib/armv7-m\libg.a(lib_a-fvwrite.o)
                0x00083308                __sfvwrite_r
 .text._fwalk   0x0008361c       0x48 c:/users/khlee/appdata/local/arduino15/packages/arduino/tools/arm-none-eabi-gcc/4.8.3-2014q1/bin/../lib/gcc/arm-none-eabi/4.8.3/../../../../arm-none-eabi/lib/armv7-m\libg.a(lib_a-fwalk.o)
                0x0008361c                _fwalk
 .text.__locale_charset
                0x00083664        0x8 c:/users/khlee/appdata/local/arduino15/packages/arduino/tools/arm-none-eabi-gcc/4.8.3-2014q1/bin/../lib/gcc/arm-none-eabi/4.8.3/../../../../arm-none-eabi/lib/armv7-m\libg.a(lib_a-locale.o)
                0x00083664                __locale_charset
 .text.__locale_mb_cur_max
                0x0008366c        0xc c:/users/khlee/appdata/local/arduino15/packages/arduino/tools/arm-none-eabi-gcc/4.8.3-2014q1/bin/../lib/gcc/arm-none-eabi/4.8.3/../../../../arm-none-eabi/lib/armv7-m\libg.a(lib_a-locale.o)
                0x0008366c                __locale_mb_cur_max
 .text.__smakebuf_r
                0x00083678       0xe0 c:/users/khlee/appdata/local/arduino15/packages/arduino/tools/arm-none-eabi-gcc/4.8.3-2014q1/bin/../lib/gcc/arm-none-eabi/4.8.3/../../../../arm-none-eabi/lib/armv7-m\libg.a(lib_a-makebuf.o)
                0x00083678                __smakebuf_r
 .text._malloc_r
                0x00083758      0x538 c:/users/khlee/appdata/local/arduino15/packages/arduino/tools/arm-none-eabi-gcc/4.8.3-2014q1/bin/../lib/gcc/arm-none-eabi/4.8.3/../../../../arm-none-eabi/lib/armv7-m\libg.a(lib_a-mallocr.o)
                0x00083758                _malloc_r
 .text.memchr   0x00083c90       0x94 c:/users/khlee/appdata/local/arduino15/packages/arduino/tools/arm-none-eabi-gcc/4.8.3-2014q1/bin/../lib/gcc/arm-none-eabi/4.8.3/../../../../arm-none-eabi/lib/armv7-m\libg.a(lib_a-memchr-stub.o)
                0x00083c90                memchr
 .text          0x00083d24       0xec c:/users/khlee/appdata/local/arduino15/packages/arduino/tools/arm-none-eabi-gcc/4.8.3-2014q1/bin/../lib/gcc/arm-none-eabi/4.8.3/../../../../arm-none-eabi/lib/armv7-m\libg.a(lib_a-memcpy.o)
                0x00083d24                memcpy
 .text.memmove  0x00083e10       0xcc c:/users/khlee/appdata/local/arduino15/packages/arduino/tools/arm-none-eabi-gcc/4.8.3-2014q1/bin/../lib/gcc/arm-none-eabi/4.8.3/../../../../arm-none-eabi/lib/armv7-m\libg.a(lib_a-memmove.o)
                0x00083e10                memmove
 .text.__malloc_lock
                0x00083edc        0x4 c:/users/khlee/appdata/local/arduino15/packages/arduino/tools/arm-none-eabi-gcc/4.8.3-2014q1/bin/../lib/gcc/arm-none-eabi/4.8.3/../../../../arm-none-eabi/lib/armv7-m\libg.a(lib_a-mlock.o)
                0x00083edc                __malloc_lock
 .text.__malloc_unlock
                0x00083ee0        0x4 c:/users/khlee/appdata/local/arduino15/packages/arduino/tools/arm-none-eabi-gcc/4.8.3-2014q1/bin/../lib/gcc/arm-none-eabi/4.8.3/../../../../arm-none-eabi/lib/armv7-m\libg.a(lib_a-mlock.o)
                0x00083ee0                __malloc_unlock
 .text._realloc_r
                0x00083ee4      0x3c0 c:/users/khlee/appdata/local/arduino15/packages/arduino/tools/arm-none-eabi-gcc/4.8.3-2014q1/bin/../lib/gcc/arm-none-eabi/4.8.3/../../../../arm-none-eabi/lib/armv7-m\libg.a(lib_a-reallocr.o)
                0x00083ee4                _realloc_r
 .text._sbrk_r  0x000842a4       0x24 c:/users/khlee/appdata/local/arduino15/packages/arduino/tools/arm-none-eabi-gcc/4.8.3-2014q1/bin/../lib/gcc/arm-none-eabi/4.8.3/../../../../arm-none-eabi/lib/armv7-m\libg.a(lib_a-sbrkr.o)
                0x000842a4                _sbrk_r
 .text._kill_r  0x000842c8       0x28 c:/users/khlee/appdata/local/arduino15/packages/arduino/tools/arm-none-eabi-gcc/4.8.3-2014q1/bin/../lib/gcc/arm-none-eabi/4.8.3/../../../../arm-none-eabi/lib/armv7-m\libg.a(lib_a-signalr.o)
                0x000842c8                _kill_r
 .text.__sread  0x000842f0       0x24 c:/users/khlee/appdata/local/arduino15/packages/arduino/tools/arm-none-eabi-gcc/4.8.3-2014q1/bin/../lib/gcc/arm-none-eabi/4.8.3/../../../../arm-none-eabi/lib/armv7-m\libg.a(lib_a-stdio.o)
                0x000842f0                __sread
 .text.__swrite
                0x00084314       0x38 c:/users/khlee/appdata/local/arduino15/packages/arduino/tools/arm-none-eabi-gcc/4.8.3-2014q1/bin/../lib/gcc/arm-none-eabi/4.8.3/../../../../arm-none-eabi/lib/armv7-m\libg.a(lib_a-stdio.o)
                0x00084314                __swrite
 .text.__sseek  0x0008434c       0x20 c:/users/khlee/appdata/local/arduino15/packages/arduino/tools/arm-none-eabi-gcc/4.8.3-2014q1/bin/../lib/gcc/arm-none-eabi/4.8.3/../../../../arm-none-eabi/lib/armv7-m\libg.a(lib_a-stdio.o)
                0x0008434c                __sseek
 .text.__sclose
                0x0008436c        0x8 c:/users/khlee/appdata/local/arduino15/packages/arduino/tools/arm-none-eabi-gcc/4.8.3-2014q1/bin/../lib/gcc/arm-none-eabi/4.8.3/../../../../arm-none-eabi/lib/armv7-m\libg.a(lib_a-stdio.o)
                0x0008436c                __sclose
 .text.__swbuf_r
                0x00084374       0xa8 c:/users/khlee/appdata/local/arduino15/packages/arduino/tools/arm-none-eabi-gcc/4.8.3-2014q1/bin/../lib/gcc/arm-none-eabi/4.8.3/../../../../arm-none-eabi/lib/armv7-m\libg.a(lib_a-wbuf.o)
                0x00084374                __swbuf_r
 .text._wcrtomb_r
                0x0008441c       0x50 c:/users/khlee/appdata/local/arduino15/packages/arduino/tools/arm-none-eabi-gcc/4.8.3-2014q1/bin/../lib/gcc/arm-none-eabi/4.8.3/../../../../arm-none-eabi/lib/armv7-m\libg.a(lib_a-wcrtomb.o)
                0x0008441c                _wcrtomb_r
 .text.__ascii_wctomb
                0x0008446c       0x1c c:/users/khlee/appdata/local/arduino15/packages/arduino/tools/arm-none-eabi-gcc/4.8.3-2014q1/bin/../lib/gcc/arm-none-eabi/4.8.3/../../../../arm-none-eabi/lib/armv7-m\libg.a(lib_a-wctomb_r.o)
                0x0008446c                __ascii_wctomb
 .text._write_r
                0x00084488       0x28 c:/users/khlee/appdata/local/arduino15/packages/arduino/tools/arm-none-eabi-gcc/4.8.3-2014q1/bin/../lib/gcc/arm-none-eabi/4.8.3/../../../../arm-none-eabi/lib/armv7-m\libg.a(lib_a-writer.o)
                0x00084488                _write_r
 .text.__register_exitproc
                0x000844b0       0xa8 c:/users/khlee/appdata/local/arduino15/packages/arduino/tools/arm-none-eabi-gcc/4.8.3-2014q1/bin/../lib/gcc/arm-none-eabi/4.8.3/../../../../arm-none-eabi/lib/armv7-m\libg.a(lib_a-__atexit.o)
                0x000844b0                __register_exitproc
 .text._close_r
                0x00084558       0x24 c:/users/khlee/appdata/local/arduino15/packages/arduino/tools/arm-none-eabi-gcc/4.8.3-2014q1/bin/../lib/gcc/arm-none-eabi/4.8.3/../../../../arm-none-eabi/lib/armv7-m\libg.a(lib_a-closer.o)
                0x00084558                _close_r
 .text._fclose_r
                0x0008457c       0x80 c:/users/khlee/appdata/local/arduino15/packages/arduino/tools/arm-none-eabi-gcc/4.8.3-2014q1/bin/../lib/gcc/arm-none-eabi/4.8.3/../../../../arm-none-eabi/lib/armv7-m\libg.a(lib_a-fclose.o)
                0x0008457c                _fclose_r
 .text.fclose   0x000845fc       0x10 c:/users/khlee/appdata/local/arduino15/packages/arduino/tools/arm-none-eabi-gcc/4.8.3-2014q1/bin/../lib/gcc/arm-none-eabi/4.8.3/../../../../arm-none-eabi/lib/armv7-m\libg.a(lib_a-fclose.o)
                0x000845fc                fclose
 .text._fstat_r
                0x0008460c       0x28 c:/users/khlee/appdata/local/arduino15/packages/arduino/tools/arm-none-eabi-gcc/4.8.3-2014q1/bin/../lib/gcc/arm-none-eabi/4.8.3/../../../../arm-none-eabi/lib/armv7-m\libg.a(lib_a-fstatr.o)
                0x0008460c                _fstat_r
 .text._isatty_r
                0x00084634       0x24 c:/users/khlee/appdata/local/arduino15/packages/arduino/tools/arm-none-eabi-gcc/4.8.3-2014q1/bin/../lib/gcc/arm-none-eabi/4.8.3/../../../../arm-none-eabi/lib/armv7-m\libg.a(lib_a-isattyr.o)
                0x00084634                _isatty_r
 .text._lseek_r
                0x00084658       0x28 c:/users/khlee/appdata/local/arduino15/packages/arduino/tools/arm-none-eabi-gcc/4.8.3-2014q1/bin/../lib/gcc/arm-none-eabi/4.8.3/../../../../arm-none-eabi/lib/armv7-m\libg.a(lib_a-lseekr.o)
                0x00084658                _lseek_r
 .text._read_r  0x00084680       0x28 c:/users/khlee/appdata/local/arduino15/packages/arduino/tools/arm-none-eabi-gcc/4.8.3-2014q1/bin/../lib/gcc/arm-none-eabi/4.8.3/../../../../arm-none-eabi/lib/armv7-m\libg.a(lib_a-readr.o)
                0x00084680                _read_r
 .text          0x000846a8       0x2c c:/users/khlee/appdata/local/arduino15/packages/arduino/tools/arm-none-eabi-gcc/4.8.3-2014q1/bin/../lib/gcc/arm-none-eabi/4.8.3/armv7-m\libgcc.a(_aeabi_uldivmod.o)
                0x000846a8                __aeabi_uldivmod
 .text          0x000846d4       0x60 c:/users/khlee/appdata/local/arduino15/packages/arduino/tools/arm-none-eabi-gcc/4.8.3-2014q1/bin/../lib/gcc/arm-none-eabi/4.8.3/armv7-m\libgcc.a(bpabi.o)
                0x000846d4                __gnu_ldivmod_helper
                0x00084704                __gnu_uldivmod_helper
 .text          0x00084734        0x4 c:/users/khlee/appdata/local/arduino15/packages/arduino/tools/arm-none-eabi-gcc/4.8.3-2014q1/bin/../lib/gcc/arm-none-eabi/4.8.3/armv7-m\libgcc.a(_dvmd_tls.o)
                0x00084734                __aeabi_idiv0
                0x00084734                __aeabi_ldiv0
 .text          0x00084738      0x2a0 c:/users/khlee/appdata/local/arduino15/packages/arduino/tools/arm-none-eabi-gcc/4.8.3-2014q1/bin/../lib/gcc/arm-none-eabi/4.8.3/armv7-m\libgcc.a(_divdi3.o)
                0x00084738                __divdi3
 .text          0x000849d8      0x290 c:/users/khlee/appdata/local/arduino15/packages/arduino/tools/arm-none-eabi-gcc/4.8.3-2014q1/bin/../lib/gcc/arm-none-eabi/4.8.3/armv7-m\libgcc.a(_udivdi3.o)
                0x000849d8                __udivdi3
 *(.glue_7t)
 .glue_7t       0x00000000        0x0 linker stubs
 *(.glue_7)
 .glue_7        0x00000000        0x0 linker stubs
 *(.rodata .rodata* .gnu.linkonce.r.*)
 .rodata.str1.1
                0x00084c68       0x24 C:\Users\khlee\AppData\Local\Temp\VMBuilds\PPVC_UserboardV1\arduino_due_x_dbg\Debug\PPVC_UserboardV1.cpp.o
 .rodata.str1.1
                0x00084c8c       0x6a C:\Users\khlee\AppData\Local\Temp\VMBuilds\PPVC_UserboardV1\arduino_due_x_dbg\Debug\VM_DBG\VM_DBG.cpp.o
                                 0x6c (size before relaxing)
 *fill*         0x00084cf6        0x2 
 .rodata.g_APinDescription
                0x00084cf8      0xa2c C:\Users\khlee\AppData\Local\Temp\VMBCore\arduino16x\2e3b066dd31e5e5bbe281843617be094\variant\variant.cpp.o
                0x00084cf8                g_APinDescription
 .rodata        0x00085724       0x40 C:\Users\khlee\AppData\Local\arduino15\packages\arduino\hardware\sam\1.6.11\variants\arduino_due_x/libsam_sam3x8e_gcc_rel.a(adc.o)
 .rodata.str1.1
                0x00085764       0x19 C:\Users\khlee\AppData\Local\Temp\VMBuilds\PPVC_UserboardV1\arduino_due_x_dbg\Debug/core.a(syscalls_sam3.c.o)
 *fill*         0x0008577d        0x3 
 .rodata._ZTV9UARTClass
                0x00085780       0x30 C:\Users\khlee\AppData\Local\Temp\VMBuilds\PPVC_UserboardV1\arduino_due_x_dbg\Debug/core.a(UARTClass.cpp.o)
                0x00085780                vtable for UARTClass
 .rodata._ZTV10USARTClass
                0x000857b0       0x30 C:\Users\khlee\AppData\Local\Temp\VMBuilds\PPVC_UserboardV1\arduino_due_x_dbg\Debug/core.a(USARTClass.cpp.o)
                0x000857b0                vtable for USARTClass
 .rodata.STRING_PRODUCT
                0x000857e0        0xc C:\Users\khlee\AppData\Local\Temp\VMBuilds\PPVC_UserboardV1\arduino_due_x_dbg\Debug/core.a(USBCore.cpp.o)
                0x000857e0                STRING_PRODUCT
 .rodata.USB_DeviceDescriptor
                0x000857ec       0x12 C:\Users\khlee\AppData\Local\Temp\VMBuilds\PPVC_UserboardV1\arduino_due_x_dbg\Debug/core.a(USBCore.cpp.o)
                0x000857ec                USB_DeviceDescriptor
 .rodata.STRING_LANGUAGE
                0x000857fe        0x4 C:\Users\khlee\AppData\Local\Temp\VMBuilds\PPVC_UserboardV1\arduino_due_x_dbg\Debug/core.a(USBCore.cpp.o)
                0x000857fe                STRING_LANGUAGE
 .rodata._ZL18test_packet_buffer
                0x00085802       0x35 C:\Users\khlee\AppData\Local\Temp\VMBuilds\PPVC_UserboardV1\arduino_due_x_dbg\Debug/core.a(USBCore.cpp.o)
 .rodata.STRING_MANUFACTURER
                0x00085837        0xc C:\Users\khlee\AppData\Local\Temp\VMBuilds\PPVC_UserboardV1\arduino_due_x_dbg\Debug/core.a(USBCore.cpp.o)
                0x00085837                STRING_MANUFACTURER
 .rodata.USB_DeviceDescriptorA
                0x00085843       0x12 C:\Users\khlee\AppData\Local\Temp\VMBuilds\PPVC_UserboardV1\arduino_due_x_dbg\Debug/core.a(USBCore.cpp.o)
                0x00085843                USB_DeviceDescriptorA
 .rodata._ZL19USB_DeviceQualifier
                0x00085855        0x9 C:\Users\khlee\AppData\Local\Temp\VMBuilds\PPVC_UserboardV1\arduino_due_x_dbg\Debug/core.a(USBCore.cpp.o)
 *fill*         0x0008585e        0x2 
 .rodata._ZTV7Serial_
                0x00085860       0x28 C:\Users\khlee\AppData\Local\Temp\VMBuilds\PPVC_UserboardV1\arduino_due_x_dbg\Debug/core.a(CDC.cpp.o)
                0x00085860                vtable for Serial_
 .rodata._ZL18_cdcOtherInterface
                0x00085888       0x42 C:\Users\khlee\AppData\Local\Temp\VMBuilds\PPVC_UserboardV1\arduino_due_x_dbg\Debug/core.a(CDC.cpp.o)
 .rodata._ZL13_cdcInterface
                0x000858ca       0x42 C:\Users\khlee\AppData\Local\Temp\VMBuilds\PPVC_UserboardV1\arduino_due_x_dbg\Debug/core.a(CDC.cpp.o)
 .rodata.str1.4
                0x0008590c        0x2 c:/users/khlee/appdata/local/arduino15/packages/arduino/tools/arm-none-eabi-gcc/4.8.3-2014q1/bin/../lib/gcc/arm-none-eabi/4.8.3/../../../../arm-none-eabi/lib/armv7-m\libg.a(lib_a-impure.o)
                                  0x4 (size before relaxing)
 *fill*         0x0008590e        0x2 
 .rodata._global_impure_ptr
                0x00085910        0x4 c:/users/khlee/appdata/local/arduino15/packages/arduino/tools/arm-none-eabi-gcc/4.8.3-2014q1/bin/../lib/gcc/arm-none-eabi/4.8.3/../../../../arm-none-eabi/lib/armv7-m\libg.a(lib_a-impure.o)
                0x00085910                _global_impure_ptr
 .rodata.blanks.6717
                0x00085914       0x10 c:/users/khlee/appdata/local/arduino15/packages/arduino/tools/arm-none-eabi-gcc/4.8.3-2014q1/bin/../lib/gcc/arm-none-eabi/4.8.3/../../../../arm-none-eabi/lib/armv7-m\libg.a(lib_a-vfiprintf.o)
 .rodata.str1.4
                0x00085924       0x30 c:/users/khlee/appdata/local/arduino15/packages/arduino/tools/arm-none-eabi-gcc/4.8.3-2014q1/bin/../lib/gcc/arm-none-eabi/4.8.3/../../../../arm-none-eabi/lib/armv7-m\libg.a(lib_a-vfiprintf.o)
 .rodata.zeroes.6718
                0x00085954       0x10 c:/users/khlee/appdata/local/arduino15/packages/arduino/tools/arm-none-eabi-gcc/4.8.3-2014q1/bin/../lib/gcc/arm-none-eabi/4.8.3/../../../../arm-none-eabi/lib/armv7-m\libg.a(lib_a-vfiprintf.o)
 *(.ARM.extab* .gnu.linkonce.armextab.*)
                0x00085964                . = ALIGN (0x4)
 *(.init)
 .init          0x00085964        0x4 c:/users/khlee/appdata/local/arduino15/packages/arduino/tools/arm-none-eabi-gcc/4.8.3-2014q1/bin/../lib/gcc/arm-none-eabi/4.8.3/armv7-m/crti.o
                0x00085964                _init
 .init          0x00085968        0x8 c:/users/khlee/appdata/local/arduino15/packages/arduino/tools/arm-none-eabi-gcc/4.8.3-2014q1/bin/../lib/gcc/arm-none-eabi/4.8.3/armv7-m/crtn.o
                0x00085970                . = ALIGN (0x4)
                0x00085970                __preinit_array_start = .
 *(.preinit_array)
                0x00085970                __preinit_array_end = .
                0x00085970                . = ALIGN (0x4)
                0x00085970                __init_array_start = .
 *(SORT(.init_array.*))
 .init_array.00000
                0x00085970        0x4 c:/users/khlee/appdata/local/arduino15/packages/arduino/tools/arm-none-eabi-gcc/4.8.3-2014q1/bin/../lib/gcc/arm-none-eabi/4.8.3/../../../../arm-none-eabi/lib/armv7-m\libg.a(lib_a-__call_atexit.o)
 *(.init_array)
 .init_array    0x00085974        0x4 c:/users/khlee/appdata/local/arduino15/packages/arduino/tools/arm-none-eabi-gcc/4.8.3-2014q1/bin/../lib/gcc/arm-none-eabi/4.8.3/armv7-m/crtbegin.o
 .init_array    0x00085978        0x4 C:\Users\khlee\AppData\Local\Temp\VMBuilds\PPVC_UserboardV1\arduino_due_x_dbg\Debug\VM_DBG\VM_DBG.cpp.o
 .init_array    0x0008597c        0x4 C:\Users\khlee\AppData\Local\Temp\VMBCore\arduino16x\2e3b066dd31e5e5bbe281843617be094\variant\variant.cpp.o
 .init_array    0x00085980        0x4 C:\Users\khlee\AppData\Local\Temp\VMBuilds\PPVC_UserboardV1\arduino_due_x_dbg\Debug/core.a(USBCore.cpp.o)
 .init_array    0x00085984        0x4 C:\Users\khlee\AppData\Local\Temp\VMBuilds\PPVC_UserboardV1\arduino_due_x_dbg\Debug/core.a(CDC.cpp.o)
                0x00085988                __init_array_end = .
                0x00085988                . = ALIGN (0x4)
 *crtbegin.o(.ctors)
 *(EXCLUDE_FILE(*crtend.o) .ctors)
 *(SORT(.ctors.*))
 *crtend.o(.ctors)
                0x00085988                . = ALIGN (0x4)
 *(.fini)
 .fini          0x00085988        0x4 c:/users/khlee/appdata/local/arduino15/packages/arduino/tools/arm-none-eabi-gcc/4.8.3-2014q1/bin/../lib/gcc/arm-none-eabi/4.8.3/armv7-m/crti.o
                0x00085988                _fini
 .fini          0x0008598c        0x8 c:/users/khlee/appdata/local/arduino15/packages/arduino/tools/arm-none-eabi-gcc/4.8.3-2014q1/bin/../lib/gcc/arm-none-eabi/4.8.3/armv7-m/crtn.o
                0x00085994                . = ALIGN (0x4)
                0x00085994                __fini_array_start = .
 *(.fini_array)
 .fini_array    0x00085994        0x4 c:/users/khlee/appdata/local/arduino15/packages/arduino/tools/arm-none-eabi-gcc/4.8.3-2014q1/bin/../lib/gcc/arm-none-eabi/4.8.3/armv7-m/crtbegin.o
 *(SORT(.fini_array.*))
                0x00085998                __fini_array_end = .
 *crtbegin.o(.dtors)
 *(EXCLUDE_FILE(*crtend.o) .dtors)
 *(SORT(.dtors.*))
 *crtend.o(.dtors)
                0x00085998                . = ALIGN (0x4)
                0x00085998                _efixed = .
                0x00085998                PROVIDE (__exidx_start, .)

.vfp11_veneer   0x00085998        0x0
 .vfp11_veneer  0x00000000        0x0 linker stubs

.v4_bx          0x00085998        0x0
 .v4_bx         0x00000000        0x0 linker stubs

.iplt           0x00085998        0x0
 .iplt          0x00000000        0x0 c:/users/khlee/appdata/local/arduino15/packages/arduino/tools/arm-none-eabi-gcc/4.8.3-2014q1/bin/../lib/gcc/arm-none-eabi/4.8.3/armv7-m/crtbegin.o

.ARM.exidx      0x00085998        0x8
 *(.ARM.exidx* .gnu.linkonce.armexidx.*)
 .ARM.exidx     0x00085998        0x8 c:/users/khlee/appdata/local/arduino15/packages/arduino/tools/arm-none-eabi-gcc/4.8.3-2014q1/bin/../lib/gcc/arm-none-eabi/4.8.3/armv7-m\libgcc.a(_divdi3.o)
 .ARM.exidx     0x000859a0        0x0 c:/users/khlee/appdata/local/arduino15/packages/arduino/tools/arm-none-eabi-gcc/4.8.3-2014q1/bin/../lib/gcc/arm-none-eabi/4.8.3/armv7-m\libgcc.a(_udivdi3.o)
                                  0x8 (size before relaxing)
                0x000859a0                PROVIDE (__exidx_end, .)

.eh_frame       0x000859a0        0x0
 .eh_frame      0x000859a0        0x0 c:/users/khlee/appdata/local/arduino15/packages/arduino/tools/arm-none-eabi-gcc/4.8.3-2014q1/bin/../lib/gcc/arm-none-eabi/4.8.3/armv7-m/crtbegin.o

.rel.dyn        0x000859a0        0x0
 .rel.iplt      0x00000000        0x0 c:/users/khlee/appdata/local/arduino15/packages/arduino/tools/arm-none-eabi-gcc/4.8.3-2014q1/bin/../lib/gcc/arm-none-eabi/4.8.3/armv7-m/crtbegin.o

.jcr            0x000859a0        0x0
 .jcr           0x000859a0        0x0 c:/users/khlee/appdata/local/arduino15/packages/arduino/tools/arm-none-eabi-gcc/4.8.3-2014q1/bin/../lib/gcc/arm-none-eabi/4.8.3/armv7-m/crtbegin.o

.igot.plt       0x000859a0        0x0
 .igot.plt      0x00000000        0x0 c:/users/khlee/appdata/local/arduino15/packages/arduino/tools/arm-none-eabi-gcc/4.8.3-2014q1/bin/../lib/gcc/arm-none-eabi/4.8.3/armv7-m/crtbegin.o
                0x000859a0                . = ALIGN (0x4)
                0x000859a0                _etext = .

.relocate       0x20070000      0x8d4 load address 0x000859a0
                0x20070000                . = ALIGN (0x4)
                0x20070000                _srelocate = .
 *(.ramfunc .ramfunc.*)
 .ramfunc       0x20070000       0x2c C:\Users\khlee\AppData\Local\Temp\VMBuilds\PPVC_UserboardV1\arduino_due_x_dbg\Debug/core.a(Reset.cpp.o)
                0x20070000                banzai
 *(.data .data.*)
 .data.SystemCoreClock
                0x2007002c        0x4 C:\Users\khlee\AppData\Local\arduino15\packages\arduino\hardware\sam\1.6.11\variants\arduino_due_x/libsam_sam3x8e_gcc_rel.a(system_sam3xa.o)
                0x2007002c                SystemCoreClock
 .data._ZL5ticks
                0x20070030        0x4 C:\Users\khlee\AppData\Local\Temp\VMBuilds\PPVC_UserboardV1\arduino_due_x_dbg\Debug/core.a(Reset.cpp.o)
 .data.EndPoints
                0x20070034       0x28 C:\Users\khlee\AppData\Local\Temp\VMBuilds\PPVC_UserboardV1\arduino_due_x_dbg\Debug/core.a(USBCore.cpp.o)
                0x20070034                EndPoints
 .data._ZL10breakValue
                0x2007005c        0x4 C:\Users\khlee\AppData\Local\Temp\VMBuilds\PPVC_UserboardV1\arduino_due_x_dbg\Debug/core.a(CDC.cpp.o)
 .data._ZL12_usbLineInfo
                0x20070060        0x8 C:\Users\khlee\AppData\Local\Temp\VMBuilds\PPVC_UserboardV1\arduino_due_x_dbg\Debug/core.a(CDC.cpp.o)
 .data.g_interrupt_enabled
                0x20070068        0x4 C:\Users\khlee\AppData\Local\arduino15\packages\arduino\hardware\sam\1.6.11\variants\arduino_due_x/libsam_sam3x8e_gcc_rel.a(interrupt_sam_nvic.o)
                0x20070068                g_interrupt_enabled
 *fill*         0x2007006c        0x4 
 .data.impure_data
                0x20070070      0x428 c:/users/khlee/appdata/local/arduino15/packages/arduino/tools/arm-none-eabi-gcc/4.8.3-2014q1/bin/../lib/gcc/arm-none-eabi/4.8.3/../../../../arm-none-eabi/lib/armv7-m\libg.a(lib_a-impure.o)
 .data._impure_ptr
                0x20070498        0x4 c:/users/khlee/appdata/local/arduino15/packages/arduino/tools/arm-none-eabi-gcc/4.8.3-2014q1/bin/../lib/gcc/arm-none-eabi/4.8.3/../../../../arm-none-eabi/lib/armv7-m\libg.a(lib_a-impure.o)
                0x20070498                _impure_ptr
 .data.lc_ctype_charset
                0x2007049c       0x20 c:/users/khlee/appdata/local/arduino15/packages/arduino/tools/arm-none-eabi-gcc/4.8.3-2014q1/bin/../lib/gcc/arm-none-eabi/4.8.3/../../../../arm-none-eabi/lib/armv7-m\libg.a(lib_a-locale.o)
 .data.__mb_cur_max
                0x200704bc        0x4 c:/users/khlee/appdata/local/arduino15/packages/arduino/tools/arm-none-eabi-gcc/4.8.3-2014q1/bin/../lib/gcc/arm-none-eabi/4.8.3/../../../../arm-none-eabi/lib/armv7-m\libg.a(lib_a-locale.o)
                0x200704bc                __mb_cur_max
 .data.__malloc_av_
                0x200704c0      0x408 c:/users/khlee/appdata/local/arduino15/packages/arduino/tools/arm-none-eabi-gcc/4.8.3-2014q1/bin/../lib/gcc/arm-none-eabi/4.8.3/../../../../arm-none-eabi/lib/armv7-m\libg.a(lib_a-mallocr.o)
                0x200704c0                __malloc_av_
 .data.__malloc_trim_threshold
                0x200708c8        0x4 c:/users/khlee/appdata/local/arduino15/packages/arduino/tools/arm-none-eabi-gcc/4.8.3-2014q1/bin/../lib/gcc/arm-none-eabi/4.8.3/../../../../arm-none-eabi/lib/armv7-m\libg.a(lib_a-mallocr.o)
                0x200708c8                __malloc_trim_threshold
 .data.__malloc_sbrk_base
                0x200708cc        0x4 c:/users/khlee/appdata/local/arduino15/packages/arduino/tools/arm-none-eabi-gcc/4.8.3-2014q1/bin/../lib/gcc/arm-none-eabi/4.8.3/../../../../arm-none-eabi/lib/armv7-m\libg.a(lib_a-mallocr.o)
                0x200708cc                __malloc_sbrk_base
 .data.__wctomb
                0x200708d0        0x4 c:/users/khlee/appdata/local/arduino15/packages/arduino/tools/arm-none-eabi-gcc/4.8.3-2014q1/bin/../lib/gcc/arm-none-eabi/4.8.3/../../../../arm-none-eabi/lib/armv7-m\libg.a(lib_a-wctomb_r.o)
                0x200708d0                __wctomb
                0x200708d4                . = ALIGN (0x4)
                0x200708d4                _erelocate = .

.bss            0x200708d4      0x884 load address 0x00086274
                0x200708d4                . = ALIGN (0x4)
                0x200708d4                _sbss = .
                0x200708d4                _szero = .
 *(.bss .bss.*)
 .bss           0x200708d4       0x1c c:/users/khlee/appdata/local/arduino15/packages/arduino/tools/arm-none-eabi-gcc/4.8.3-2014q1/bin/../lib/gcc/arm-none-eabi/4.8.3/armv7-m/crtbegin.o
 .bss.blinkState
                0x200708f0        0x1 C:\Users\khlee\AppData\Local\Temp\VMBuilds\PPVC_UserboardV1\arduino_due_x_dbg\Debug\PPVC_UserboardV1.cpp.o
                0x200708f0                blinkState
 *fill*         0x200708f1        0x3 
 .bss.currentMillis
                0x200708f4        0x4 C:\Users\khlee\AppData\Local\Temp\VMBuilds\PPVC_UserboardV1\arduino_due_x_dbg\Debug\PPVC_UserboardV1.cpp.o
                0x200708f4                currentMillis
 .bss.calibrationTimer
                0x200708f8        0x4 C:\Users\khlee\AppData\Local\Temp\VMBuilds\PPVC_UserboardV1\arduino_due_x_dbg\Debug\PPVC_UserboardV1.cpp.o
                0x200708f8                calibrationTimer
 .bss.blinkTimer
                0x200708fc        0x4 C:\Users\khlee\AppData\Local\Temp\VMBuilds\PPVC_UserboardV1\arduino_due_x_dbg\Debug\PPVC_UserboardV1.cpp.o
                0x200708fc                blinkTimer
 .bss.MicroDebug
                0x20070900       0x4c C:\Users\khlee\AppData\Local\Temp\VMBuilds\PPVC_UserboardV1\arduino_due_x_dbg\Debug\VM_DBG\VM_DBG.cpp.o
                0x20070900                MicroDebug
 .bss.tx_buffer2
                0x2007094c       0x88 C:\Users\khlee\AppData\Local\Temp\VMBCore\arduino16x\2e3b066dd31e5e5bbe281843617be094\variant\variant.cpp.o
                0x2007094c                tx_buffer2
 .bss.tx_buffer1
                0x200709d4       0x88 C:\Users\khlee\AppData\Local\Temp\VMBCore\arduino16x\2e3b066dd31e5e5bbe281843617be094\variant\variant.cpp.o
                0x200709d4                tx_buffer1
 .bss.Serial    0x20070a5c       0x24 C:\Users\khlee\AppData\Local\Temp\VMBCore\arduino16x\2e3b066dd31e5e5bbe281843617be094\variant\variant.cpp.o
                0x20070a5c                Serial
 .bss.rx_buffer1
                0x20070a80       0x88 C:\Users\khlee\AppData\Local\Temp\VMBCore\arduino16x\2e3b066dd31e5e5bbe281843617be094\variant\variant.cpp.o
                0x20070a80                rx_buffer1
 .bss.Serial1   0x20070b08       0x28 C:\Users\khlee\AppData\Local\Temp\VMBCore\arduino16x\2e3b066dd31e5e5bbe281843617be094\variant\variant.cpp.o
                0x20070b08                Serial1
 .bss.Serial2   0x20070b30       0x28 C:\Users\khlee\AppData\Local\Temp\VMBCore\arduino16x\2e3b066dd31e5e5bbe281843617be094\variant\variant.cpp.o
                0x20070b30                Serial2
 .bss.Serial3   0x20070b58       0x28 C:\Users\khlee\AppData\Local\Temp\VMBCore\arduino16x\2e3b066dd31e5e5bbe281843617be094\variant\variant.cpp.o
                0x20070b58                Serial3
 .bss.tx_buffer3
                0x20070b80       0x88 C:\Users\khlee\AppData\Local\Temp\VMBCore\arduino16x\2e3b066dd31e5e5bbe281843617be094\variant\variant.cpp.o
                0x20070b80                tx_buffer3
 .bss.tx_buffer4
                0x20070c08       0x88 C:\Users\khlee\AppData\Local\Temp\VMBCore\arduino16x\2e3b066dd31e5e5bbe281843617be094\variant\variant.cpp.o
                0x20070c08                tx_buffer4
 .bss.g_pinStatus
                0x20070c90       0x4f C:\Users\khlee\AppData\Local\Temp\VMBCore\arduino16x\2e3b066dd31e5e5bbe281843617be094\variant\variant.cpp.o
                0x20070c90                g_pinStatus
 *fill*         0x20070cdf        0x1 
 .bss.rx_buffer2
                0x20070ce0       0x88 C:\Users\khlee\AppData\Local\Temp\VMBCore\arduino16x\2e3b066dd31e5e5bbe281843617be094\variant\variant.cpp.o
                0x20070ce0                rx_buffer2
 .bss.rx_buffer3
                0x20070d68       0x88 C:\Users\khlee\AppData\Local\Temp\VMBCore\arduino16x\2e3b066dd31e5e5bbe281843617be094\variant\variant.cpp.o
                0x20070d68                rx_buffer3
 .bss.rx_buffer4
                0x20070df0       0x88 C:\Users\khlee\AppData\Local\Temp\VMBCore\arduino16x\2e3b066dd31e5e5bbe281843617be094\variant\variant.cpp.o
                0x20070df0                rx_buffer4
 .bss.gpf_isr   0x20070e78        0x4 C:\Users\khlee\AppData\Local\arduino15\packages\arduino\hardware\sam\1.6.11\variants\arduino_due_x/libsam_sam3x8e_gcc_rel.a(uotghs.o)
                0x20070e78                gpf_isr
 .bss.heap.6420
                0x20070e7c        0x4 C:\Users\khlee\AppData\Local\Temp\VMBuilds\PPVC_UserboardV1\arduino_due_x_dbg\Debug/core.a(syscalls_sam3.c.o)
 .bss._cmark    0x20070e80        0x2 C:\Users\khlee\AppData\Local\Temp\VMBuilds\PPVC_UserboardV1\arduino_due_x_dbg\Debug/core.a(USBCore.cpp.o)
                0x20070e80                _cmark
 .bss._ZL14isEndpointHalt
                0x20070e82        0x1 C:\Users\khlee\AppData\Local\Temp\VMBuilds\PPVC_UserboardV1\arduino_due_x_dbg\Debug/core.a(USBCore.cpp.o)
 *fill*         0x20070e83        0x1 
 .bss._cdcComposite
                0x20070e84        0x4 C:\Users\khlee\AppData\Local\Temp\VMBuilds\PPVC_UserboardV1\arduino_due_x_dbg\Debug/core.a(USBCore.cpp.o)
                0x20070e84                _cdcComposite
 .bss._ZL21isRemoteWakeUpEnabled
                0x20070e88        0x1 C:\Users\khlee\AppData\Local\Temp\VMBuilds\PPVC_UserboardV1\arduino_due_x_dbg\Debug/core.a(USBCore.cpp.o)
 *fill*         0x20070e89        0x3 
 .bss._usbInitialized
                0x20070e8c        0x4 C:\Users\khlee\AppData\Local\Temp\VMBuilds\PPVC_UserboardV1\arduino_due_x_dbg\Debug/core.a(USBCore.cpp.o)
                0x20070e8c                _usbInitialized
 .bss.USBDevice
                0x20070e90        0x1 C:\Users\khlee\AppData\Local\Temp\VMBuilds\PPVC_UserboardV1\arduino_due_x_dbg\Debug/core.a(USBCore.cpp.o)
                0x20070e90                USBDevice
 *fill*         0x20070e91        0x3 
 .bss._usbSetInterface
                0x20070e94        0x4 C:\Users\khlee\AppData\Local\Temp\VMBuilds\PPVC_UserboardV1\arduino_due_x_dbg\Debug/core.a(USBCore.cpp.o)
                0x20070e94                _usbSetInterface
 .bss._cend     0x20070e98        0x2 C:\Users\khlee\AppData\Local\Temp\VMBuilds\PPVC_UserboardV1\arduino_due_x_dbg\Debug/core.a(USBCore.cpp.o)
                0x20070e98                _cend
 *fill*         0x20070e9a        0x2 
 .bss._usbConfiguration
                0x20070e9c        0x4 C:\Users\khlee\AppData\Local\Temp\VMBuilds\PPVC_UserboardV1\arduino_due_x_dbg\Debug/core.a(USBCore.cpp.o)
                0x20070e9c                _usbConfiguration
 .bss.cdc_rx_buffer
                0x20070ea0      0x208 C:\Users\khlee\AppData\Local\Temp\VMBuilds\PPVC_UserboardV1\arduino_due_x_dbg\Debug/core.a(CDC.cpp.o)
                0x20070ea0                cdc_rx_buffer
 .bss._ZZN7Serial_6acceptEvE5guard
                0x200710a8        0x4 C:\Users\khlee\AppData\Local\Temp\VMBuilds\PPVC_UserboardV1\arduino_due_x_dbg\Debug/core.a(CDC.cpp.o)
 .bss.SerialUSB
                0x200710ac       0x14 C:\Users\khlee\AppData\Local\Temp\VMBuilds\PPVC_UserboardV1\arduino_due_x_dbg\Debug/core.a(CDC.cpp.o)
                0x200710ac                SerialUSB
 .bss._ZZ12PluggableUSBvE3obj
                0x200710c0        0x8 C:\Users\khlee\AppData\Local\Temp\VMBuilds\PPVC_UserboardV1\arduino_due_x_dbg\Debug/core.a(PluggableUSB.cpp.o)
 .bss._ZGVZ12PluggableUSBvE3obj
                0x200710c8        0x4 C:\Users\khlee\AppData\Local\Temp\VMBuilds\PPVC_UserboardV1\arduino_due_x_dbg\Debug/core.a(PluggableUSB.cpp.o)
 .bss._dwTickCount
                0x200710cc        0x4 C:\Users\khlee\AppData\Local\arduino15\packages\arduino\hardware\sam\1.6.11\variants\arduino_due_x/libsam_sam3x8e_gcc_rel.a(timetick.o)
 .bss.ul_recv_fifo_ptr
                0x200710d0       0x28 C:\Users\khlee\AppData\Local\arduino15\packages\arduino\hardware\sam\1.6.11\variants\arduino_due_x/libsam_sam3x8e_gcc_rel.a(uotghs_device.o)
 .bss.ul_send_fifo_ptr
                0x200710f8       0x28 C:\Users\khlee\AppData\Local\arduino15\packages\arduino\hardware\sam\1.6.11\variants\arduino_due_x/libsam_sam3x8e_gcc_rel.a(uotghs_device.o)
 .bss.__malloc_max_total_mem
                0x20071120        0x4 c:/users/khlee/appdata/local/arduino15/packages/arduino/tools/arm-none-eabi-gcc/4.8.3-2014q1/bin/../lib/gcc/arm-none-eabi/4.8.3/../../../../arm-none-eabi/lib/armv7-m\libg.a(lib_a-mallocr.o)
                0x20071120                __malloc_max_total_mem
 .bss.__malloc_max_sbrked_mem
                0x20071124        0x4 c:/users/khlee/appdata/local/arduino15/packages/arduino/tools/arm-none-eabi-gcc/4.8.3-2014q1/bin/../lib/gcc/arm-none-eabi/4.8.3/../../../../arm-none-eabi/lib/armv7-m\libg.a(lib_a-mallocr.o)
                0x20071124                __malloc_max_sbrked_mem
 .bss.__malloc_top_pad
                0x20071128        0x4 c:/users/khlee/appdata/local/arduino15/packages/arduino/tools/arm-none-eabi-gcc/4.8.3-2014q1/bin/../lib/gcc/arm-none-eabi/4.8.3/../../../../arm-none-eabi/lib/armv7-m\libg.a(lib_a-mallocr.o)
                0x20071128                __malloc_top_pad
 .bss.__malloc_current_mallinfo
                0x2007112c       0x28 c:/users/khlee/appdata/local/arduino15/packages/arduino/tools/arm-none-eabi-gcc/4.8.3-2014q1/bin/../lib/gcc/arm-none-eabi/4.8.3/../../../../arm-none-eabi/lib/armv7-m\libg.a(lib_a-mallocr.o)
                0x2007112c                __malloc_current_mallinfo
 *(COMMON)
 COMMON         0x20071154        0x4 c:/users/khlee/appdata/local/arduino15/packages/arduino/tools/arm-none-eabi-gcc/4.8.3-2014q1/bin/../lib/gcc/arm-none-eabi/4.8.3/../../../../arm-none-eabi/lib/armv7-m\libg.a(lib_a-reent.o)
                0x20071154                errno
                0x20071158                . = ALIGN (0x4)
                0x20071158                _ebss = .
                0x20071158                _ezero = .
                0x20071158                . = ALIGN (0x4)
                0x20071158                _end = .

.stack_dummy    0x20071158        0x0
 *(.stack*)
                0x20088000                __StackTop = (ORIGIN (ram) + 0x18000)
                0x20088000                __StackLimit = (__StackTop - SIZEOF (.stack_dummy))
                0x20088000                PROVIDE (_sstack, __StackLimit)
                0x20088000                PROVIDE (_estack, __StackTop)
OUTPUT(C:\Users\khlee\AppData\Local\Temp\VMBuilds\PPVC_UserboardV1\arduino_due_x_dbg\Debug/PPVC_UserboardV1.ino.elf elf32-littlearm)

.ARM.attributes
                0x00000000       0x29
 .ARM.attributes
                0x00000000       0x1d c:/users/khlee/appdata/local/arduino15/packages/arduino/tools/arm-none-eabi-gcc/4.8.3-2014q1/bin/../lib/gcc/arm-none-eabi/4.8.3/armv7-m/crti.o
 .ARM.attributes
                0x0000001d       0x2d c:/users/khlee/appdata/local/arduino15/packages/arduino/tools/arm-none-eabi-gcc/4.8.3-2014q1/bin/../lib/gcc/arm-none-eabi/4.8.3/armv7-m/crtbegin.o
 .ARM.attributes
                0x0000004a       0x33 C:\Users\khlee\AppData\Local\Temp\VMBuilds\PPVC_UserboardV1\arduino_due_x_dbg\Debug\PPVC_UserboardV1.cpp.o
 .ARM.attributes
                0x0000007d       0x33 C:\Users\khlee\AppData\Local\Temp\VMBuilds\PPVC_UserboardV1\arduino_due_x_dbg\Debug\VM_DBG\VM_DBG.cpp.o
 .ARM.attributes
                0x000000b0       0x33 C:\Users\khlee\AppData\Local\Temp\VMBCore\arduino16x\2e3b066dd31e5e5bbe281843617be094\variant\variant.cpp.o
 .ARM.attributes
                0x000000e3       0x33 C:\Users\khlee\AppData\Local\arduino15\packages\arduino\hardware\sam\1.6.11\variants\arduino_due_x/libsam_sam3x8e_gcc_rel.a(pio.o)
 .ARM.attributes
                0x00000116       0x33 C:\Users\khlee\AppData\Local\arduino15\packages\arduino\hardware\sam\1.6.11\variants\arduino_due_x/libsam_sam3x8e_gcc_rel.a(pmc.o)
 .ARM.attributes
                0x00000149       0x33 C:\Users\khlee\AppData\Local\arduino15\packages\arduino\hardware\sam\1.6.11\variants\arduino_due_x/libsam_sam3x8e_gcc_rel.a(system_sam3xa.o)
 .ARM.attributes
                0x0000017c       0x33 C:\Users\khlee\AppData\Local\arduino15\packages\arduino\hardware\sam\1.6.11\variants\arduino_due_x/libsam_sam3x8e_gcc_rel.a(startup_sam3xa.o)
 .ARM.attributes
                0x000001af       0x33 C:\Users\khlee\AppData\Local\arduino15\packages\arduino\hardware\sam\1.6.11\variants\arduino_due_x/libsam_sam3x8e_gcc_rel.a(adc.o)
 .ARM.attributes
                0x000001e2       0x33 C:\Users\khlee\AppData\Local\arduino15\packages\arduino\hardware\sam\1.6.11\variants\arduino_due_x/libsam_sam3x8e_gcc_rel.a(uotghs.o)
 .ARM.attributes
                0x00000215       0x33 C:\Users\khlee\AppData\Local\Temp\VMBuilds\PPVC_UserboardV1\arduino_due_x_dbg\Debug/core.a(cortex_handlers.c.o)
 .ARM.attributes
                0x00000248       0x33 C:\Users\khlee\AppData\Local\Temp\VMBuilds\PPVC_UserboardV1\arduino_due_x_dbg\Debug/core.a(hooks.c.o)
 .ARM.attributes
                0x0000027b       0x33 C:\Users\khlee\AppData\Local\Temp\VMBuilds\PPVC_UserboardV1\arduino_due_x_dbg\Debug/core.a(syscalls_sam3.c.o)
 .ARM.attributes
                0x000002ae       0x33 C:\Users\khlee\AppData\Local\Temp\VMBuilds\PPVC_UserboardV1\arduino_due_x_dbg\Debug/core.a(wiring.c.o)
 .ARM.attributes
                0x000002e1       0x33 C:\Users\khlee\AppData\Local\Temp\VMBuilds\PPVC_UserboardV1\arduino_due_x_dbg\Debug/core.a(wiring_analog.c.o)
 .ARM.attributes
                0x00000314       0x33 C:\Users\khlee\AppData\Local\Temp\VMBuilds\PPVC_UserboardV1\arduino_due_x_dbg\Debug/core.a(wiring_digital.c.o)
 .ARM.attributes
                0x00000347       0x33 C:\Users\khlee\AppData\Local\Temp\VMBuilds\PPVC_UserboardV1\arduino_due_x_dbg\Debug/core.a(main.cpp.o)
 .ARM.attributes
                0x0000037a       0x33 C:\Users\khlee\AppData\Local\Temp\VMBuilds\PPVC_UserboardV1\arduino_due_x_dbg\Debug/core.a(Print.cpp.o)
 .ARM.attributes
                0x000003ad       0x33 C:\Users\khlee\AppData\Local\Temp\VMBuilds\PPVC_UserboardV1\arduino_due_x_dbg\Debug/core.a(Reset.cpp.o)
 .ARM.attributes
                0x000003e0       0x33 C:\Users\khlee\AppData\Local\Temp\VMBuilds\PPVC_UserboardV1\arduino_due_x_dbg\Debug/core.a(RingBuffer.cpp.o)
 .ARM.attributes
                0x00000413       0x33 C:\Users\khlee\AppData\Local\Temp\VMBuilds\PPVC_UserboardV1\arduino_due_x_dbg\Debug/core.a(UARTClass.cpp.o)
 .ARM.attributes
                0x00000446       0x33 C:\Users\khlee\AppData\Local\Temp\VMBuilds\PPVC_UserboardV1\arduino_due_x_dbg\Debug/core.a(USARTClass.cpp.o)
 .ARM.attributes
                0x00000479       0x33 C:\Users\khlee\AppData\Local\Temp\VMBuilds\PPVC_UserboardV1\arduino_due_x_dbg\Debug/core.a(watchdog.cpp.o)
 .ARM.attributes
                0x000004ac       0x33 C:\Users\khlee\AppData\Local\Temp\VMBuilds\PPVC_UserboardV1\arduino_due_x_dbg\Debug/core.a(USBCore.cpp.o)
 .ARM.attributes
                0x000004df       0x33 C:\Users\khlee\AppData\Local\Temp\VMBuilds\PPVC_UserboardV1\arduino_due_x_dbg\Debug/core.a(CDC.cpp.o)
 .ARM.attributes
                0x00000512       0x33 C:\Users\khlee\AppData\Local\Temp\VMBuilds\PPVC_UserboardV1\arduino_due_x_dbg\Debug/core.a(PluggableUSB.cpp.o)
 .ARM.attributes
                0x00000545       0x33 C:\Users\khlee\AppData\Local\arduino15\packages\arduino\hardware\sam\1.6.11\variants\arduino_due_x/libsam_sam3x8e_gcc_rel.a(timetick.o)
 .ARM.attributes
                0x00000578       0x33 C:\Users\khlee\AppData\Local\arduino15\packages\arduino\hardware\sam\1.6.11\variants\arduino_due_x/libsam_sam3x8e_gcc_rel.a(wdt.o)
 .ARM.attributes
                0x000005ab       0x33 C:\Users\khlee\AppData\Local\arduino15\packages\arduino\hardware\sam\1.6.11\variants\arduino_due_x/libsam_sam3x8e_gcc_rel.a(interrupt_sam_nvic.o)
 .ARM.attributes
                0x000005de       0x33 C:\Users\khlee\AppData\Local\arduino15\packages\arduino\hardware\sam\1.6.11\variants\arduino_due_x/libsam_sam3x8e_gcc_rel.a(uotghs_device.o)
 .ARM.attributes
                0x00000611       0x2d c:/users/khlee/appdata/local/arduino15/packages/arduino/tools/arm-none-eabi-gcc/4.8.3-2014q1/bin/../lib/gcc/arm-none-eabi/4.8.3/../../../../arm-none-eabi/lib/armv7-m\libg.a(lib_a-impure.o)
 .ARM.attributes
                0x0000063e       0x2d c:/users/khlee/appdata/local/arduino15/packages/arduino/tools/arm-none-eabi-gcc/4.8.3-2014q1/bin/../lib/gcc/arm-none-eabi/4.8.3/../../../../arm-none-eabi/lib/armv7-m\libg.a(lib_a-init.o)
 .ARM.attributes
                0x0000066b       0x2d c:/users/khlee/appdata/local/arduino15/packages/arduino/tools/arm-none-eabi-gcc/4.8.3-2014q1/bin/../lib/gcc/arm-none-eabi/4.8.3/../../../../arm-none-eabi/lib/armv7-m\libg.a(lib_a-iprintf.o)
 .ARM.attributes
                0x00000698       0x2d c:/users/khlee/appdata/local/arduino15/packages/arduino/tools/arm-none-eabi-gcc/4.8.3-2014q1/bin/../lib/gcc/arm-none-eabi/4.8.3/../../../../arm-none-eabi/lib/armv7-m\libg.a(lib_a-memset.o)
 .ARM.attributes
                0x000006c5       0x2d c:/users/khlee/appdata/local/arduino15/packages/arduino/tools/arm-none-eabi-gcc/4.8.3-2014q1/bin/../lib/gcc/arm-none-eabi/4.8.3/../../../../arm-none-eabi/lib/armv7-m\libg.a(lib_a-strlen.o)
 .ARM.attributes
                0x000006f2       0x2d c:/users/khlee/appdata/local/arduino15/packages/arduino/tools/arm-none-eabi-gcc/4.8.3-2014q1/bin/../lib/gcc/arm-none-eabi/4.8.3/../../../../arm-none-eabi/lib/armv7-m\libg.a(lib_a-syskill.o)
 .ARM.attributes
                0x0000071f       0x2d c:/users/khlee/appdata/local/arduino15/packages/arduino/tools/arm-none-eabi-gcc/4.8.3-2014q1/bin/../lib/gcc/arm-none-eabi/4.8.3/../../../../arm-none-eabi/lib/armv7-m\libg.a(lib_a-vfiprintf.o)
 .ARM.attributes
                0x0000074c       0x2d c:/users/khlee/appdata/local/arduino15/packages/arduino/tools/arm-none-eabi-gcc/4.8.3-2014q1/bin/../lib/gcc/arm-none-eabi/4.8.3/../../../../arm-none-eabi/lib/armv7-m\libg.a(lib_a-wsetup.o)
 .ARM.attributes
                0x00000779       0x2d c:/users/khlee/appdata/local/arduino15/packages/arduino/tools/arm-none-eabi-gcc/4.8.3-2014q1/bin/../lib/gcc/arm-none-eabi/4.8.3/../../../../arm-none-eabi/lib/armv7-m\libg.a(lib_a-__call_atexit.o)
 .ARM.attributes
                0x000007a6       0x2d c:/users/khlee/appdata/local/arduino15/packages/arduino/tools/arm-none-eabi-gcc/4.8.3-2014q1/bin/../lib/gcc/arm-none-eabi/4.8.3/../../../../arm-none-eabi/lib/armv7-m\libg.a(lib_a-atexit.o)
 .ARM.attributes
                0x000007d3       0x2d c:/users/khlee/appdata/local/arduino15/packages/arduino/tools/arm-none-eabi-gcc/4.8.3-2014q1/bin/../lib/gcc/arm-none-eabi/4.8.3/../../../../arm-none-eabi/lib/armv7-m\libg.a(lib_a-fflush.o)
 .ARM.attributes
                0x00000800       0x2d c:/users/khlee/appdata/local/arduino15/packages/arduino/tools/arm-none-eabi-gcc/4.8.3-2014q1/bin/../lib/gcc/arm-none-eabi/4.8.3/../../../../arm-none-eabi/lib/armv7-m\libg.a(lib_a-findfp.o)
 .ARM.attributes
                0x0000082d       0x2d c:/users/khlee/appdata/local/arduino15/packages/arduino/tools/arm-none-eabi-gcc/4.8.3-2014q1/bin/../lib/gcc/arm-none-eabi/4.8.3/../../../../arm-none-eabi/lib/armv7-m\libg.a(lib_a-fini.o)
 .ARM.attributes
                0x0000085a       0x2d c:/users/khlee/appdata/local/arduino15/packages/arduino/tools/arm-none-eabi-gcc/4.8.3-2014q1/bin/../lib/gcc/arm-none-eabi/4.8.3/../../../../arm-none-eabi/lib/armv7-m\libg.a(lib_a-fputwc.o)
 .ARM.attributes
                0x00000887       0x2d c:/users/khlee/appdata/local/arduino15/packages/arduino/tools/arm-none-eabi-gcc/4.8.3-2014q1/bin/../lib/gcc/arm-none-eabi/4.8.3/../../../../arm-none-eabi/lib/armv7-m\libg.a(lib_a-freer.o)
 .ARM.attributes
                0x000008b4       0x2d c:/users/khlee/appdata/local/arduino15/packages/arduino/tools/arm-none-eabi-gcc/4.8.3-2014q1/bin/../lib/gcc/arm-none-eabi/4.8.3/../../../../arm-none-eabi/lib/armv7-m\libg.a(lib_a-fvwrite.o)
 .ARM.attributes
                0x000008e1       0x2d c:/users/khlee/appdata/local/arduino15/packages/arduino/tools/arm-none-eabi-gcc/4.8.3-2014q1/bin/../lib/gcc/arm-none-eabi/4.8.3/../../../../arm-none-eabi/lib/armv7-m\libg.a(lib_a-fwalk.o)
 .ARM.attributes
                0x0000090e       0x2d c:/users/khlee/appdata/local/arduino15/packages/arduino/tools/arm-none-eabi-gcc/4.8.3-2014q1/bin/../lib/gcc/arm-none-eabi/4.8.3/../../../../arm-none-eabi/lib/armv7-m\libg.a(lib_a-locale.o)
 .ARM.attributes
                0x0000093b       0x2d c:/users/khlee/appdata/local/arduino15/packages/arduino/tools/arm-none-eabi-gcc/4.8.3-2014q1/bin/../lib/gcc/arm-none-eabi/4.8.3/../../../../arm-none-eabi/lib/armv7-m\libg.a(lib_a-makebuf.o)
 .ARM.attributes